1 test> show dbs
admin   0.000GB
blog    0.000GB
config  0.000GB
local   0.000GB
one     0.000GB
test    0.006GB
two     0.000GB
2 test> use one
switched to db one
3 one> sayHi()
Hi!
4 one> function sayHello() { print('Hello') }
5 one> sayHello()
Hello
6 one> let person = {first: 'Joe'}
7 one> person
{ "first" : "Joe" }
8 one> edit person
uncaught exception: SyntaxError: redeclaration of let person :
@(shell):1:1
9 one> person
{ "first" : "Joe", "last" : "Biden" }
10 one> x = {}
{ }
11 one> edit x
12 one> x
{ "foo" : 5 }
13 one> help
        db.help()                    help on db methods
        db.mycoll.help()             help on collection methods
        sh.help()                    sharding helpers
        rs.help()                    replica set helpers
        help admin                   administrative help
        help connect                 connecting to a db help
        help keys                    key shortcuts
        help misc                    misc things to know
        help mr                      mapreduce

        show dbs                     show database names
        show collections             show collections in current database
        show users                   show users in current database
        show profile                 show most recent system.profile entries with time >= 1ms
        show logs                    show the accessible logger names
        show log [name]              prints out the last segment of log in memory, 'global' is default
        use <db_name>                set current database
        db.mycoll.find()             list objects in collection mycoll
        db.mycoll.find( { a : 1 } )  list objects in mycoll where a == 1
        it                           result of the last line evaluated; use to further iterate
        DBQuery.shellBatchSize = x   set default number of items to display on shell
        exit                         quit the mongo shell
14 one> show dbs
admin   0.000GB
blog    0.000GB
config  0.000GB
local   0.000GB
one     0.000GB
test    0.006GB
two     0.000GB
15 one> use one
switched to db one
16 one> show collections
presidents
17 one> db.foo.insertOne({foo: 5})
{
        "acknowledged" : true,
        "insertedId" : ObjectId("6040300dd598dcb7996f6977")
}
18 one> show collections
foo
presidents
19 one> db.foo.find()
{ "_id" : ObjectId("6040300dd598dcb7996f6977"), "foo" : 5 }
20 one> db.foo.findMany()
uncaught exception: TypeError: db.foo.findMany is not a function :
@(shell):1:1
21 one> db.foo.find()
{ "_id" : ObjectId("6040300dd598dcb7996f6977"), "foo" : 5 }
22 one> db.presidents.find().pretty()
{
        "_id" : ObjectId("603bc8d8a951970cb8c5b2a2"),
        "name" : "Barack Hussein Obama",
        "year" : "2014"
}
{
        "_id" : ObjectId("603bc8d8a951970cb8c5b2a3"),
        "name" : "Donald Trump",
        "year" : "2017"
}
{
        "_id" : ObjectId("603bc8d8a951970cb8c5b2a4"),
        "name" : "Joe Biden",
        "year" : "2021"
}
23 one> db.presidents.findOne()
{
        "_id" : ObjectId("603bc8d8a951970cb8c5b2a2"),
        "name" : "Barack Hussein Obama",
        "year" : "2014"
}
24 one> db.presidents.insertOne({foo: 5})
{
        "acknowledged" : true,
        "insertedId" : ObjectId("604030e0d598dcb7996f6978")
}
25 one> db.presidents.find().pretty()
{
        "_id" : ObjectId("603bc8d8a951970cb8c5b2a2"),
        "name" : "Barack Hussein Obama",
        "year" : "2014"
}
{
        "_id" : ObjectId("603bc8d8a951970cb8c5b2a3"),
        "name" : "Donald Trump",
        "year" : "2017"
}
{
        "_id" : ObjectId("603bc8d8a951970cb8c5b2a4"),
        "name" : "Joe Biden",
        "year" : "2021"
}
{ "_id" : ObjectId("604030e0d598dcb7996f6978"), "foo" : 5 }
26 one> db.presidents.insertOne({foo: 5, _id: 5})
{ "acknowledged" : true, "insertedId" : 5 }
27 one> db.presidents.find().pretty()
{
        "_id" : ObjectId("603bc8d8a951970cb8c5b2a2"),
        "name" : "Barack Hussein Obama",
        "year" : "2014"
}
{
        "_id" : ObjectId("603bc8d8a951970cb8c5b2a3"),
        "name" : "Donald Trump",
        "year" : "2017"
}
{
        "_id" : ObjectId("603bc8d8a951970cb8c5b2a4"),
        "name" : "Joe Biden",
        "year" : "2021"
}
{ "_id" : ObjectId("604030e0d598dcb7996f6978"), "foo" : 5 }
{ "_id" : 5, "foo" : 5 }
28 one> db.presidents.insertOne({foo: 5, _id: 5})
WriteError({
        "index" : 0,
        "code" : 11000,
        "errmsg" : "E11000 duplicate key error collection: one.presidents index: _id_ dup key: { _id: 5.0 }",
        "op" : {
                "foo" : 5,
                "_id" : 5
        }
}) :
WriteError({
        "index" : 0,
        "code" : 11000,
        "errmsg" : "E11000 duplicate key error collection: one.presidents index: _id_ dup key: { _id: 5.0 }",
        "op" : {
                "foo" : 5,
                "_id" : 5
        }
})
WriteError@src/mongo/shell/bulk_api.js:458:48
mergeBatchResults@src/mongo/shell/bulk_api.js:855:49
executeBatch@src/mongo/shell/bulk_api.js:919:13
Bulk/this.execute@src/mongo/shell/bulk_api.js:1163:21
DBCollection.prototype.insertOne@src/mongo/shell/crud_api.js:264:9
@(shell):1:1
29 one> db.presidents.find().pretty()
{
        "_id" : ObjectId("603bc8d8a951970cb8c5b2a2"),
        "name" : "Barack Hussein Obama",
        "year" : "2014"
}
{
        "_id" : ObjectId("603bc8d8a951970cb8c5b2a3"),
        "name" : "Donald Trump",
        "year" : "2017"
}
{
        "_id" : ObjectId("603bc8d8a951970cb8c5b2a4"),
        "name" : "Joe Biden",
        "year" : "2021"
}
{ "_id" : ObjectId("604030e0d598dcb7996f6978"), "foo" : 5 }
{ "_id" : 5, "foo" : 5 }
30 one> db.presidents.find({_id: 5}).pretty()
{ "_id" : 5, "foo" : 5 }
31 one> db.presidents.find({_id: 6}).pretty()
32 one> db.presidents.find({_id: ObjectId("603bc8d8a951970cb8c5b2a4") }).pretty()
{
        "_id" : ObjectId("603bc8d8a951970cb8c5b2a4"),
        "name" : "Joe Biden",
        "year" : "2021"
}
33 one> db.presidents.find({_id: 603bc8d8a951970cb8c5b2a4 }).pretty()
uncaught exception: SyntaxError: identifier starts immediately after numeric literal :
@(shell):1:25
34 one> db.presidents.find({_id: "603bc8d8a951970cb8c5b2a4" }).pretty()
35 one> db.presidents.find({_id: ObjectId("603bc8d8a951970cb8c5b2a4") }).pretty()
{
        "_id" : ObjectId("603bc8d8a951970cb8c5b2a4"),
        "name" : "Joe Biden",
        "year" : "2021"
}
36 one> db.presidents.insertMany({name: "Bill Clinton", year: 2008}, {name: 'George Bush', year: 2000})
uncaught exception: TypeError: documents.map is not a function :
DBCollection.prototype.insertMany@src/mongo/shell/crud_api.js:307:17
@(shell):1:1
37 one> db.presidents.insertMany({name: "Bill Clinton", year: 2008}, {name: 'George Bush', year: 2000})
uncaught exception: TypeError: documents.map is not a function :
DBCollection.prototype.insertMany@src/mongo/shell/crud_api.js:307:17
@(shell):1:1
38 one> db.presidents.insertMany({"name": "Bill Clinton", "year": 2008}, {"name": "George Bush", year: 2000})
uncaught exception: TypeError: documents.map is not a function :
DBCollection.prototype.insertMany@src/mongo/shell/crud_api.js:307:17
@(shell):1:1
39 one> db.presidents.insertMany([{"name": "Bill Clinton", "year": 2008}, {"name": "George Bush", year: 2000}])
{
        "acknowledged" : true,
        "insertedIds" : [
                ObjectId("60403329d598dcb7996f6979"),
                ObjectId("60403329d598dcb7996f697a")
        ]
}
40 one> db.presidents.find().pretty()
{
        "_id" : ObjectId("603bc8d8a951970cb8c5b2a2"),
        "name" : "Barack Hussein Obama",
        "year" : "2014"
}
{
        "_id" : ObjectId("603bc8d8a951970cb8c5b2a3"),
        "name" : "Donald Trump",
        "year" : "2017"
}
{
        "_id" : ObjectId("603bc8d8a951970cb8c5b2a4"),
        "name" : "Joe Biden",
        "year" : "2021"
}
{ "_id" : ObjectId("604030e0d598dcb7996f6978"), "foo" : 5 }
{ "_id" : 5, "foo" : 5 }
{
        "_id" : ObjectId("60403329d598dcb7996f6979"),
        "name" : "Bill Clinton",
        "year" : 2008
}
{
        "_id" : ObjectId("60403329d598dcb7996f697a"),
        "name" : "George Bush",
        "year" : 2000
}
41 one> db.presidents.deleteOne({_id: ObjectId("604030e0d598dcb7996f6978")})
{ "acknowledged" : true, "deletedCount" : 1 }
42 one> db.presidents.deleteOne({_id: 5)
...
...
43 one>
44 one> db.presidents.deleteOne({_id: 5})
{ "acknowledged" : true, "deletedCount" : 1 }
45 one> db.presidents.find().pretty()
{
        "_id" : ObjectId("603bc8d8a951970cb8c5b2a2"),
        "name" : "Barack Hussein Obama",
        "year" : "2014"
}
{
        "_id" : ObjectId("603bc8d8a951970cb8c5b2a3"),
        "name" : "Donald Trump",
        "year" : "2017"
}
{
        "_id" : ObjectId("603bc8d8a951970cb8c5b2a4"),
        "name" : "Joe Biden",
        "year" : "2021"
}
{
        "_id" : ObjectId("60403329d598dcb7996f6979"),
        "name" : "Bill Clinton",
        "year" : 2008
}
{
        "_id" : ObjectId("60403329d598dcb7996f697a"),
        "name" : "George Bush",
        "year" : 2000
}
46 one> db.presidents.update({name: 'Joe Biden'}, {vp: 'Kamala Harris'})
WriteResult({ "nMatched" : 1, "nUpserted" : 0, "nModified" : 1 })
47 one> db.presidents.find().pretty()
{
        "_id" : ObjectId("603bc8d8a951970cb8c5b2a2"),
        "name" : "Barack Hussein Obama",
        "year" : "2014"
}
{
        "_id" : ObjectId("603bc8d8a951970cb8c5b2a3"),
        "name" : "Donald Trump",
        "year" : "2017"
}
{ "_id" : ObjectId("603bc8d8a951970cb8c5b2a4"), "vp" : "Kamala Harris" }
{
        "_id" : ObjectId("60403329d598dcb7996f6979"),
        "name" : "Bill Clinton",
        "year" : 2008
}
{
        "_id" : ObjectId("60403329d598dcb7996f697a"),
        "name" : "George Bush",
        "year" : 2000
}
48 one> db.presidents.updateOne({name: 'Joe Biden'}, {vp: 'Kamala Harris'})
uncaught exception: Error: the update operation document must contain atomic operators :
DBCollection.prototype.updateOne@src/mongo/shell/crud_api.js:565:19
@(shell):1:1
49 one> db.presidents.updateMany({name: 'Joe Biden'}, {vp: 'Kamala Harris'})
uncaught exception: Error: the update operation document must contain atomic operators :
DBCollection.prototype.updateMany@src/mongo/shell/crud_api.js:655:19
@(shell):1:1
50 one> db.presidents.find({}, {name: 1})
{ "_id" : ObjectId("603bc8d8a951970cb8c5b2a2"), "name" : "Barack Hussein Obama" }
{ "_id" : ObjectId("603bc8d8a951970cb8c5b2a3"), "name" : "Donald Trump" }
{ "_id" : ObjectId("603bc8d8a951970cb8c5b2a4") }
{ "_id" : ObjectId("60403329d598dcb7996f6979"), "name" : "Bill Clinton" }
{ "_id" : ObjectId("60403329d598dcb7996f697a"), "name" : "George Bush" }
51 one> db.presidents.find({}, {name: 1, _id: 0})
{ "name" : "Barack Hussein Obama" }
{ "name" : "Donald Trump" }
{  }
{ "name" : "Bill Clinton" }
{ "name" : "George Bush" }
52 one> db.presidents.find({}, {name: 0})
{ "_id" : ObjectId("603bc8d8a951970cb8c5b2a2"), "year" : "2014" }
{ "_id" : ObjectId("603bc8d8a951970cb8c5b2a3"), "year" : "2017" }
{ "_id" : ObjectId("603bc8d8a951970cb8c5b2a4"), "vp" : "Kamala Harris" }
{ "_id" : ObjectId("60403329d598dcb7996f6979"), "year" : 2008 }
{ "_id" : ObjectId("60403329d598dcb7996f697a"), "year" : 2000 }
53 one> db.presidents.find({}, {name: 1, vp: 1, _id: 0})
{ "name" : "Barack Hussein Obama" }
{ "name" : "Donald Trump" }
{ "vp" : "Kamala Harris" }
{ "name" : "Bill Clinton" }
{ "name" : "George Bush" }
54 one> db.presidents.find().sort({year: 1})
{ "_id" : ObjectId("603bc8d8a951970cb8c5b2a4"), "vp" : "Kamala Harris" }
{ "_id" : ObjectId("60403329d598dcb7996f697a"), "name" : "George Bush", "year" : 2000 }
{ "_id" : ObjectId("60403329d598dcb7996f6979"), "name" : "Bill Clinton", "year" : 2008 }
{ "_id" : ObjectId("603bc8d8a951970cb8c5b2a2"), "name" : "Barack Hussein Obama", "year" : "2014" }
{ "_id" : ObjectId("603bc8d8a951970cb8c5b2a3"), "name" : "Donald Trump", "year" : "2017" }
55 one> db.presidents.find().sort({year: -1})
{ "_id" : ObjectId("603bc8d8a951970cb8c5b2a3"), "name" : "Donald Trump", "year" : "2017" }
{ "_id" : ObjectId("603bc8d8a951970cb8c5b2a2"), "name" : "Barack Hussein Obama", "year" : "2014" }
{ "_id" : ObjectId("60403329d598dcb7996f6979"), "name" : "Bill Clinton", "year" : 2008 }
{ "_id" : ObjectId("60403329d598dcb7996f697a"), "name" : "George Bush", "year" : 2000 }
{ "_id" : ObjectId("603bc8d8a951970cb8c5b2a4"), "vp" : "Kamala Harris" }
56 one> db.presidents.insertOne({name: 'Heorge Bush', year: 2000})
{
        "acknowledged" : true,
        "insertedId" : ObjectId("604035a5d598dcb7996f697b")
}
57 one> db.presidents.find().sort({year: -1})
{ "_id" : ObjectId("603bc8d8a951970cb8c5b2a3"), "name" : "Donald Trump", "year" : "2017" }
{ "_id" : ObjectId("603bc8d8a951970cb8c5b2a2"), "name" : "Barack Hussein Obama", "year" : "2014" }
{ "_id" : ObjectId("60403329d598dcb7996f6979"), "name" : "Bill Clinton", "year" : 2008 }
{ "_id" : ObjectId("60403329d598dcb7996f697a"), "name" : "George Bush", "year" : 2000 }
{ "_id" : ObjectId("604035a5d598dcb7996f697b"), "name" : "Heorge Bush", "year" : 2000 }
{ "_id" : ObjectId("603bc8d8a951970cb8c5b2a4"), "vp" : "Kamala Harris" }
58 one> db.presidents.find().sort({year: -1, name: -1})
{ "_id" : ObjectId("603bc8d8a951970cb8c5b2a3"), "name" : "Donald Trump", "year" : "2017" }
{ "_id" : ObjectId("603bc8d8a951970cb8c5b2a2"), "name" : "Barack Hussein Obama", "year" : "2014" }
{ "_id" : ObjectId("60403329d598dcb7996f6979"), "name" : "Bill Clinton", "year" : 2008 }
{ "_id" : ObjectId("604035a5d598dcb7996f697b"), "name" : "Heorge Bush", "year" : 2000 }
{ "_id" : ObjectId("60403329d598dcb7996f697a"), "name" : "George Bush", "year" : 2000 }
{ "_id" : ObjectId("603bc8d8a951970cb8c5b2a4"), "vp" : "Kamala Harris" }
59 one> db.presidents.find().sort({year: -1, name: 1})
{ "_id" : ObjectId("603bc8d8a951970cb8c5b2a3"), "name" : "Donald Trump", "year" : "2017" }
{ "_id" : ObjectId("603bc8d8a951970cb8c5b2a2"), "name" : "Barack Hussein Obama", "year" : "2014" }
{ "_id" : ObjectId("60403329d598dcb7996f6979"), "name" : "Bill Clinton", "year" : 2008 }
{ "_id" : ObjectId("60403329d598dcb7996f697a"), "name" : "George Bush", "year" : 2000 }
{ "_id" : ObjectId("604035a5d598dcb7996f697b"), "name" : "Heorge Bush", "year" : 2000 }
{ "_id" : ObjectId("603bc8d8a951970cb8c5b2a4"), "vp" : "Kamala Harris" }
60 one> load('D:\\xampp\\htdocs\\class\\javascript\\105\\mongoFunction.js')
true
61 one> show collections
foo
presidents
62 one> createDocuments('foo', 20)
63 one> db.foo.find().pretty()
{ "_id" : ObjectId("6040300dd598dcb7996f6977"), "foo" : 5 }
{ "_id" : ObjectId("604036e3d598dcb7996f697c"), "docNumber" : 0 }
{ "_id" : ObjectId("604036e3d598dcb7996f697d"), "docNumber" : 1 }
{ "_id" : ObjectId("604036e3d598dcb7996f697e"), "docNumber" : 2 }
{ "_id" : ObjectId("604036e3d598dcb7996f697f"), "docNumber" : 3 }
{ "_id" : ObjectId("604036e3d598dcb7996f6980"), "docNumber" : 4 }
{ "_id" : ObjectId("604036e3d598dcb7996f6981"), "docNumber" : 5 }
{ "_id" : ObjectId("604036e3d598dcb7996f6982"), "docNumber" : 6 }
{ "_id" : ObjectId("604036e3d598dcb7996f6983"), "docNumber" : 7 }
{ "_id" : ObjectId("604036e3d598dcb7996f6984"), "docNumber" : 8 }
{ "_id" : ObjectId("604036e3d598dcb7996f6985"), "docNumber" : 9 }
{ "_id" : ObjectId("604036e3d598dcb7996f6986"), "docNumber" : 10 }
{ "_id" : ObjectId("604036e3d598dcb7996f6987"), "docNumber" : 11 }
{ "_id" : ObjectId("604036e3d598dcb7996f6988"), "docNumber" : 12 }
{ "_id" : ObjectId("604036e3d598dcb7996f6989"), "docNumber" : 13 }
{ "_id" : ObjectId("604036e3d598dcb7996f698a"), "docNumber" : 14 }
{ "_id" : ObjectId("604036e3d598dcb7996f698b"), "docNumber" : 15 }
{ "_id" : ObjectId("604036e3d598dcb7996f698c"), "docNumber" : 16 }
{ "_id" : ObjectId("604036e3d598dcb7996f698d"), "docNumber" : 17 }
{ "_id" : ObjectId("604036e3d598dcb7996f698e"), "docNumber" : 18 }
Type "it" for more
64 one> it
{ "_id" : ObjectId("604036e3d598dcb7996f698f"), "docNumber" : 19 }
65 one>
66 one>
67 one>
68 one> show dbs
admin   0.000GB
blog    0.000GB
config  0.000GB
local   0.000GB
one     0.000GB
test    0.006GB
two     0.000GB
69 one> use test
switched to db test
70 test> show collections
bank_data
71 test> db.bank_data.count()
50000
72 test> db.bank_data.find().pretty()
{
        "_id" : ObjectId("603ec8b3df61cc6d1d7d663d"),
        "first_name" : "WILLIAM",
        "last_name" : "SMITH",
        "accounts" : [
                {
                        "account_type" : "401K",
                        "account_balance" : 2497138.738978415,
                        "currency" : "PESO"
                },
                {
                        "account_type" : "Checking",
                        "account_balance" : 405606.12124239095,
                        "currency" : "PESO"
                },
                {
                        "account_type" : "Investment",
                        "account_balance" : 9149015.783455048,
                        "currency" : "PESO"
                },
                {
                        "account_type" : "401K",
                        "account_balance" : 8797914.360492531,
                        "currency" : "YUAN"
                }
        ]
}
{
        "_id" : ObjectId("603ec8b3df61cc6d1d7d663e"),
        "first_name" : "DAVID",
        "last_name" : "SMITH",
        "accounts" : [
                {
                        "account_type" : "Savings",
                        "account_balance" : 8857597.106995674,
                        "currency" : "POUNDS STERLING"
                },
                {
                        "account_type" : "Checking",
                        "account_balance" : 471237.47356353,
                        "currency" : "USD"
                },
                {
                        "account_type" : "Investment",
                        "account_balance" : 2834734.162895667,
                        "currency" : "USD"
                },
                {
                        "account_type" : "401K",
                        "account_balance" : 6177092.375456998,
                        "currency" : "USD"
                }
        ]
}
{
        "_id" : ObjectId("603ec8b3df61cc6d1d7d663f"),
        "first_name" : "CHARLES",
        "last_name" : "SMITH",
        "accounts" : [
                {
                        "account_type" : "401K",
                        "account_balance" : 7959552.738209671,
                        "currency" : "PESO"
                },
                {
                        "account_type" : "Savings",
                        "account_balance" : 7586797.95113736,
                        "currency" : "USD"
                },
                {
                        "account_type" : "401K",
                        "account_balance" : 3000642.5318386676,
                        "currency" : "YUAN"
                },
                {
                        "account_type" : "Savings",
                        "account_balance" : 8510528.056592602,
                        "currency" : "POUNDS STERLING"
                },
                {
                        "account_type" : "Savings",
                        "account_balance" : 9792223.997477302,
                        "currency" : "EURO"
                },
                {
                        "account_type" : "Savings",
                        "account_balance" : 2541888.2929410744,
                        "currency" : "POUNDS STERLING"
                }
        ]
}
{
        "_id" : ObjectId("603ec8b3df61cc6d1d7d6640"),
        "first_name" : "MICHAEL",
        "last_name" : "SMITH",
        "accounts" : [
                {
                        "account_type" : "Checking",
                        "account_balance" : 2819063.8844904397,
                        "currency" : "YEN"
                },
                {
                        "account_type" : "Checking",
                        "account_balance" : 4131942.2529414617,
                        "currency" : "USD"
                },
                {
                        "account_type" : "Investment",
                        "account_balance" : 3782509.0311059216,
                        "currency" : "EURO"
                },
                {
                        "account_type" : "Investment",
                        "account_balance" : 6531886.9064971,
                        "currency" : "PESO"
                },
                {
                        "account_type" : "Investment",
                        "account_balance" : 2105927.920320713,
                        "currency" : "EURO"
                },
                {
                        "account_type" : "Savings",
                        "account_balance" : 4612959.380901612,
                        "currency" : "YUAN"
                }
        ]
}
{
        "_id" : ObjectId("603ec8b3df61cc6d1d7d6641"),
        "first_name" : "JOHN",
        "last_name" : "SMITH",
        "accounts" : [
                {
                        "account_type" : "401K",
                        "account_balance" : 9059210.226195503,
                        "currency" : "YUAN"
                },
                {
                        "account_type" : "401K",
                        "account_balance" : 5926514.06875377,
                        "currency" : "PESO"
                },
                {
                        "account_type" : "Savings",
                        "account_balance" : 8172876.597329946,
                        "currency" : "EURO"
                },
                {
                        "account_type" : "Investment",
                        "account_balance" : 4320374.732933239,
                        "currency" : "POUNDS STERLING"
                },
                {
                        "account_type" : "Investment",
                        "account_balance" : 9159979.449077135,
                        "currency" : "EURO"
                },
                {
                        "account_type" : "Investment",
                        "account_balance" : 8923437.883474918,
                        "currency" : "USD"
                },
                {
                        "account_type" : "401K",
                        "account_balance" : 3810781.9932702538,
                        "currency" : "EURO"
                },
                {
                        "account_type" : "Investment",
                        "account_balance" : 1803757.09787294,
                        "currency" : "YEN"
                },
                {
                        "account_type" : "Investment",
                        "account_balance" : 4947925.350834157,
                        "currency" : "EURO"
                }
        ]
}
{
        "_id" : ObjectId("603ec8b3df61cc6d1d7d6642"),
        "first_name" : "RICHARD",
        "last_name" : "SMITH",
        "accounts" : [
                {
                        "account_type" : "Checking",
                        "account_balance" : 714872.2542833243,
                        "currency" : "EURO"
                },
                {
                        "account_type" : "Investment",
                        "account_balance" : 4812651.936193353,
                        "currency" : "YUAN"
                },
                {
                        "account_type" : "Investment",
                        "account_balance" : 2862753.076585194,
                        "currency" : "PESO"
                },
                {
                        "account_type" : "401K",
                        "account_balance" : 7518653.660258865,
                        "currency" : "EURO"
                },
                {
                        "account_type" : "Checking",
                        "account_balance" : 2349544.575176711,
                        "currency" : "YEN"
                },
                {
                        "account_type" : "Checking",
                        "account_balance" : 8443090.325156216,
                        "currency" : "YEN"
                },
                {
                        "account_type" : "Investment",
                        "account_balance" : 745273.1369779429,
                        "currency" : "PESO"
                },
                {
                        "account_type" : "Checking",
                        "account_balance" : 8711574.840919748,
                        "currency" : "POUNDS STERLING"
                }
        ]
}
{
        "_id" : ObjectId("603ec8b3df61cc6d1d7d6643"),
        "first_name" : "PAUL",
        "last_name" : "SMITH",
        "accounts" : [
                {
                        "account_type" : "Checking",
                        "account_balance" : 936484.1221326711,
                        "currency" : "YUAN"
                }
        ]
}
{
        "_id" : ObjectId("603ec8b3df61cc6d1d7d6644"),
        "first_name" : "JOSEPH",
        "last_name" : "SMITH",
        "accounts" : [
                {
                        "account_type" : "Savings",
                        "account_balance" : 4622864.137518865,
                        "currency" : "YEN"
                },
                {
                        "account_type" : "Savings",
                        "account_balance" : 6580439.762613354,
                        "currency" : "EURO"
                },
                {
                        "account_type" : "Investment",
                        "account_balance" : 9045715.151562946,
                        "currency" : "POUNDS STERLING"
                },
                {
                        "account_type" : "Checking",
                        "account_balance" : 8273872.604220738,
                        "currency" : "YUAN"
                },
                {
                        "account_type" : "401K",
                        "account_balance" : 8996205.352283742,
                        "currency" : "USD"
                },
                {
                        "account_type" : "401K",
                        "account_balance" : 2691894.235052195,
                        "currency" : "YUAN"
                }
        ]
}
{
        "_id" : ObjectId("603ec8b3df61cc6d1d7d6645"),
        "first_name" : "THOMAS",
        "last_name" : "SMITH",
        "accounts" : [
                {
                        "account_type" : "Investment",
                        "account_balance" : 936130.4617335526,
                        "currency" : "EURO"
                },
                {
                        "account_type" : "401K",
                        "account_balance" : 4173144.9420674974,
                        "currency" : "EURO"
                },
                {
                        "account_type" : "401K",
                        "account_balance" : 8282074.554095908,
                        "currency" : "POUNDS STERLING"
                },
                {
                        "account_type" : "Savings",
                        "account_balance" : 7890796.5475060865,
                        "currency" : "POUNDS STERLING"
                },
                {
                        "account_type" : "Savings",
                        "account_balance" : 4747966.686441477,
                        "currency" : "PESO"
                }
        ]
}
{
        "_id" : ObjectId("603ec8b3df61cc6d1d7d6646"),
        "first_name" : "DONALD",
        "last_name" : "SMITH",
        "accounts" : [
                {
                        "account_type" : "Savings",
                        "account_balance" : 9075817.291616874,
                        "currency" : "YUAN"
                },
                {
                        "account_type" : "401K",
                        "account_balance" : 3447555.7155175945,
                        "currency" : "POUNDS STERLING"
                }
        ]
}
{
        "_id" : ObjectId("603ec8b3df61cc6d1d7d6647"),
        "first_name" : "KENNETH",
        "last_name" : "SMITH",
        "accounts" : [
                {
                        "account_type" : "Investment",
                        "account_balance" : 8984765.638846941,
                        "currency" : "YEN"
                }
        ]
}
{
        "_id" : ObjectId("603ec8b3df61cc6d1d7d6648"),
        "first_name" : "GEORGE",
        "last_name" : "SMITH",
        "accounts" : [
                {
                        "account_type" : "Checking",
                        "account_balance" : 7510049.716676093,
                        "currency" : "PESO"
                },
                {
                        "account_type" : "Investment",
                        "account_balance" : 8978088.436168617,
                        "currency" : "USD"
                },
                {
                        "account_type" : "401K",
                        "account_balance" : 3536582.866462197,
                        "currency" : "YEN"
                },
                {
                        "account_type" : "Checking",
                        "account_balance" : 4390095.46173461,
                        "currency" : "USD"
                }
        ]
}
{
        "_id" : ObjectId("603ec8b3df61cc6d1d7d6649"),
        "first_name" : "DANIEL",
        "last_name" : "SMITH",
        "accounts" : [
                {
                        "account_type" : "401K",
                        "account_balance" : 8382349.386766551,
                        "currency" : "PESO"
                },
                {
                        "account_type" : "Savings",
                        "account_balance" : 6605864.850059703,
                        "currency" : "YUAN"
                },
                {
                        "account_type" : "Savings",
                        "account_balance" : 3849188.922156063,
                        "currency" : "YEN"
                },
                {
                        "account_type" : "401K",
                        "account_balance" : 4040933.2733676303,
                        "currency" : "YUAN"
                },
                {
                        "account_type" : "Savings",
                        "account_balance" : 6169503.517499695,
                        "currency" : "YUAN"
                },
                {
                        "account_type" : "401K",
                        "account_balance" : 7641660.104955465,
                        "currency" : "EURO"
                },
                {
                        "account_type" : "Checking",
                        "account_balance" : 6103871.976585753,
                        "currency" : "YEN"
                },
                {
                        "account_type" : "401K",
                        "account_balance" : 5707269.0824853135,
                        "currency" : "YEN"
                }
        ]
}
{
        "_id" : ObjectId("603ec8b3df61cc6d1d7d664a"),
        "first_name" : "JAMES",
        "last_name" : "SMITH",
        "accounts" : [
                {
                        "account_type" : "Savings",
                        "account_balance" : 8995952.153640702,
                        "currency" : "PESO"
                },
                {
                        "account_type" : "Checking",
                        "account_balance" : 3901436.5580737568,
                        "currency" : "USD"
                }
        ]
}
{
        "_id" : ObjectId("603ec8b3df61cc6d1d7d664b"),
        "first_name" : "CHRISTOPHER",
        "last_name" : "SMITH",
        "accounts" : [
                {
                        "account_type" : "Savings",
                        "account_balance" : 1870338.5807330757,
                        "currency" : "POUNDS STERLING"
                },
                {
                        "account_type" : "Checking",
                        "account_balance" : 5098043.412530517,
                        "currency" : "POUNDS STERLING"
                },
                {
                        "account_type" : "Checking",
                        "account_balance" : 3042158.5783834355,
                        "currency" : "YEN"
                },
                {
                        "account_type" : "Investment",
                        "account_balance" : 2721431.0181220435,
                        "currency" : "PESO"
                },
                {
                        "account_type" : "Savings",
                        "account_balance" : 2135388.570106006,
                        "currency" : "USD"
                },
                {
                        "account_type" : "Savings",
                        "account_balance" : 2416831.8654360515,
                        "currency" : "PESO"
                },
                {
                        "account_type" : "Savings",
                        "account_balance" : 405349.36727577704,
                        "currency" : "POUNDS STERLING"
                },
                {
                        "account_type" : "Investment",
                        "account_balance" : 6140519.315997784,
                        "currency" : "YEN"
                }
        ]
}
{
        "_id" : ObjectId("603ec8b3df61cc6d1d7d664c"),
        "first_name" : "MARK",
        "last_name" : "SMITH",
        "accounts" : [
                {
                        "account_type" : "Savings",
                        "account_balance" : 521640.39247602574,
                        "currency" : "USD"
                },
                {
                        "account_type" : "Investment",
                        "account_balance" : 9896058.025694223,
                        "currency" : "POUNDS STERLING"
                },
                {
                        "account_type" : "Savings",
                        "account_balance" : 6326316.032295041,
                        "currency" : "POUNDS STERLING"
                },
                {
                        "account_type" : "Investment",
                        "account_balance" : 752161.7102783576,
                        "currency" : "PESO"
                },
                {
                        "account_type" : "Checking",
                        "account_balance" : 496816.2525023853,
                        "currency" : "USD"
                },
                {
                        "account_type" : "Checking",
                        "account_balance" : 7791969.069134079,
                        "currency" : "EURO"
                },
                {
                        "account_type" : "Checking",
                        "account_balance" : 8401384.260885552,
                        "currency" : "POUNDS STERLING"
                }
        ]
}
{
        "_id" : ObjectId("603ec8b3df61cc6d1d7d664d"),
        "first_name" : "ROBERT",
        "last_name" : "SMITH",
        "accounts" : [
                {
                        "account_type" : "Investment",
                        "account_balance" : 3465277.443564153,
                        "currency" : "PESO"
                },
                {
                        "account_type" : "401K",
                        "account_balance" : 6001520.415853325,
                        "currency" : "USD"
                },
                {
                        "account_type" : "Investment",
                        "account_balance" : 1739276.2966888128,
                        "currency" : "USD"
                },
                {
                        "account_type" : "Checking",
                        "account_balance" : 7704684.832334223,
                        "currency" : "YUAN"
                }
        ]
}
{
        "_id" : ObjectId("603ec8b3df61cc6d1d7d664e"),
        "first_name" : "BRIAN",
        "last_name" : "SMITH",
        "accounts" : [
                {
                        "account_type" : "401K",
                        "account_balance" : 149839.10500178766,
                        "currency" : "PESO"
                }
        ]
}
{
        "_id" : ObjectId("603ec8b3df61cc6d1d7d664f"),
        "first_name" : "STEVEN",
        "last_name" : "SMITH",
        "accounts" : [
                {
                        "account_type" : "Investment",
                        "account_balance" : 7606194.17605087,
                        "currency" : "EURO"
                },
                {
                        "account_type" : "Investment",
                        "account_balance" : 2099711.775821766,
                        "currency" : "EURO"
                },
                {
                        "account_type" : "Investment",
                        "account_balance" : 2961011.973269031,
                        "currency" : "YUAN"
                },
                {
                        "account_type" : "Savings",
                        "account_balance" : 5830306.873168334,
                        "currency" : "USD"
                },
                {
                        "account_type" : "401K",
                        "account_balance" : 1542091.8696738125,
                        "currency" : "EURO"
                }
        ]
}
{
        "_id" : ObjectId("603ec8b3df61cc6d1d7d6650"),
        "first_name" : "KEVIN",
        "last_name" : "SMITH",
        "accounts" : [
                {
                        "account_type" : "Savings",
                        "account_balance" : 3309735.6787135843,
                        "currency" : "YEN"
                },
                {
                        "account_type" : "Investment",
                        "account_balance" : 5631912.288049201,
                        "currency" : "EURO"
                },
                {
                        "account_type" : "Investment",
                        "account_balance" : 7381293.096057707,
                        "currency" : "YUAN"
                },
                {
                        "account_type" : "401K",
                        "account_balance" : 6173279.399191128,
                        "currency" : "POUNDS STERLING"
                }
        ]
}
Type "it" for more
73 test> db.bank_data.find().limit(5)
{ "_id" : ObjectId("603ec8b3df61cc6d1d7d663d"), "first_name" : "WILLIAM", "last_name" : "SMITH", "accounts" : [ { "account_type" : "401K", "account_balance" : 2497138.738978415, "currency" : "PESO" }, { "account_type" : "Checking", "account_balance" : 405606.12124239095, "currency" : "PESO" }, { "account_type" : "Investment", "account_balance" : 9149015.783455048, "currency" : "PESO" }, { "account_type" : "401K", "account_balance" : 8797914.360492531, "currency" : "YUAN" } ] }
{ "_id" : ObjectId("603ec8b3df61cc6d1d7d663e"), "first_name" : "DAVID", "last_name" : "SMITH", "accounts" : [ { "account_type" : "Savings", "account_balance" : 8857597.106995674, "currency" : "POUNDS STERLING" }, { "account_type" : "Checking", "account_balance" : 471237.47356353, "currency" : "USD" }, { "account_type" : "Investment", "account_balance" : 2834734.162895667, "currency" : "USD" }, { "account_type" : "401K", "account_balance" : 6177092.375456998, "currency" : "USD" } ] }
{ "_id" : ObjectId("603ec8b3df61cc6d1d7d663f"), "first_name" : "CHARLES", "last_name" : "SMITH", "accounts" : [ { "account_type" : "401K", "account_balance" : 7959552.738209671, "currency" : "PESO" }, { "account_type" : "Savings", "account_balance" : 7586797.95113736, "currency" : "USD" }, { "account_type" : "401K", "account_balance" : 3000642.5318386676, "currency" : "YUAN" }, { "account_type" : "Savings", "account_balance" : 8510528.056592602, "currency" : "POUNDS STERLING" }, { "account_type" : "Savings", "account_balance" : 9792223.997477302, "currency" : "EURO" }, { "account_type" : "Savings", "account_balance" : 2541888.2929410744, "currency" : "POUNDS STERLING" } ] }
{ "_id" : ObjectId("603ec8b3df61cc6d1d7d6640"), "first_name" : "MICHAEL", "last_name" : "SMITH", "accounts" : [ { "account_type" : "Checking", "account_balance" : 2819063.8844904397, "currency" : "YEN" }, { "account_type" : "Checking", "account_balance" : 4131942.2529414617, "currency" : "USD" }, { "account_type" : "Investment", "account_balance" : 3782509.0311059216, "currency" : "EURO" }, { "account_type" : "Investment", "account_balance" : 6531886.9064971, "currency" : "PESO" }, { "account_type" : "Investment", "account_balance" : 2105927.920320713, "currency" : "EURO" }, { "account_type" : "Savings", "account_balance" : 4612959.380901612, "currency" : "YUAN" } ] }
{ "_id" : ObjectId("603ec8b3df61cc6d1d7d6641"), "first_name" : "JOHN", "last_name" : "SMITH", "accounts" : [ { "account_type" : "401K", "account_balance" : 9059210.226195503, "currency" : "YUAN" }, { "account_type" : "401K", "account_balance" : 5926514.06875377, "currency" : "PESO" }, { "account_type" : "Savings", "account_balance" : 8172876.597329946, "currency" : "EURO" }, { "account_type" : "Investment", "account_balance" : 4320374.732933239, "currency" : "POUNDS STERLING" }, { "account_type" : "Investment", "account_balance" : 9159979.449077135, "currency" : "EURO" }, { "account_type" : "Investment", "account_balance" : 8923437.883474918, "currency" : "USD" }, { "account_type" : "401K", "account_balance" : 3810781.9932702538, "currency" : "EURO" }, { "account_type" : "Investment", "account_balance" : 1803757.09787294, "currency" : "YEN" }, { "account_type" : "Investment", "account_balance" : 4947925.350834157, "currency" : "EURO" } ] }
74 test> db.bank_data.find().limit(5)
{ "_id" : ObjectId("603ec8b3df61cc6d1d7d663d"), "first_name" : "WILLIAM", "last_name" : "SMITH", "accounts" : [ { "account_type" : "401K", "account_balance" : 2497138.738978415, "currency" : "PESO" }, { "account_type" : "Checking", "account_balance" : 405606.12124239095, "currency" : "PESO" }, { "account_type" : "Investment", "account_balance" : 9149015.783455048, "currency" : "PESO" }, { "account_type" : "401K", "account_balance" : 8797914.360492531, "currency" : "YUAN" } ] }
{ "_id" : ObjectId("603ec8b3df61cc6d1d7d663e"), "first_name" : "DAVID", "last_name" : "SMITH", "accounts" : [ { "account_type" : "Savings", "account_balance" : 8857597.106995674, "currency" : "POUNDS STERLING" }, { "account_type" : "Checking", "account_balance" : 471237.47356353, "currency" : "USD" }, { "account_type" : "Investment", "account_balance" : 2834734.162895667, "currency" : "USD" }, { "account_type" : "401K", "account_balance" : 6177092.375456998, "currency" : "USD" } ] }
{ "_id" : ObjectId("603ec8b3df61cc6d1d7d663f"), "first_name" : "CHARLES", "last_name" : "SMITH", "accounts" : [ { "account_type" : "401K", "account_balance" : 7959552.738209671, "currency" : "PESO" }, { "account_type" : "Savings", "account_balance" : 7586797.95113736, "currency" : "USD" }, { "account_type" : "401K", "account_balance" : 3000642.5318386676, "currency" : "YUAN" }, { "account_type" : "Savings", "account_balance" : 8510528.056592602, "currency" : "POUNDS STERLING" }, { "account_type" : "Savings", "account_balance" : 9792223.997477302, "currency" : "EURO" }, { "account_type" : "Savings", "account_balance" : 2541888.2929410744, "currency" : "POUNDS STERLING" } ] }
{ "_id" : ObjectId("603ec8b3df61cc6d1d7d6640"), "first_name" : "MICHAEL", "last_name" : "SMITH", "accounts" : [ { "account_type" : "Checking", "account_balance" : 2819063.8844904397, "currency" : "YEN" }, { "account_type" : "Checking", "account_balance" : 4131942.2529414617, "currency" : "USD" }, { "account_type" : "Investment", "account_balance" : 3782509.0311059216, "currency" : "EURO" }, { "account_type" : "Investment", "account_balance" : 6531886.9064971, "currency" : "PESO" }, { "account_type" : "Investment", "account_balance" : 2105927.920320713, "currency" : "EURO" }, { "account_type" : "Savings", "account_balance" : 4612959.380901612, "currency" : "YUAN" } ] }
{ "_id" : ObjectId("603ec8b3df61cc6d1d7d6641"), "first_name" : "JOHN", "last_name" : "SMITH", "accounts" : [ { "account_type" : "401K", "account_balance" : 9059210.226195503, "currency" : "YUAN" }, { "account_type" : "401K", "account_balance" : 5926514.06875377, "currency" : "PESO" }, { "account_type" : "Savings", "account_balance" : 8172876.597329946, "currency" : "EURO" }, { "account_type" : "Investment", "account_balance" : 4320374.732933239, "currency" : "POUNDS STERLING" }, { "account_type" : "Investment", "account_balance" : 9159979.449077135, "currency" : "EURO" }, { "account_type" : "Investment", "account_balance" : 8923437.883474918, "currency" : "USD" }, { "account_type" : "401K", "account_balance" : 3810781.9932702538, "currency" : "EURO" }, { "account_type" : "Investment", "account_balance" : 1803757.09787294, "currency" : "YEN" }, { "account_type" : "Investment", "account_balance" : 4947925.350834157, "currency" : "EURO" } ] }
75 test>
76 test>
77 test>
78 test>
79 test> db.bank_data.find({last_name: 'SMITH'})
{ "_id" : ObjectId("603ec8b3df61cc6d1d7d663d"), "first_name" : "WILLIAM", "last_name" : "SMITH", "accounts" : [ { "account_type" : "401K", "account_balance" : 2497138.738978415, "currency" : "PESO" }, { "account_type" : "Checking", "account_balance" : 405606.12124239095, "currency" : "PESO" }, { "account_type" : "Investment", "account_balance" : 9149015.783455048, "currency" : "PESO" }, { "account_type" : "401K", "account_balance" : 8797914.360492531, "currency" : "YUAN" } ] }
{ "_id" : ObjectId("603ec8b3df61cc6d1d7d663e"), "first_name" : "DAVID", "last_name" : "SMITH", "accounts" : [ { "account_type" : "Savings", "account_balance" : 8857597.106995674, "currency" : "POUNDS STERLING" }, { "account_type" : "Checking", "account_balance" : 471237.47356353, "currency" : "USD" }, { "account_type" : "Investment", "account_balance" : 2834734.162895667, "currency" : "USD" }, { "account_type" : "401K", "account_balance" : 6177092.375456998, "currency" : "USD" } ] }
{ "_id" : ObjectId("603ec8b3df61cc6d1d7d663f"), "first_name" : "CHARLES", "last_name" : "SMITH", "accounts" : [ { "account_type" : "401K", "account_balance" : 7959552.738209671, "currency" : "PESO" }, { "account_type" : "Savings", "account_balance" : 7586797.95113736, "currency" : "USD" }, { "account_type" : "401K", "account_balance" : 3000642.5318386676, "currency" : "YUAN" }, { "account_type" : "Savings", "account_balance" : 8510528.056592602, "currency" : "POUNDS STERLING" }, { "account_type" : "Savings", "account_balance" : 9792223.997477302, "currency" : "EURO" }, { "account_type" : "Savings", "account_balance" : 2541888.2929410744, "currency" : "POUNDS STERLING" } ] }
{ "_id" : ObjectId("603ec8b3df61cc6d1d7d6640"), "first_name" : "MICHAEL", "last_name" : "SMITH", "accounts" : [ { "account_type" : "Checking", "account_balance" : 2819063.8844904397, "currency" : "YEN" }, { "account_type" : "Checking", "account_balance" : 4131942.2529414617, "currency" : "USD" }, { "account_type" : "Investment", "account_balance" : 3782509.0311059216, "currency" : "EURO" }, { "account_type" : "Investment", "account_balance" : 6531886.9064971, "currency" : "PESO" }, { "account_type" : "Investment", "account_balance" : 2105927.920320713, "currency" : "EURO" }, { "account_type" : "Savings", "account_balance" : 4612959.380901612, "currency" : "YUAN" } ] }
{ "_id" : ObjectId("603ec8b3df61cc6d1d7d6641"), "first_name" : "JOHN", "last_name" : "SMITH", "accounts" : [ { "account_type" : "401K", "account_balance" : 9059210.226195503, "currency" : "YUAN" }, { "account_type" : "401K", "account_balance" : 5926514.06875377, "currency" : "PESO" }, { "account_type" : "Savings", "account_balance" : 8172876.597329946, "currency" : "EURO" }, { "account_type" : "Investment", "account_balance" : 4320374.732933239, "currency" : "POUNDS STERLING" }, { "account_type" : "Investment", "account_balance" : 9159979.449077135, "currency" : "EURO" }, { "account_type" : "Investment", "account_balance" : 8923437.883474918, "currency" : "USD" }, { "account_type" : "401K", "account_balance" : 3810781.9932702538, "currency" : "EURO" }, { "account_type" : "Investment", "account_balance" : 1803757.09787294, "currency" : "YEN" }, { "account_type" : "Investment", "account_balance" : 4947925.350834157, "currency" : "EURO" } ] }
{ "_id" : ObjectId("603ec8b3df61cc6d1d7d6642"), "first_name" : "RICHARD", "last_name" : "SMITH", "accounts" : [ { "account_type" : "Checking", "account_balance" : 714872.2542833243, "currency" : "EURO" }, { "account_type" : "Investment", "account_balance" : 4812651.936193353, "currency" : "YUAN" }, { "account_type" : "Investment", "account_balance" : 2862753.076585194, "currency" : "PESO" }, { "account_type" : "401K", "account_balance" : 7518653.660258865, "currency" : "EURO" }, { "account_type" : "Checking", "account_balance" : 2349544.575176711, "currency" : "YEN" }, { "account_type" : "Checking", "account_balance" : 8443090.325156216, "currency" : "YEN" }, { "account_type" : "Investment", "account_balance" : 745273.1369779429, "currency" : "PESO" }, { "account_type" : "Checking", "account_balance" : 8711574.840919748, "currency" : "POUNDS STERLING" } ] }
{ "_id" : ObjectId("603ec8b3df61cc6d1d7d6643"), "first_name" : "PAUL", "last_name" : "SMITH", "accounts" : [ { "account_type" : "Checking", "account_balance" : 936484.1221326711, "currency" : "YUAN" } ] }
{ "_id" : ObjectId("603ec8b3df61cc6d1d7d6644"), "first_name" : "JOSEPH", "last_name" : "SMITH", "accounts" : [ { "account_type" : "Savings", "account_balance" : 4622864.137518865, "currency" : "YEN" }, { "account_type" : "Savings", "account_balance" : 6580439.762613354, "currency" : "EURO" }, { "account_type" : "Investment", "account_balance" : 9045715.151562946, "currency" : "POUNDS STERLING" }, { "account_type" : "Checking", "account_balance" : 8273872.604220738, "currency" : "YUAN" }, { "account_type" : "401K", "account_balance" : 8996205.352283742, "currency" : "USD" }, { "account_type" : "401K", "account_balance" : 2691894.235052195, "currency" : "YUAN" } ] }
{ "_id" : ObjectId("603ec8b3df61cc6d1d7d6645"), "first_name" : "THOMAS", "last_name" : "SMITH", "accounts" : [ { "account_type" : "Investment", "account_balance" : 936130.4617335526, "currency" : "EURO" }, { "account_type" : "401K", "account_balance" : 4173144.9420674974, "currency" : "EURO" }, { "account_type" : "401K", "account_balance" : 8282074.554095908, "currency" : "POUNDS STERLING" }, { "account_type" : "Savings", "account_balance" : 7890796.5475060865, "currency" : "POUNDS STERLING" }, { "account_type" : "Savings", "account_balance" : 4747966.686441477, "currency" : "PESO" } ] }
{ "_id" : ObjectId("603ec8b3df61cc6d1d7d6646"), "first_name" : "DONALD", "last_name" : "SMITH", "accounts" : [ { "account_type" : "Savings", "account_balance" : 9075817.291616874, "currency" : "YUAN" }, { "account_type" : "401K", "account_balance" : 3447555.7155175945, "currency" : "POUNDS STERLING" } ] }
{ "_id" : ObjectId("603ec8b3df61cc6d1d7d6647"), "first_name" : "KENNETH", "last_name" : "SMITH", "accounts" : [ { "account_type" : "Investment", "account_balance" : 8984765.638846941, "currency" : "YEN" } ] }
{ "_id" : ObjectId("603ec8b3df61cc6d1d7d6648"), "first_name" : "GEORGE", "last_name" : "SMITH", "accounts" : [ { "account_type" : "Checking", "account_balance" : 7510049.716676093, "currency" : "PESO" }, { "account_type" : "Investment", "account_balance" : 8978088.436168617, "currency" : "USD" }, { "account_type" : "401K", "account_balance" : 3536582.866462197, "currency" : "YEN" }, { "account_type" : "Checking", "account_balance" : 4390095.46173461, "currency" : "USD" } ] }
{ "_id" : ObjectId("603ec8b3df61cc6d1d7d6649"), "first_name" : "DANIEL", "last_name" : "SMITH", "accounts" : [ { "account_type" : "401K", "account_balance" : 8382349.386766551, "currency" : "PESO" }, { "account_type" : "Savings", "account_balance" : 6605864.850059703, "currency" : "YUAN" }, { "account_type" : "Savings", "account_balance" : 3849188.922156063, "currency" : "YEN" }, { "account_type" : "401K", "account_balance" : 4040933.2733676303, "currency" : "YUAN" }, { "account_type" : "Savings", "account_balance" : 6169503.517499695, "currency" : "YUAN" }, { "account_type" : "401K", "account_balance" : 7641660.104955465, "currency" : "EURO" }, { "account_type" : "Checking", "account_balance" : 6103871.976585753, "currency" : "YEN" }, { "account_type" : "401K", "account_balance" : 5707269.0824853135, "currency" : "YEN" } ] }
{ "_id" : ObjectId("603ec8b3df61cc6d1d7d664a"), "first_name" : "JAMES", "last_name" : "SMITH", "accounts" : [ { "account_type" : "Savings", "account_balance" : 8995952.153640702, "currency" : "PESO" }, { "account_type" : "Checking", "account_balance" : 3901436.5580737568, "currency" : "USD" } ] }
{ "_id" : ObjectId("603ec8b3df61cc6d1d7d664b"), "first_name" : "CHRISTOPHER", "last_name" : "SMITH", "accounts" : [ { "account_type" : "Savings", "account_balance" : 1870338.5807330757, "currency" : "POUNDS STERLING" }, { "account_type" : "Checking", "account_balance" : 5098043.412530517, "currency" : "POUNDS STERLING" }, { "account_type" : "Checking", "account_balance" : 3042158.5783834355, "currency" : "YEN" }, { "account_type" : "Investment", "account_balance" : 2721431.0181220435, "currency" : "PESO" }, { "account_type" : "Savings", "account_balance" : 2135388.570106006, "currency" : "USD" }, { "account_type" : "Savings", "account_balance" : 2416831.8654360515, "currency" : "PESO" }, { "account_type" : "Savings", "account_balance" : 405349.36727577704, "currency" : "POUNDS STERLING" }, { "account_type" : "Investment", "account_balance" : 6140519.315997784, "currency" : "YEN" } ] }
{ "_id" : ObjectId("603ec8b3df61cc6d1d7d664c"), "first_name" : "MARK", "last_name" : "SMITH", "accounts" : [ { "account_type" : "Savings", "account_balance" : 521640.39247602574, "currency" : "USD" }, { "account_type" : "Investment", "account_balance" : 9896058.025694223, "currency" : "POUNDS STERLING" }, { "account_type" : "Savings", "account_balance" : 6326316.032295041, "currency" : "POUNDS STERLING" }, { "account_type" : "Investment", "account_balance" : 752161.7102783576, "currency" : "PESO" }, { "account_type" : "Checking", "account_balance" : 496816.2525023853, "currency" : "USD" }, { "account_type" : "Checking", "account_balance" : 7791969.069134079, "currency" : "EURO" }, { "account_type" : "Checking", "account_balance" : 8401384.260885552, "currency" : "POUNDS STERLING" } ] }
{ "_id" : ObjectId("603ec8b3df61cc6d1d7d664d"), "first_name" : "ROBERT", "last_name" : "SMITH", "accounts" : [ { "account_type" : "Investment", "account_balance" : 3465277.443564153, "currency" : "PESO" }, { "account_type" : "401K", "account_balance" : 6001520.415853325, "currency" : "USD" }, { "account_type" : "Investment", "account_balance" : 1739276.2966888128, "currency" : "USD" }, { "account_type" : "Checking", "account_balance" : 7704684.832334223, "currency" : "YUAN" } ] }
{ "_id" : ObjectId("603ec8b3df61cc6d1d7d664e"), "first_name" : "BRIAN", "last_name" : "SMITH", "accounts" : [ { "account_type" : "401K", "account_balance" : 149839.10500178766, "currency" : "PESO" } ] }
{ "_id" : ObjectId("603ec8b3df61cc6d1d7d664f"), "first_name" : "STEVEN", "last_name" : "SMITH", "accounts" : [ { "account_type" : "Investment", "account_balance" : 7606194.17605087, "currency" : "EURO" }, { "account_type" : "Investment", "account_balance" : 2099711.775821766, "currency" : "EURO" }, { "account_type" : "Investment", "account_balance" : 2961011.973269031, "currency" : "YUAN" }, { "account_type" : "Savings", "account_balance" : 5830306.873168334, "currency" : "USD" }, { "account_type" : "401K", "account_balance" : 1542091.8696738125, "currency" : "EURO" } ] }
{ "_id" : ObjectId("603ec8b3df61cc6d1d7d6650"), "first_name" : "KEVIN", "last_name" : "SMITH", "accounts" : [ { "account_type" : "Savings", "account_balance" : 3309735.6787135843, "currency" : "YEN" }, { "account_type" : "Investment", "account_balance" : 5631912.288049201, "currency" : "EURO" }, { "account_type" : "Investment", "account_balance" : 7381293.096057707, "currency" : "YUAN" }, { "account_type" : "401K", "account_balance" : 6173279.399191128, "currency" : "POUNDS STERLING" } ] }
Type "it" for more
80 test> db.bank_data.find({last_name: 'SMITH'}).count()
100
81 test> db.bank_data.find({last_name: 'SMITH'}).pretty()
{
        "_id" : ObjectId("603ec8b3df61cc6d1d7d663d"),
        "first_name" : "WILLIAM",
        "last_name" : "SMITH",
        "accounts" : [
                {
                        "account_type" : "401K",
                        "account_balance" : 2497138.738978415,
                        "currency" : "PESO"
                },
                {
                        "account_type" : "Checking",
                        "account_balance" : 405606.12124239095,
                        "currency" : "PESO"
                },
                {
                        "account_type" : "Investment",
                        "account_balance" : 9149015.783455048,
                        "currency" : "PESO"
                },
                {
                        "account_type" : "401K",
                        "account_balance" : 8797914.360492531,
                        "currency" : "YUAN"
                }
        ]
}
{
        "_id" : ObjectId("603ec8b3df61cc6d1d7d663e"),
        "first_name" : "DAVID",
        "last_name" : "SMITH",
        "accounts" : [
                {
                        "account_type" : "Savings",
                        "account_balance" : 8857597.106995674,
                        "currency" : "POUNDS STERLING"
                },
                {
                        "account_type" : "Checking",
                        "account_balance" : 471237.47356353,
                        "currency" : "USD"
                },
                {
                        "account_type" : "Investment",
                        "account_balance" : 2834734.162895667,
                        "currency" : "USD"
                },
                {
                        "account_type" : "401K",
                        "account_balance" : 6177092.375456998,
                        "currency" : "USD"
                }
        ]
}
{
        "_id" : ObjectId("603ec8b3df61cc6d1d7d663f"),
        "first_name" : "CHARLES",
        "last_name" : "SMITH",
        "accounts" : [
                {
                        "account_type" : "401K",
                        "account_balance" : 7959552.738209671,
                        "currency" : "PESO"
                },
                {
                        "account_type" : "Savings",
                        "account_balance" : 7586797.95113736,
                        "currency" : "USD"
                },
                {
                        "account_type" : "401K",
                        "account_balance" : 3000642.5318386676,
                        "currency" : "YUAN"
                },
                {
                        "account_type" : "Savings",
                        "account_balance" : 8510528.056592602,
                        "currency" : "POUNDS STERLING"
                },
                {
                        "account_type" : "Savings",
                        "account_balance" : 9792223.997477302,
                        "currency" : "EURO"
                },
                {
                        "account_type" : "Savings",
                        "account_balance" : 2541888.2929410744,
                        "currency" : "POUNDS STERLING"
                }
        ]
}
{
        "_id" : ObjectId("603ec8b3df61cc6d1d7d6640"),
        "first_name" : "MICHAEL",
        "last_name" : "SMITH",
        "accounts" : [
                {
                        "account_type" : "Checking",
                        "account_balance" : 2819063.8844904397,
                        "currency" : "YEN"
                },
                {
                        "account_type" : "Checking",
                        "account_balance" : 4131942.2529414617,
                        "currency" : "USD"
                },
                {
                        "account_type" : "Investment",
                        "account_balance" : 3782509.0311059216,
                        "currency" : "EURO"
                },
                {
                        "account_type" : "Investment",
                        "account_balance" : 6531886.9064971,
                        "currency" : "PESO"
                },
                {
                        "account_type" : "Investment",
                        "account_balance" : 2105927.920320713,
                        "currency" : "EURO"
                },
                {
                        "account_type" : "Savings",
                        "account_balance" : 4612959.380901612,
                        "currency" : "YUAN"
                }
        ]
}
{
        "_id" : ObjectId("603ec8b3df61cc6d1d7d6641"),
        "first_name" : "JOHN",
        "last_name" : "SMITH",
        "accounts" : [
                {
                        "account_type" : "401K",
                        "account_balance" : 9059210.226195503,
                        "currency" : "YUAN"
                },
                {
                        "account_type" : "401K",
                        "account_balance" : 5926514.06875377,
                        "currency" : "PESO"
                },
                {
                        "account_type" : "Savings",
                        "account_balance" : 8172876.597329946,
                        "currency" : "EURO"
                },
                {
                        "account_type" : "Investment",
                        "account_balance" : 4320374.732933239,
                        "currency" : "POUNDS STERLING"
                },
                {
                        "account_type" : "Investment",
                        "account_balance" : 9159979.449077135,
                        "currency" : "EURO"
                },
                {
                        "account_type" : "Investment",
                        "account_balance" : 8923437.883474918,
                        "currency" : "USD"
                },
                {
                        "account_type" : "401K",
                        "account_balance" : 3810781.9932702538,
                        "currency" : "EURO"
                },
                {
                        "account_type" : "Investment",
                        "account_balance" : 1803757.09787294,
                        "currency" : "YEN"
                },
                {
                        "account_type" : "Investment",
                        "account_balance" : 4947925.350834157,
                        "currency" : "EURO"
                }
        ]
}
{
        "_id" : ObjectId("603ec8b3df61cc6d1d7d6642"),
        "first_name" : "RICHARD",
        "last_name" : "SMITH",
        "accounts" : [
                {
                        "account_type" : "Checking",
                        "account_balance" : 714872.2542833243,
                        "currency" : "EURO"
                },
                {
                        "account_type" : "Investment",
                        "account_balance" : 4812651.936193353,
                        "currency" : "YUAN"
                },
                {
                        "account_type" : "Investment",
                        "account_balance" : 2862753.076585194,
                        "currency" : "PESO"
                },
                {
                        "account_type" : "401K",
                        "account_balance" : 7518653.660258865,
                        "currency" : "EURO"
                },
                {
                        "account_type" : "Checking",
                        "account_balance" : 2349544.575176711,
                        "currency" : "YEN"
                },
                {
                        "account_type" : "Checking",
                        "account_balance" : 8443090.325156216,
                        "currency" : "YEN"
                },
                {
                        "account_type" : "Investment",
                        "account_balance" : 745273.1369779429,
                        "currency" : "PESO"
                },
                {
                        "account_type" : "Checking",
                        "account_balance" : 8711574.840919748,
                        "currency" : "POUNDS STERLING"
                }
        ]
}
{
        "_id" : ObjectId("603ec8b3df61cc6d1d7d6643"),
        "first_name" : "PAUL",
        "last_name" : "SMITH",
        "accounts" : [
                {
                        "account_type" : "Checking",
                        "account_balance" : 936484.1221326711,
                        "currency" : "YUAN"
                }
        ]
}
{
        "_id" : ObjectId("603ec8b3df61cc6d1d7d6644"),
        "first_name" : "JOSEPH",
        "last_name" : "SMITH",
        "accounts" : [
                {
                        "account_type" : "Savings",
                        "account_balance" : 4622864.137518865,
                        "currency" : "YEN"
                },
                {
                        "account_type" : "Savings",
                        "account_balance" : 6580439.762613354,
                        "currency" : "EURO"
                },
                {
                        "account_type" : "Investment",
                        "account_balance" : 9045715.151562946,
                        "currency" : "POUNDS STERLING"
                },
                {
                        "account_type" : "Checking",
                        "account_balance" : 8273872.604220738,
                        "currency" : "YUAN"
                },
                {
                        "account_type" : "401K",
                        "account_balance" : 8996205.352283742,
                        "currency" : "USD"
                },
                {
                        "account_type" : "401K",
                        "account_balance" : 2691894.235052195,
                        "currency" : "YUAN"
                }
        ]
}
{
        "_id" : ObjectId("603ec8b3df61cc6d1d7d6645"),
        "first_name" : "THOMAS",
        "last_name" : "SMITH",
        "accounts" : [
                {
                        "account_type" : "Investment",
                        "account_balance" : 936130.4617335526,
                        "currency" : "EURO"
                },
                {
                        "account_type" : "401K",
                        "account_balance" : 4173144.9420674974,
                        "currency" : "EURO"
                },
                {
                        "account_type" : "401K",
                        "account_balance" : 8282074.554095908,
                        "currency" : "POUNDS STERLING"
                },
                {
                        "account_type" : "Savings",
                        "account_balance" : 7890796.5475060865,
                        "currency" : "POUNDS STERLING"
                },
                {
                        "account_type" : "Savings",
                        "account_balance" : 4747966.686441477,
                        "currency" : "PESO"
                }
        ]
}
{
        "_id" : ObjectId("603ec8b3df61cc6d1d7d6646"),
        "first_name" : "DONALD",
        "last_name" : "SMITH",
        "accounts" : [
                {
                        "account_type" : "Savings",
                        "account_balance" : 9075817.291616874,
                        "currency" : "YUAN"
                },
                {
                        "account_type" : "401K",
                        "account_balance" : 3447555.7155175945,
                        "currency" : "POUNDS STERLING"
                }
        ]
}
{
        "_id" : ObjectId("603ec8b3df61cc6d1d7d6647"),
        "first_name" : "KENNETH",
        "last_name" : "SMITH",
        "accounts" : [
                {
                        "account_type" : "Investment",
                        "account_balance" : 8984765.638846941,
                        "currency" : "YEN"
                }
        ]
}
{
        "_id" : ObjectId("603ec8b3df61cc6d1d7d6648"),
        "first_name" : "GEORGE",
        "last_name" : "SMITH",
        "accounts" : [
                {
                        "account_type" : "Checking",
                        "account_balance" : 7510049.716676093,
                        "currency" : "PESO"
                },
                {
                        "account_type" : "Investment",
                        "account_balance" : 8978088.436168617,
                        "currency" : "USD"
                },
                {
                        "account_type" : "401K",
                        "account_balance" : 3536582.866462197,
                        "currency" : "YEN"
                },
                {
                        "account_type" : "Checking",
                        "account_balance" : 4390095.46173461,
                        "currency" : "USD"
                }
        ]
}
{
        "_id" : ObjectId("603ec8b3df61cc6d1d7d6649"),
        "first_name" : "DANIEL",
        "last_name" : "SMITH",
        "accounts" : [
                {
                        "account_type" : "401K",
                        "account_balance" : 8382349.386766551,
                        "currency" : "PESO"
                },
                {
                        "account_type" : "Savings",
                        "account_balance" : 6605864.850059703,
                        "currency" : "YUAN"
                },
                {
                        "account_type" : "Savings",
                        "account_balance" : 3849188.922156063,
                        "currency" : "YEN"
                },
                {
                        "account_type" : "401K",
                        "account_balance" : 4040933.2733676303,
                        "currency" : "YUAN"
                },
                {
                        "account_type" : "Savings",
                        "account_balance" : 6169503.517499695,
                        "currency" : "YUAN"
                },
                {
                        "account_type" : "401K",
                        "account_balance" : 7641660.104955465,
                        "currency" : "EURO"
                },
                {
                        "account_type" : "Checking",
                        "account_balance" : 6103871.976585753,
                        "currency" : "YEN"
                },
                {
                        "account_type" : "401K",
                        "account_balance" : 5707269.0824853135,
                        "currency" : "YEN"
                }
        ]
}
{
        "_id" : ObjectId("603ec8b3df61cc6d1d7d664a"),
        "first_name" : "JAMES",
        "last_name" : "SMITH",
        "accounts" : [
                {
                        "account_type" : "Savings",
                        "account_balance" : 8995952.153640702,
                        "currency" : "PESO"
                },
                {
                        "account_type" : "Checking",
                        "account_balance" : 3901436.5580737568,
                        "currency" : "USD"
                }
        ]
}
{
        "_id" : ObjectId("603ec8b3df61cc6d1d7d664b"),
        "first_name" : "CHRISTOPHER",
        "last_name" : "SMITH",
        "accounts" : [
                {
                        "account_type" : "Savings",
                        "account_balance" : 1870338.5807330757,
                        "currency" : "POUNDS STERLING"
                },
                {
                        "account_type" : "Checking",
                        "account_balance" : 5098043.412530517,
                        "currency" : "POUNDS STERLING"
                },
                {
                        "account_type" : "Checking",
                        "account_balance" : 3042158.5783834355,
                        "currency" : "YEN"
                },
                {
                        "account_type" : "Investment",
                        "account_balance" : 2721431.0181220435,
                        "currency" : "PESO"
                },
                {
                        "account_type" : "Savings",
                        "account_balance" : 2135388.570106006,
                        "currency" : "USD"
                },
                {
                        "account_type" : "Savings",
                        "account_balance" : 2416831.8654360515,
                        "currency" : "PESO"
                },
                {
                        "account_type" : "Savings",
                        "account_balance" : 405349.36727577704,
                        "currency" : "POUNDS STERLING"
                },
                {
                        "account_type" : "Investment",
                        "account_balance" : 6140519.315997784,
                        "currency" : "YEN"
                }
        ]
}
{
        "_id" : ObjectId("603ec8b3df61cc6d1d7d664c"),
        "first_name" : "MARK",
        "last_name" : "SMITH",
        "accounts" : [
                {
                        "account_type" : "Savings",
                        "account_balance" : 521640.39247602574,
                        "currency" : "USD"
                },
                {
                        "account_type" : "Investment",
                        "account_balance" : 9896058.025694223,
                        "currency" : "POUNDS STERLING"
                },
                {
                        "account_type" : "Savings",
                        "account_balance" : 6326316.032295041,
                        "currency" : "POUNDS STERLING"
                },
                {
                        "account_type" : "Investment",
                        "account_balance" : 752161.7102783576,
                        "currency" : "PESO"
                },
                {
                        "account_type" : "Checking",
                        "account_balance" : 496816.2525023853,
                        "currency" : "USD"
                },
                {
                        "account_type" : "Checking",
                        "account_balance" : 7791969.069134079,
                        "currency" : "EURO"
                },
                {
                        "account_type" : "Checking",
                        "account_balance" : 8401384.260885552,
                        "currency" : "POUNDS STERLING"
                }
        ]
}
{
        "_id" : ObjectId("603ec8b3df61cc6d1d7d664d"),
        "first_name" : "ROBERT",
        "last_name" : "SMITH",
        "accounts" : [
                {
                        "account_type" : "Investment",
                        "account_balance" : 3465277.443564153,
                        "currency" : "PESO"
                },
                {
                        "account_type" : "401K",
                        "account_balance" : 6001520.415853325,
                        "currency" : "USD"
                },
                {
                        "account_type" : "Investment",
                        "account_balance" : 1739276.2966888128,
                        "currency" : "USD"
                },
                {
                        "account_type" : "Checking",
                        "account_balance" : 7704684.832334223,
                        "currency" : "YUAN"
                }
        ]
}
{
        "_id" : ObjectId("603ec8b3df61cc6d1d7d664e"),
        "first_name" : "BRIAN",
        "last_name" : "SMITH",
        "accounts" : [
                {
                        "account_type" : "401K",
                        "account_balance" : 149839.10500178766,
                        "currency" : "PESO"
                }
        ]
}
{
        "_id" : ObjectId("603ec8b3df61cc6d1d7d664f"),
        "first_name" : "STEVEN",
        "last_name" : "SMITH",
        "accounts" : [
                {
                        "account_type" : "Investment",
                        "account_balance" : 7606194.17605087,
                        "currency" : "EURO"
                },
                {
                        "account_type" : "Investment",
                        "account_balance" : 2099711.775821766,
                        "currency" : "EURO"
                },
                {
                        "account_type" : "Investment",
                        "account_balance" : 2961011.973269031,
                        "currency" : "YUAN"
                },
                {
                        "account_type" : "Savings",
                        "account_balance" : 5830306.873168334,
                        "currency" : "USD"
                },
                {
                        "account_type" : "401K",
                        "account_balance" : 1542091.8696738125,
                        "currency" : "EURO"
                }
        ]
}
{
        "_id" : ObjectId("603ec8b3df61cc6d1d7d6650"),
        "first_name" : "KEVIN",
        "last_name" : "SMITH",
        "accounts" : [
                {
                        "account_type" : "Savings",
                        "account_balance" : 3309735.6787135843,
                        "currency" : "YEN"
                },
                {
                        "account_type" : "Investment",
                        "account_balance" : 5631912.288049201,
                        "currency" : "EURO"
                },
                {
                        "account_type" : "Investment",
                        "account_balance" : 7381293.096057707,
                        "currency" : "YUAN"
                },
                {
                        "account_type" : "401K",
                        "account_balance" : 6173279.399191128,
                        "currency" : "POUNDS STERLING"
                }
        ]
}
Type "it" for more
82 test> let smiths = db.bank_data.find({last_name: 'SMITH'})
83 test> smiths.count()
100
84 test> smiths.map
function(func) {
    var a = [];
    while (this.hasNext())
        a.push(func(this.next()));
    return a;
}
85 test> smiths.forEach
function(func) {
    while (this.hasNext())
        func(this.next());
}
86 test> smiths.filter
87 test> smiths.toArray().filter
function filter() {
    [native code]
}
88 test> smiths.forEach(s => print(s.first_name))
89 test> smiths = db.bank_data.find({last_name: 'SMITH'})
{ "_id" : ObjectId("603ec8b3df61cc6d1d7d663d"), "first_name" : "WILLIAM", "last_name" : "SMITH", "accounts" : [ { "account_type" : "401K", "account_balance" : 2497138.738978415, "currency" : "PESO" }, { "account_type" : "Checking", "account_balance" : 405606.12124239095, "currency" : "PESO" }, { "account_type" : "Investment", "account_balance" : 9149015.783455048, "currency" : "PESO" }, { "account_type" : "401K", "account_balance" : 8797914.360492531, "currency" : "YUAN" } ] }
{ "_id" : ObjectId("603ec8b3df61cc6d1d7d663e"), "first_name" : "DAVID", "last_name" : "SMITH", "accounts" : [ { "account_type" : "Savings", "account_balance" : 8857597.106995674, "currency" : "POUNDS STERLING" }, { "account_type" : "Checking", "account_balance" : 471237.47356353, "currency" : "USD" }, { "account_type" : "Investment", "account_balance" : 2834734.162895667, "currency" : "USD" }, { "account_type" : "401K", "account_balance" : 6177092.375456998, "currency" : "USD" } ] }
{ "_id" : ObjectId("603ec8b3df61cc6d1d7d663f"), "first_name" : "CHARLES", "last_name" : "SMITH", "accounts" : [ { "account_type" : "401K", "account_balance" : 7959552.738209671, "currency" : "PESO" }, { "account_type" : "Savings", "account_balance" : 7586797.95113736, "currency" : "USD" }, { "account_type" : "401K", "account_balance" : 3000642.5318386676, "currency" : "YUAN" }, { "account_type" : "Savings", "account_balance" : 8510528.056592602, "currency" : "POUNDS STERLING" }, { "account_type" : "Savings", "account_balance" : 9792223.997477302, "currency" : "EURO" }, { "account_type" : "Savings", "account_balance" : 2541888.2929410744, "currency" : "POUNDS STERLING" } ] }
{ "_id" : ObjectId("603ec8b3df61cc6d1d7d6640"), "first_name" : "MICHAEL", "last_name" : "SMITH", "accounts" : [ { "account_type" : "Checking", "account_balance" : 2819063.8844904397, "currency" : "YEN" }, { "account_type" : "Checking", "account_balance" : 4131942.2529414617, "currency" : "USD" }, { "account_type" : "Investment", "account_balance" : 3782509.0311059216, "currency" : "EURO" }, { "account_type" : "Investment", "account_balance" : 6531886.9064971, "currency" : "PESO" }, { "account_type" : "Investment", "account_balance" : 2105927.920320713, "currency" : "EURO" }, { "account_type" : "Savings", "account_balance" : 4612959.380901612, "currency" : "YUAN" } ] }
{ "_id" : ObjectId("603ec8b3df61cc6d1d7d6641"), "first_name" : "JOHN", "last_name" : "SMITH", "accounts" : [ { "account_type" : "401K", "account_balance" : 9059210.226195503, "currency" : "YUAN" }, { "account_type" : "401K", "account_balance" : 5926514.06875377, "currency" : "PESO" }, { "account_type" : "Savings", "account_balance" : 8172876.597329946, "currency" : "EURO" }, { "account_type" : "Investment", "account_balance" : 4320374.732933239, "currency" : "POUNDS STERLING" }, { "account_type" : "Investment", "account_balance" : 9159979.449077135, "currency" : "EURO" }, { "account_type" : "Investment", "account_balance" : 8923437.883474918, "currency" : "USD" }, { "account_type" : "401K", "account_balance" : 3810781.9932702538, "currency" : "EURO" }, { "account_type" : "Investment", "account_balance" : 1803757.09787294, "currency" : "YEN" }, { "account_type" : "Investment", "account_balance" : 4947925.350834157, "currency" : "EURO" } ] }
{ "_id" : ObjectId("603ec8b3df61cc6d1d7d6642"), "first_name" : "RICHARD", "last_name" : "SMITH", "accounts" : [ { "account_type" : "Checking", "account_balance" : 714872.2542833243, "currency" : "EURO" }, { "account_type" : "Investment", "account_balance" : 4812651.936193353, "currency" : "YUAN" }, { "account_type" : "Investment", "account_balance" : 2862753.076585194, "currency" : "PESO" }, { "account_type" : "401K", "account_balance" : 7518653.660258865, "currency" : "EURO" }, { "account_type" : "Checking", "account_balance" : 2349544.575176711, "currency" : "YEN" }, { "account_type" : "Checking", "account_balance" : 8443090.325156216, "currency" : "YEN" }, { "account_type" : "Investment", "account_balance" : 745273.1369779429, "currency" : "PESO" }, { "account_type" : "Checking", "account_balance" : 8711574.840919748, "currency" : "POUNDS STERLING" } ] }
{ "_id" : ObjectId("603ec8b3df61cc6d1d7d6643"), "first_name" : "PAUL", "last_name" : "SMITH", "accounts" : [ { "account_type" : "Checking", "account_balance" : 936484.1221326711, "currency" : "YUAN" } ] }
{ "_id" : ObjectId("603ec8b3df61cc6d1d7d6644"), "first_name" : "JOSEPH", "last_name" : "SMITH", "accounts" : [ { "account_type" : "Savings", "account_balance" : 4622864.137518865, "currency" : "YEN" }, { "account_type" : "Savings", "account_balance" : 6580439.762613354, "currency" : "EURO" }, { "account_type" : "Investment", "account_balance" : 9045715.151562946, "currency" : "POUNDS STERLING" }, { "account_type" : "Checking", "account_balance" : 8273872.604220738, "currency" : "YUAN" }, { "account_type" : "401K", "account_balance" : 8996205.352283742, "currency" : "USD" }, { "account_type" : "401K", "account_balance" : 2691894.235052195, "currency" : "YUAN" } ] }
{ "_id" : ObjectId("603ec8b3df61cc6d1d7d6645"), "first_name" : "THOMAS", "last_name" : "SMITH", "accounts" : [ { "account_type" : "Investment", "account_balance" : 936130.4617335526, "currency" : "EURO" }, { "account_type" : "401K", "account_balance" : 4173144.9420674974, "currency" : "EURO" }, { "account_type" : "401K", "account_balance" : 8282074.554095908, "currency" : "POUNDS STERLING" }, { "account_type" : "Savings", "account_balance" : 7890796.5475060865, "currency" : "POUNDS STERLING" }, { "account_type" : "Savings", "account_balance" : 4747966.686441477, "currency" : "PESO" } ] }
{ "_id" : ObjectId("603ec8b3df61cc6d1d7d6646"), "first_name" : "DONALD", "last_name" : "SMITH", "accounts" : [ { "account_type" : "Savings", "account_balance" : 9075817.291616874, "currency" : "YUAN" }, { "account_type" : "401K", "account_balance" : 3447555.7155175945, "currency" : "POUNDS STERLING" } ] }
{ "_id" : ObjectId("603ec8b3df61cc6d1d7d6647"), "first_name" : "KENNETH", "last_name" : "SMITH", "accounts" : [ { "account_type" : "Investment", "account_balance" : 8984765.638846941, "currency" : "YEN" } ] }
{ "_id" : ObjectId("603ec8b3df61cc6d1d7d6648"), "first_name" : "GEORGE", "last_name" : "SMITH", "accounts" : [ { "account_type" : "Checking", "account_balance" : 7510049.716676093, "currency" : "PESO" }, { "account_type" : "Investment", "account_balance" : 8978088.436168617, "currency" : "USD" }, { "account_type" : "401K", "account_balance" : 3536582.866462197, "currency" : "YEN" }, { "account_type" : "Checking", "account_balance" : 4390095.46173461, "currency" : "USD" } ] }
{ "_id" : ObjectId("603ec8b3df61cc6d1d7d6649"), "first_name" : "DANIEL", "last_name" : "SMITH", "accounts" : [ { "account_type" : "401K", "account_balance" : 8382349.386766551, "currency" : "PESO" }, { "account_type" : "Savings", "account_balance" : 6605864.850059703, "currency" : "YUAN" }, { "account_type" : "Savings", "account_balance" : 3849188.922156063, "currency" : "YEN" }, { "account_type" : "401K", "account_balance" : 4040933.2733676303, "currency" : "YUAN" }, { "account_type" : "Savings", "account_balance" : 6169503.517499695, "currency" : "YUAN" }, { "account_type" : "401K", "account_balance" : 7641660.104955465, "currency" : "EURO" }, { "account_type" : "Checking", "account_balance" : 6103871.976585753, "currency" : "YEN" }, { "account_type" : "401K", "account_balance" : 5707269.0824853135, "currency" : "YEN" } ] }
{ "_id" : ObjectId("603ec8b3df61cc6d1d7d664a"), "first_name" : "JAMES", "last_name" : "SMITH", "accounts" : [ { "account_type" : "Savings", "account_balance" : 8995952.153640702, "currency" : "PESO" }, { "account_type" : "Checking", "account_balance" : 3901436.5580737568, "currency" : "USD" } ] }
{ "_id" : ObjectId("603ec8b3df61cc6d1d7d664b"), "first_name" : "CHRISTOPHER", "last_name" : "SMITH", "accounts" : [ { "account_type" : "Savings", "account_balance" : 1870338.5807330757, "currency" : "POUNDS STERLING" }, { "account_type" : "Checking", "account_balance" : 5098043.412530517, "currency" : "POUNDS STERLING" }, { "account_type" : "Checking", "account_balance" : 3042158.5783834355, "currency" : "YEN" }, { "account_type" : "Investment", "account_balance" : 2721431.0181220435, "currency" : "PESO" }, { "account_type" : "Savings", "account_balance" : 2135388.570106006, "currency" : "USD" }, { "account_type" : "Savings", "account_balance" : 2416831.8654360515, "currency" : "PESO" }, { "account_type" : "Savings", "account_balance" : 405349.36727577704, "currency" : "POUNDS STERLING" }, { "account_type" : "Investment", "account_balance" : 6140519.315997784, "currency" : "YEN" } ] }
{ "_id" : ObjectId("603ec8b3df61cc6d1d7d664c"), "first_name" : "MARK", "last_name" : "SMITH", "accounts" : [ { "account_type" : "Savings", "account_balance" : 521640.39247602574, "currency" : "USD" }, { "account_type" : "Investment", "account_balance" : 9896058.025694223, "currency" : "POUNDS STERLING" }, { "account_type" : "Savings", "account_balance" : 6326316.032295041, "currency" : "POUNDS STERLING" }, { "account_type" : "Investment", "account_balance" : 752161.7102783576, "currency" : "PESO" }, { "account_type" : "Checking", "account_balance" : 496816.2525023853, "currency" : "USD" }, { "account_type" : "Checking", "account_balance" : 7791969.069134079, "currency" : "EURO" }, { "account_type" : "Checking", "account_balance" : 8401384.260885552, "currency" : "POUNDS STERLING" } ] }
{ "_id" : ObjectId("603ec8b3df61cc6d1d7d664d"), "first_name" : "ROBERT", "last_name" : "SMITH", "accounts" : [ { "account_type" : "Investment", "account_balance" : 3465277.443564153, "currency" : "PESO" }, { "account_type" : "401K", "account_balance" : 6001520.415853325, "currency" : "USD" }, { "account_type" : "Investment", "account_balance" : 1739276.2966888128, "currency" : "USD" }, { "account_type" : "Checking", "account_balance" : 7704684.832334223, "currency" : "YUAN" } ] }
{ "_id" : ObjectId("603ec8b3df61cc6d1d7d664e"), "first_name" : "BRIAN", "last_name" : "SMITH", "accounts" : [ { "account_type" : "401K", "account_balance" : 149839.10500178766, "currency" : "PESO" } ] }
{ "_id" : ObjectId("603ec8b3df61cc6d1d7d664f"), "first_name" : "STEVEN", "last_name" : "SMITH", "accounts" : [ { "account_type" : "Investment", "account_balance" : 7606194.17605087, "currency" : "EURO" }, { "account_type" : "Investment", "account_balance" : 2099711.775821766, "currency" : "EURO" }, { "account_type" : "Investment", "account_balance" : 2961011.973269031, "currency" : "YUAN" }, { "account_type" : "Savings", "account_balance" : 5830306.873168334, "currency" : "USD" }, { "account_type" : "401K", "account_balance" : 1542091.8696738125, "currency" : "EURO" } ] }
{ "_id" : ObjectId("603ec8b3df61cc6d1d7d6650"), "first_name" : "KEVIN", "last_name" : "SMITH", "accounts" : [ { "account_type" : "Savings", "account_balance" : 3309735.6787135843, "currency" : "YEN" }, { "account_type" : "Investment", "account_balance" : 5631912.288049201, "currency" : "EURO" }, { "account_type" : "Investment", "account_balance" : 7381293.096057707, "currency" : "YUAN" }, { "account_type" : "401K", "account_balance" : 6173279.399191128, "currency" : "POUNDS STERLING" } ] }
Type "it" for more
90 test> smiths.forEach(s => print(s.first_name))
ANTHONY
EDWARD
RONALD
JASON
GARY
MATTHEW
JOSE
TIMOTHY
JEFFREY
ERIC
FRANK
LARRY
ANDREW
SCOTT
GREGORY
RAYMOND
STEPHEN
JOSHUA
PATRICK
JERRY
DENNIS
CARL
HENRY
WALTER
JUAN
JOE
RYAN
ARTHUR
ROGER
ALBERT
GERALD
JACK
PETER
JUSTIN
SAMUEL
JONATHAN
TERRY
DOUGLAS
KEITH
WILLIE
RALPH
HAROLD
ROY
BRUCE
LAWRENCE
NICHOLAS
HARRY
BENJAMIN
BILLY
ADAM
BRANDON
FRED
AARON
JEREMY
WAYNE
EUGENE
HOWARD
LOUIS
STEVE
RANDY
ERNEST
PHILLIP
CARLOS
MARTIN
ALAN
SHAWN
VICTOR
TODD
RUSSELL
CRAIG
JOHNNY
CHRIS
JESSE
BOBBY
SEAN
CLARENCE
EARL
PHILIP
JIMMY
ANTONIO
91 test> smiths = db.bank_data.find({last_name: 'SMITH'})
{ "_id" : ObjectId("603ec8b3df61cc6d1d7d663d"), "first_name" : "WILLIAM", "last_name" : "SMITH", "accounts" : [ { "account_type" : "401K", "account_balance" : 2497138.738978415, "currency" : "PESO" }, { "account_type" : "Checking", "account_balance" : 405606.12124239095, "currency" : "PESO" }, { "account_type" : "Investment", "account_balance" : 9149015.783455048, "currency" : "PESO" }, { "account_type" : "401K", "account_balance" : 8797914.360492531, "currency" : "YUAN" } ] }
{ "_id" : ObjectId("603ec8b3df61cc6d1d7d663e"), "first_name" : "DAVID", "last_name" : "SMITH", "accounts" : [ { "account_type" : "Savings", "account_balance" : 8857597.106995674, "currency" : "POUNDS STERLING" }, { "account_type" : "Checking", "account_balance" : 471237.47356353, "currency" : "USD" }, { "account_type" : "Investment", "account_balance" : 2834734.162895667, "currency" : "USD" }, { "account_type" : "401K", "account_balance" : 6177092.375456998, "currency" : "USD" } ] }
{ "_id" : ObjectId("603ec8b3df61cc6d1d7d663f"), "first_name" : "CHARLES", "last_name" : "SMITH", "accounts" : [ { "account_type" : "401K", "account_balance" : 7959552.738209671, "currency" : "PESO" }, { "account_type" : "Savings", "account_balance" : 7586797.95113736, "currency" : "USD" }, { "account_type" : "401K", "account_balance" : 3000642.5318386676, "currency" : "YUAN" }, { "account_type" : "Savings", "account_balance" : 8510528.056592602, "currency" : "POUNDS STERLING" }, { "account_type" : "Savings", "account_balance" : 9792223.997477302, "currency" : "EURO" }, { "account_type" : "Savings", "account_balance" : 2541888.2929410744, "currency" : "POUNDS STERLING" } ] }
{ "_id" : ObjectId("603ec8b3df61cc6d1d7d6640"), "first_name" : "MICHAEL", "last_name" : "SMITH", "accounts" : [ { "account_type" : "Checking", "account_balance" : 2819063.8844904397, "currency" : "YEN" }, { "account_type" : "Checking", "account_balance" : 4131942.2529414617, "currency" : "USD" }, { "account_type" : "Investment", "account_balance" : 3782509.0311059216, "currency" : "EURO" }, { "account_type" : "Investment", "account_balance" : 6531886.9064971, "currency" : "PESO" }, { "account_type" : "Investment", "account_balance" : 2105927.920320713, "currency" : "EURO" }, { "account_type" : "Savings", "account_balance" : 4612959.380901612, "currency" : "YUAN" } ] }
{ "_id" : ObjectId("603ec8b3df61cc6d1d7d6641"), "first_name" : "JOHN", "last_name" : "SMITH", "accounts" : [ { "account_type" : "401K", "account_balance" : 9059210.226195503, "currency" : "YUAN" }, { "account_type" : "401K", "account_balance" : 5926514.06875377, "currency" : "PESO" }, { "account_type" : "Savings", "account_balance" : 8172876.597329946, "currency" : "EURO" }, { "account_type" : "Investment", "account_balance" : 4320374.732933239, "currency" : "POUNDS STERLING" }, { "account_type" : "Investment", "account_balance" : 9159979.449077135, "currency" : "EURO" }, { "account_type" : "Investment", "account_balance" : 8923437.883474918, "currency" : "USD" }, { "account_type" : "401K", "account_balance" : 3810781.9932702538, "currency" : "EURO" }, { "account_type" : "Investment", "account_balance" : 1803757.09787294, "currency" : "YEN" }, { "account_type" : "Investment", "account_balance" : 4947925.350834157, "currency" : "EURO" } ] }
{ "_id" : ObjectId("603ec8b3df61cc6d1d7d6642"), "first_name" : "RICHARD", "last_name" : "SMITH", "accounts" : [ { "account_type" : "Checking", "account_balance" : 714872.2542833243, "currency" : "EURO" }, { "account_type" : "Investment", "account_balance" : 4812651.936193353, "currency" : "YUAN" }, { "account_type" : "Investment", "account_balance" : 2862753.076585194, "currency" : "PESO" }, { "account_type" : "401K", "account_balance" : 7518653.660258865, "currency" : "EURO" }, { "account_type" : "Checking", "account_balance" : 2349544.575176711, "currency" : "YEN" }, { "account_type" : "Checking", "account_balance" : 8443090.325156216, "currency" : "YEN" }, { "account_type" : "Investment", "account_balance" : 745273.1369779429, "currency" : "PESO" }, { "account_type" : "Checking", "account_balance" : 8711574.840919748, "currency" : "POUNDS STERLING" } ] }
{ "_id" : ObjectId("603ec8b3df61cc6d1d7d6643"), "first_name" : "PAUL", "last_name" : "SMITH", "accounts" : [ { "account_type" : "Checking", "account_balance" : 936484.1221326711, "currency" : "YUAN" } ] }
{ "_id" : ObjectId("603ec8b3df61cc6d1d7d6644"), "first_name" : "JOSEPH", "last_name" : "SMITH", "accounts" : [ { "account_type" : "Savings", "account_balance" : 4622864.137518865, "currency" : "YEN" }, { "account_type" : "Savings", "account_balance" : 6580439.762613354, "currency" : "EURO" }, { "account_type" : "Investment", "account_balance" : 9045715.151562946, "currency" : "POUNDS STERLING" }, { "account_type" : "Checking", "account_balance" : 8273872.604220738, "currency" : "YUAN" }, { "account_type" : "401K", "account_balance" : 8996205.352283742, "currency" : "USD" }, { "account_type" : "401K", "account_balance" : 2691894.235052195, "currency" : "YUAN" } ] }
{ "_id" : ObjectId("603ec8b3df61cc6d1d7d6645"), "first_name" : "THOMAS", "last_name" : "SMITH", "accounts" : [ { "account_type" : "Investment", "account_balance" : 936130.4617335526, "currency" : "EURO" }, { "account_type" : "401K", "account_balance" : 4173144.9420674974, "currency" : "EURO" }, { "account_type" : "401K", "account_balance" : 8282074.554095908, "currency" : "POUNDS STERLING" }, { "account_type" : "Savings", "account_balance" : 7890796.5475060865, "currency" : "POUNDS STERLING" }, { "account_type" : "Savings", "account_balance" : 4747966.686441477, "currency" : "PESO" } ] }
{ "_id" : ObjectId("603ec8b3df61cc6d1d7d6646"), "first_name" : "DONALD", "last_name" : "SMITH", "accounts" : [ { "account_type" : "Savings", "account_balance" : 9075817.291616874, "currency" : "YUAN" }, { "account_type" : "401K", "account_balance" : 3447555.7155175945, "currency" : "POUNDS STERLING" } ] }
{ "_id" : ObjectId("603ec8b3df61cc6d1d7d6647"), "first_name" : "KENNETH", "last_name" : "SMITH", "accounts" : [ { "account_type" : "Investment", "account_balance" : 8984765.638846941, "currency" : "YEN" } ] }
{ "_id" : ObjectId("603ec8b3df61cc6d1d7d6648"), "first_name" : "GEORGE", "last_name" : "SMITH", "accounts" : [ { "account_type" : "Checking", "account_balance" : 7510049.716676093, "currency" : "PESO" }, { "account_type" : "Investment", "account_balance" : 8978088.436168617, "currency" : "USD" }, { "account_type" : "401K", "account_balance" : 3536582.866462197, "currency" : "YEN" }, { "account_type" : "Checking", "account_balance" : 4390095.46173461, "currency" : "USD" } ] }
{ "_id" : ObjectId("603ec8b3df61cc6d1d7d6649"), "first_name" : "DANIEL", "last_name" : "SMITH", "accounts" : [ { "account_type" : "401K", "account_balance" : 8382349.386766551, "currency" : "PESO" }, { "account_type" : "Savings", "account_balance" : 6605864.850059703, "currency" : "YUAN" }, { "account_type" : "Savings", "account_balance" : 3849188.922156063, "currency" : "YEN" }, { "account_type" : "401K", "account_balance" : 4040933.2733676303, "currency" : "YUAN" }, { "account_type" : "Savings", "account_balance" : 6169503.517499695, "currency" : "YUAN" }, { "account_type" : "401K", "account_balance" : 7641660.104955465, "currency" : "EURO" }, { "account_type" : "Checking", "account_balance" : 6103871.976585753, "currency" : "YEN" }, { "account_type" : "401K", "account_balance" : 5707269.0824853135, "currency" : "YEN" } ] }
{ "_id" : ObjectId("603ec8b3df61cc6d1d7d664a"), "first_name" : "JAMES", "last_name" : "SMITH", "accounts" : [ { "account_type" : "Savings", "account_balance" : 8995952.153640702, "currency" : "PESO" }, { "account_type" : "Checking", "account_balance" : 3901436.5580737568, "currency" : "USD" } ] }
{ "_id" : ObjectId("603ec8b3df61cc6d1d7d664b"), "first_name" : "CHRISTOPHER", "last_name" : "SMITH", "accounts" : [ { "account_type" : "Savings", "account_balance" : 1870338.5807330757, "currency" : "POUNDS STERLING" }, { "account_type" : "Checking", "account_balance" : 5098043.412530517, "currency" : "POUNDS STERLING" }, { "account_type" : "Checking", "account_balance" : 3042158.5783834355, "currency" : "YEN" }, { "account_type" : "Investment", "account_balance" : 2721431.0181220435, "currency" : "PESO" }, { "account_type" : "Savings", "account_balance" : 2135388.570106006, "currency" : "USD" }, { "account_type" : "Savings", "account_balance" : 2416831.8654360515, "currency" : "PESO" }, { "account_type" : "Savings", "account_balance" : 405349.36727577704, "currency" : "POUNDS STERLING" }, { "account_type" : "Investment", "account_balance" : 6140519.315997784, "currency" : "YEN" } ] }
{ "_id" : ObjectId("603ec8b3df61cc6d1d7d664c"), "first_name" : "MARK", "last_name" : "SMITH", "accounts" : [ { "account_type" : "Savings", "account_balance" : 521640.39247602574, "currency" : "USD" }, { "account_type" : "Investment", "account_balance" : 9896058.025694223, "currency" : "POUNDS STERLING" }, { "account_type" : "Savings", "account_balance" : 6326316.032295041, "currency" : "POUNDS STERLING" }, { "account_type" : "Investment", "account_balance" : 752161.7102783576, "currency" : "PESO" }, { "account_type" : "Checking", "account_balance" : 496816.2525023853, "currency" : "USD" }, { "account_type" : "Checking", "account_balance" : 7791969.069134079, "currency" : "EURO" }, { "account_type" : "Checking", "account_balance" : 8401384.260885552, "currency" : "POUNDS STERLING" } ] }
{ "_id" : ObjectId("603ec8b3df61cc6d1d7d664d"), "first_name" : "ROBERT", "last_name" : "SMITH", "accounts" : [ { "account_type" : "Investment", "account_balance" : 3465277.443564153, "currency" : "PESO" }, { "account_type" : "401K", "account_balance" : 6001520.415853325, "currency" : "USD" }, { "account_type" : "Investment", "account_balance" : 1739276.2966888128, "currency" : "USD" }, { "account_type" : "Checking", "account_balance" : 7704684.832334223, "currency" : "YUAN" } ] }
{ "_id" : ObjectId("603ec8b3df61cc6d1d7d664e"), "first_name" : "BRIAN", "last_name" : "SMITH", "accounts" : [ { "account_type" : "401K", "account_balance" : 149839.10500178766, "currency" : "PESO" } ] }
{ "_id" : ObjectId("603ec8b3df61cc6d1d7d664f"), "first_name" : "STEVEN", "last_name" : "SMITH", "accounts" : [ { "account_type" : "Investment", "account_balance" : 7606194.17605087, "currency" : "EURO" }, { "account_type" : "Investment", "account_balance" : 2099711.775821766, "currency" : "EURO" }, { "account_type" : "Investment", "account_balance" : 2961011.973269031, "currency" : "YUAN" }, { "account_type" : "Savings", "account_balance" : 5830306.873168334, "currency" : "USD" }, { "account_type" : "401K", "account_balance" : 1542091.8696738125, "currency" : "EURO" } ] }
{ "_id" : ObjectId("603ec8b3df61cc6d1d7d6650"), "first_name" : "KEVIN", "last_name" : "SMITH", "accounts" : [ { "account_type" : "Savings", "account_balance" : 3309735.6787135843, "currency" : "YEN" }, { "account_type" : "Investment", "account_balance" : 5631912.288049201, "currency" : "EURO" }, { "account_type" : "Investment", "account_balance" : 7381293.096057707, "currency" : "YUAN" }, { "account_type" : "401K", "account_balance" : 6173279.399191128, "currency" : "POUNDS STERLING" } ] }
Type "it" for more
92 test> smiths.toArray().filter(d => d.first_name = 'KEVIN')
[
        {
                "_id" : ObjectId("603ec8b3df61cc6d1d7d6651"),
                "first_name" : "KEVIN",
                "last_name" : "SMITH",
                "accounts" : [
                        {
                                "account_type" : "Savings",
                                "account_balance" : 8436439.162254475,
                                "currency" : "POUNDS STERLING"
                        }
                ]
        },
        {
                "_id" : ObjectId("603ec8b3df61cc6d1d7d6652"),
                "first_name" : "KEVIN",
                "last_name" : "SMITH",
                "accounts" : [
                        {
                                "account_type" : "401K",
                                "account_balance" : 6577381.434625924,
                                "currency" : "YEN"
                        },
                        {
                                "account_type" : "Checking",
                                "account_balance" : 8998935.759297138,
                                "currency" : "USD"
                        },
                        {
                                "account_type" : "Investment",
                                "account_balance" : 588000.4045217587,
                                "currency" : "YUAN"
                        },
                        {
                                "account_type" : "Savings",
                                "account_balance" : 6743563.754405159,
                                "currency" : "YUAN"
                        },
                        {
                                "account_type" : "401K",
                                "account_balance" : 8580650.627761671,
                                "currency" : "POUNDS STERLING"
                        },
                        {
                                "account_type" : "401K",
                                "account_balance" : 7687815.685781645,
                                "currency" : "YEN"
                        },
                        {
                                "account_type" : "Checking",
                                "account_balance" : 9128407.633252997,
                                "currency" : "EURO"
                        }
                ]
        },
        {
                "_id" : ObjectId("603ec8b3df61cc6d1d7d6653"),
                "first_name" : "KEVIN",
                "last_name" : "SMITH",
                "accounts" : [
                        {
                                "account_type" : "Investment",
                                "account_balance" : 2493283.6389967063,
                                "currency" : "YUAN"
                        },
                        {
                                "account_type" : "401K",
                                "account_balance" : 4633271.954959409,
                                "currency" : "YUAN"
                        },
                        {
                                "account_type" : "401K",
                                "account_balance" : 7348999.742797652,
                                "currency" : "YEN"
                        },
                        {
                                "account_type" : "401K",
                                "account_balance" : 2341998.38343059,
                                "currency" : "YEN"
                        },
                        {
                                "account_type" : "Investment",
                                "account_balance" : 1407184.001435296,
                                "currency" : "POUNDS STERLING"
                        },
                        {
                                "account_type" : "401K",
                                "account_balance" : 7393776.875547295,
                                "currency" : "PESO"
                        },
                        {
                                "account_type" : "Investment",
                                "account_balance" : 5511508.002603683,
                                "currency" : "USD"
                        },
                        {
                                "account_type" : "Investment",
                                "account_balance" : 7639752.530667685,
                                "currency" : "EURO"
                        }
                ]
        },
        {
                "_id" : ObjectId("603ec8b3df61cc6d1d7d6654"),
                "first_name" : "KEVIN",
                "last_name" : "SMITH",
                "accounts" : [
                        {
                                "account_type" : "Savings",
                                "account_balance" : 9144369.80675037,
                                "currency" : "YEN"
                        },
                        {
                                "account_type" : "401K",
                                "account_balance" : 1201940.1494810788,
                                "currency" : "POUNDS STERLING"
                        },
                        {
                                "account_type" : "401K",
                                "account_balance" : 6203406.088905666,
                                "currency" : "POUNDS STERLING"
                        },
                        {
                                "account_type" : "401K",
                                "account_balance" : 1755689.7844041009,
                                "currency" : "YEN"
                        },
                        {
                                "account_type" : "401K",
                                "account_balance" : 2835552.8116550343,
                                "currency" : "YUAN"
                        },
                        {
                                "account_type" : "Checking",
                                "account_balance" : 6295930.7888331935,
                                "currency" : "EURO"
                        },
                        {
                                "account_type" : "401K",
                                "account_balance" : 5688160.9761512885,
                                "currency" : "EURO"
                        }
                ]
        },
        {
                "_id" : ObjectId("603ec8b3df61cc6d1d7d6655"),
                "first_name" : "KEVIN",
                "last_name" : "SMITH",
                "accounts" : [
                        {
                                "account_type" : "Checking",
                                "account_balance" : 1689550.581933809,
                                "currency" : "YEN"
                        },
                        {
                                "account_type" : "Checking",
                                "account_balance" : 3234528.345237606,
                                "currency" : "USD"
                        },
                        {
                                "account_type" : "401K",
                                "account_balance" : 4094713.0255713062,
                                "currency" : "YEN"
                        },
                        {
                                "account_type" : "401K",
                                "account_balance" : 1090153.707606369,
                                "currency" : "YUAN"
                        },
                        {
                                "account_type" : "Savings",
                                "account_balance" : 5456246.332395777,
                                "currency" : "YEN"
                        },
                        {
                                "account_type" : "401K",
                                "account_balance" : 3844311.2999388725,
                                "currency" : "POUNDS STERLING"
                        },
                        {
                                "account_type" : "Checking",
                                "account_balance" : 5454424.98227164,
                                "currency" : "YUAN"
                        },
                        {
                                "account_type" : "Investment",
                                "account_balance" : 5096100.250082415,
                                "currency" : "PESO"
                        }
                ]
        },
        {
                "_id" : ObjectId("603ec8b3df61cc6d1d7d6656"),
                "first_name" : "KEVIN",
                "last_name" : "SMITH",
                "accounts" : [
                        {
                                "account_type" : "Checking",
                                "account_balance" : 7306262.434456466,
                                "currency" : "YUAN"
                        },
                        {
                                "account_type" : "Checking",
                                "account_balance" : 4461773.357745899,
                                "currency" : "POUNDS STERLING"
                        },
                        {
                                "account_type" : "Investment",
                                "account_balance" : 5690772.294958975,
                                "currency" : "PESO"
                        },
                        {
                                "account_type" : "Savings",
                                "account_balance" : 6496898.361854982,
                                "currency" : "PESO"
                        }
                ]
        },
        {
                "_id" : ObjectId("603ec8b3df61cc6d1d7d6657"),
                "first_name" : "KEVIN",
                "last_name" : "SMITH",
                "accounts" : [
                        {
                                "account_type" : "Investment",
                                "account_balance" : 6609320.603617963,
                                "currency" : "YUAN"
                        },
                        {
                                "account_type" : "Investment",
                                "account_balance" : 647398.8415543658,
                                "currency" : "YEN"
                        },
                        {
                                "account_type" : "Investment",
                                "account_balance" : 8929671.450689185,
                                "currency" : "YUAN"
                        },
                        {
                                "account_type" : "Savings",
                                "account_balance" : 8185125.893101759,
                                "currency" : "PESO"
                        },
                        {
                                "account_type" : "Checking",
                                "account_balance" : 5491299.946211371,
                                "currency" : "YUAN"
                        },
                        {
                                "account_type" : "401K",
                                "account_balance" : 5548263.96215673,
                                "currency" : "EURO"
                        },
                        {
                                "account_type" : "Savings",
                                "account_balance" : 9867639.877339946,
                                "currency" : "EURO"
                        },
                        {
                                "account_type" : "Investment",
                                "account_balance" : 8460019.334789598,
                                "currency" : "PESO"
                        }
                ]
        },
        {
                "_id" : ObjectId("603ec8b3df61cc6d1d7d6658"),
                "first_name" : "KEVIN",
                "last_name" : "SMITH",
                "accounts" : [
                        {
                                "account_type" : "401K",
                                "account_balance" : 2750672.5882634055,
                                "currency" : "YUAN"
                        },
                        {
                                "account_type" : "401K",
                                "account_balance" : 8336773.079210629,
                                "currency" : "POUNDS STERLING"
                        },
                        {
                                "account_type" : "Investment",
                                "account_balance" : 6818811.139404453,
                                "currency" : "POUNDS STERLING"
                        },
                        {
                                "account_type" : "401K",
                                "account_balance" : 4600906.8572719935,
                                "currency" : "YEN"
                        },
                        {
                                "account_type" : "401K",
                                "account_balance" : 8328683.085939264,
                                "currency" : "YEN"
                        },
                        {
                                "account_type" : "401K",
                                "account_balance" : 9428489.727548812,
                                "currency" : "USD"
                        },
                        {
                                "account_type" : "Investment",
                                "account_balance" : 3992429.8844449804,
                                "currency" : "EURO"
                        }
                ]
        },
        {
                "_id" : ObjectId("603ec8b3df61cc6d1d7d6659"),
                "first_name" : "KEVIN",
                "last_name" : "SMITH",
                "accounts" : [
                        {
                                "account_type" : "Checking",
                                "account_balance" : 6530548.144399805,
                                "currency" : "EURO"
                        },
                        {
                                "account_type" : "Savings",
                                "account_balance" : 1172979.7013590587,
                                "currency" : "EURO"
                        }
                ]
        },
        {
                "_id" : ObjectId("603ec8b3df61cc6d1d7d665a"),
                "first_name" : "KEVIN",
                "last_name" : "SMITH",
                "accounts" : [
                        {
                                "account_type" : "Checking",
                                "account_balance" : 5708037.488725111,
                                "currency" : "YUAN"
                        },
                        {
                                "account_type" : "Investment",
                                "account_balance" : 3233489.8810895467,
                                "currency" : "PESO"
                        }
                ]
        },
        {
                "_id" : ObjectId("603ec8b3df61cc6d1d7d665b"),
                "first_name" : "KEVIN",
                "last_name" : "SMITH",
                "accounts" : [
                        {
                                "account_type" : "Savings",
                                "account_balance" : 3391089.6451067976,
                                "currency" : "YUAN"
                        },
                        {
                                "account_type" : "401K",
                                "account_balance" : 8561220.253581073,
                                "currency" : "EURO"
                        },
                        {
                                "account_type" : "Checking",
                                "account_balance" : 2294882.8419566215,
                                "currency" : "YUAN"
                        },
                        {
                                "account_type" : "Savings",
                                "account_balance" : 4393639.877193107,
                                "currency" : "POUNDS STERLING"
                        },
                        {
                                "account_type" : "Investment",
                                "account_balance" : 9308663.784051068,
                                "currency" : "YEN"
                        }
                ]
        },
        {
                "_id" : ObjectId("603ec8b3df61cc6d1d7d665c"),
                "first_name" : "KEVIN",
                "last_name" : "SMITH",
                "accounts" : [
                        {
                                "account_type" : "Investment",
                                "account_balance" : 3759078.6501504136,
                                "currency" : "USD"
                        },
                        {
                                "account_type" : "Savings",
                                "account_balance" : 6219062.553470187,
                                "currency" : "POUNDS STERLING"
                        },
                        {
                                "account_type" : "Savings",
                                "account_balance" : 6933533.137680473,
                                "currency" : "YEN"
                        },
                        {
                                "account_type" : "Savings",
                                "account_balance" : 4451684.485658975,
                                "currency" : "YEN"
                        },
                        {
                                "account_type" : "Savings",
                                "account_balance" : 895803.2180684174,
                                "currency" : "EURO"
                        },
                        {
                                "account_type" : "401K",
                                "account_balance" : 6014295.063652024,
                                "currency" : "EURO"
                        },
                        {
                                "account_type" : "401K",
                                "account_balance" : 2105122.8409299008,
                                "currency" : "EURO"
                        },
                        {
                                "account_type" : "Investment",
                                "account_balance" : 7335379.207385309,
                                "currency" : "YUAN"
                        }
                ]
        },
        {
                "_id" : ObjectId("603ec8b3df61cc6d1d7d665d"),
                "first_name" : "KEVIN",
                "last_name" : "SMITH",
                "accounts" : [
                        {
                                "account_type" : "Investment",
                                "account_balance" : 6564642.067651129,
                                "currency" : "PESO"
                        },
                        {
                                "account_type" : "Savings",
                                "account_balance" : 5084316.701698672,
                                "currency" : "PESO"
                        },
                        {
                                "account_type" : "401K",
                                "account_balance" : 1781721.3490503912,
                                "currency" : "USD"
                        }
                ]
        },
        {
                "_id" : ObjectId("603ec8b3df61cc6d1d7d665e"),
                "first_name" : "KEVIN",
                "last_name" : "SMITH",
                "accounts" : [
                        {
                                "account_type" : "401K",
                                "account_balance" : 1473176.1946518857,
                                "currency" : "EURO"
                        },
                        {
                                "account_type" : "Savings",
                                "account_balance" : 177682.7833815054,
                                "currency" : "YUAN"
                        },
                        {
                                "account_type" : "Investment",
                                "account_balance" : 6405889.286820596,
                                "currency" : "YEN"
                        },
                        {
                                "account_type" : "401K",
                                "account_balance" : 8609971.632725786,
                                "currency" : "PESO"
                        },
                        {
                                "account_type" : "Investment",
                                "account_balance" : 6168197.838305248,
                                "currency" : "YUAN"
                        },
                        {
                                "account_type" : "401K",
                                "account_balance" : 9907911.718958965,
                                "currency" : "POUNDS STERLING"
                        },
                        {
                                "account_type" : "Savings",
                                "account_balance" : 5830650.2890201565,
                                "currency" : "PESO"
                        },
                        {
                                "account_type" : "401K",
                                "account_balance" : 8811181.638302729,
                                "currency" : "USD"
                        },
                        {
                                "account_type" : "401K",
                                "account_balance" : 3821459.5775807844,
                                "currency" : "POUNDS STERLING"
                        }
                ]
        },
        {
                "_id" : ObjectId("603ec8b3df61cc6d1d7d665f"),
                "first_name" : "KEVIN",
                "last_name" : "SMITH",
                "accounts" : [
                        {
                                "account_type" : "Savings",
                                "account_balance" : 2569907.038992555,
                                "currency" : "YUAN"
                        },
                        {
                                "account_type" : "Investment",
                                "account_balance" : 6160347.143688887,
                                "currency" : "EURO"
                        },
                        {
                                "account_type" : "Checking",
                                "account_balance" : 193573.47555011907,
                                "currency" : "YUAN"
                        }
                ]
        },
        {
                "_id" : ObjectId("603ec8b3df61cc6d1d7d6660"),
                "first_name" : "KEVIN",
                "last_name" : "SMITH",
                "accounts" : [
                        {
                                "account_type" : "Checking",
                                "account_balance" : 7154717.13502707,
                                "currency" : "YUAN"
                        },
                        {
                                "account_type" : "Investment",
                                "account_balance" : 6874010.299247401,
                                "currency" : "YEN"
                        },
                        {
                                "account_type" : "Savings",
                                "account_balance" : 8472491.191023117,
                                "currency" : "PESO"
                        },
                        {
                                "account_type" : "Savings",
                                "account_balance" : 9257189.639393922,
                                "currency" : "PESO"
                        },
                        {
                                "account_type" : "Savings",
                                "account_balance" : 1596264.0625447354,
                                "currency" : "YUAN"
                        },
                        {
                                "account_type" : "Checking",
                                "account_balance" : 8371425.206889373,
                                "currency" : "YEN"
                        }
                ]
        },
        {
                "_id" : ObjectId("603ec8b3df61cc6d1d7d6661"),
                "first_name" : "KEVIN",
                "last_name" : "SMITH",
                "accounts" : [
                        {
                                "account_type" : "Investment",
                                "account_balance" : 2355138.745269624,
                                "currency" : "PESO"
                        },
                        {
                                "account_type" : "Investment",
                                "account_balance" : 7257558.34321075,
                                "currency" : "YUAN"
                        },
                        {
                                "account_type" : "401K",
                                "account_balance" : 9789208.279821705,
                                "currency" : "PESO"
                        },
                        {
                                "account_type" : "Investment",
                                "account_balance" : 6500497.948857283,
                                "currency" : "PESO"
                        },
                        {
                                "account_type" : "Savings",
                                "account_balance" : 3840263.4092185786,
                                "currency" : "USD"
                        },
                        {
                                "account_type" : "401K",
                                "account_balance" : 2338668.7309363224,
                                "currency" : "YEN"
                        },
                        {
                                "account_type" : "Checking",
                                "account_balance" : 843361.8251650636,
                                "currency" : "USD"
                        },
                        {
                                "account_type" : "Savings",
                                "account_balance" : 8284152.218136787,
                                "currency" : "USD"
                        },
                        {
                                "account_type" : "Investment",
                                "account_balance" : 1293129.6961859262,
                                "currency" : "POUNDS STERLING"
                        }
                ]
        },
        {
                "_id" : ObjectId("603ec8b3df61cc6d1d7d6662"),
                "first_name" : "KEVIN",
                "last_name" : "SMITH",
                "accounts" : [
                        {
                                "account_type" : "401K",
                                "account_balance" : 2576445.1044204514,
                                "currency" : "POUNDS STERLING"
                        },
                        {
                                "account_type" : "Checking",
                                "account_balance" : 4112251.555500838,
                                "currency" : "USD"
                        },
                        {
                                "account_type" : "Checking",
                                "account_balance" : 2551297.8118438795,
                                "currency" : "EURO"
                        },
                        {
                                "account_type" : "401K",
                                "account_balance" : 3615949.053075526,
                                "currency" : "YUAN"
                        },
                        {
                                "account_type" : "401K",
                                "account_balance" : 7038231.230597571,
                                "currency" : "POUNDS STERLING"
                        },
                        {
                                "account_type" : "401K",
                                "account_balance" : 9685695.250524476,
                                "currency" : "EURO"
                        },
                        {
                                "account_type" : "401K",
                                "account_balance" : 4046890.1423443444,
                                "currency" : "POUNDS STERLING"
                        },
                        {
                                "account_type" : "Investment",
                                "account_balance" : 7322304.794819496,
                                "currency" : "USD"
                        }
                ]
        },
        {
                "_id" : ObjectId("603ec8b3df61cc6d1d7d6663"),
                "first_name" : "KEVIN",
                "last_name" : "SMITH",
                "accounts" : [
                        {
                                "account_type" : "Checking",
                                "account_balance" : 8379175.33963249,
                                "currency" : "POUNDS STERLING"
                        }
                ]
        },
        {
                "_id" : ObjectId("603ec8b3df61cc6d1d7d6664"),
                "first_name" : "KEVIN",
                "last_name" : "SMITH",
                "accounts" : [
                        {
                                "account_type" : "Checking",
                                "account_balance" : 5356347.344225762,
                                "currency" : "EURO"
                        },
                        {
                                "account_type" : "Checking",
                                "account_balance" : 6969942.184265779,
                                "currency" : "POUNDS STERLING"
                        },
                        {
                                "account_type" : "Checking",
                                "account_balance" : 798515.9957408805,
                                "currency" : "YUAN"
                        },
                        {
                                "account_type" : "Savings",
                                "account_balance" : 5938737.790410241,
                                "currency" : "USD"
                        },
                        {
                                "account_type" : "Savings",
                                "account_balance" : 870021.9975617621,
                                "currency" : "YUAN"
                        },
                        {
                                "account_type" : "Investment",
                                "account_balance" : 7407830.787906559,
                                "currency" : "POUNDS STERLING"
                        },
                        {
                                "account_type" : "Checking",
                                "account_balance" : 5984308.165441955,
                                "currency" : "YEN"
                        },
                        {
                                "account_type" : "Checking",
                                "account_balance" : 2751767.3136025714,
                                "currency" : "POUNDS STERLING"
                        }
                ]
        },
        {
                "_id" : ObjectId("603ec8b3df61cc6d1d7d6665"),
                "first_name" : "KEVIN",
                "last_name" : "SMITH",
                "accounts" : [
                        {
                                "account_type" : "Savings",
                                "account_balance" : 778479.9243429175,
                                "currency" : "USD"
                        },
                        {
                                "account_type" : "Investment",
                                "account_balance" : 5677426.921102093,
                                "currency" : "EURO"
                        },
                        {
                                "account_type" : "Savings",
                                "account_balance" : 3653420.0610750997,
                                "currency" : "POUNDS STERLING"
                        },
                        {
                                "account_type" : "Checking",
                                "account_balance" : 8111720.978292176,
                                "currency" : "POUNDS STERLING"
                        },
                        {
                                "account_type" : "Checking",
                                "account_balance" : 6911162.292044167,
                                "currency" : "YEN"
                        },
                        {
                                "account_type" : "Investment",
                                "account_balance" : 1512410.3614186475,
                                "currency" : "YEN"
                        },
                        {
                                "account_type" : "Savings",
                                "account_balance" : 9182811.597364968,
                                "currency" : "POUNDS STERLING"
                        },
                        {
                                "account_type" : "Savings",
                                "account_balance" : 7637600.740342199,
                                "currency" : "EURO"
                        },
                        {
                                "account_type" : "Investment",
                                "account_balance" : 1798895.0264128838,
                                "currency" : "YEN"
                        }
                ]
        },
        {
                "_id" : ObjectId("603ec8b3df61cc6d1d7d6666"),
                "first_name" : "KEVIN",
                "last_name" : "SMITH",
                "accounts" : [
                        {
                                "account_type" : "401K",
                                "account_balance" : 2062346.9851512057,
                                "currency" : "EURO"
                        },
                        {
                                "account_type" : "Investment",
                                "account_balance" : 920035.6097071606,
                                "currency" : "PESO"
                        }
                ]
        },
        {
                "_id" : ObjectId("603ec8b3df61cc6d1d7d6667"),
                "first_name" : "KEVIN",
                "last_name" : "SMITH",
                "accounts" : [
                        {
                                "account_type" : "Checking",
                                "account_balance" : 6730721.159646517,
                                "currency" : "POUNDS STERLING"
                        },
                        {
                                "account_type" : "Checking",
                                "account_balance" : 9896870.693034953,
                                "currency" : "YUAN"
                        },
                        {
                                "account_type" : "Savings",
                                "account_balance" : 7346447.914541776,
                                "currency" : "YUAN"
                        }
                ]
        },
        {
                "_id" : ObjectId("603ec8b3df61cc6d1d7d6668"),
                "first_name" : "KEVIN",
                "last_name" : "SMITH",
                "accounts" : [
                        {
                                "account_type" : "Investment",
                                "account_balance" : 1532954.0384936118,
                                "currency" : "YEN"
                        },
                        {
                                "account_type" : "Savings",
                                "account_balance" : 8898532.290037047,
                                "currency" : "PESO"
                        },
                        {
                                "account_type" : "401K",
                                "account_balance" : 8446439.24438432,
                                "currency" : "EURO"
                        },
                        {
                                "account_type" : "Investment",
                                "account_balance" : 7267786.247774322,
                                "currency" : "YEN"
                        },
                        {
                                "account_type" : "Savings",
                                "account_balance" : 3604354.9426694363,
                                "currency" : "USD"
                        },
                        {
                                "account_type" : "Investment",
                                "account_balance" : 7973781.371323074,
                                "currency" : "POUNDS STERLING"
                        },
                        {
                                "account_type" : "Checking",
                                "account_balance" : 2723171.5317830946,
                                "currency" : "YEN"
                        }
                ]
        },
        {
                "_id" : ObjectId("603ec8b3df61cc6d1d7d6669"),
                "first_name" : "KEVIN",
                "last_name" : "SMITH",
                "accounts" : [
                        {
                                "account_type" : "Investment",
                                "account_balance" : 6171950.769882431,
                                "currency" : "PESO"
                        },
                        {
                                "account_type" : "401K",
                                "account_balance" : 8845623.217251472,
                                "currency" : "POUNDS STERLING"
                        }
                ]
        },
        {
                "_id" : ObjectId("603ec8b3df61cc6d1d7d666a"),
                "first_name" : "KEVIN",
                "last_name" : "SMITH",
                "accounts" : [
                        {
                                "account_type" : "Investment",
                                "account_balance" : 1895471.7218645413,
                                "currency" : "PESO"
                        },
                        {
                                "account_type" : "401K",
                                "account_balance" : 2562095.2224331843,
                                "currency" : "POUNDS STERLING"
                        },
                        {
                                "account_type" : "Savings",
                                "account_balance" : 9248953.416851433,
                                "currency" : "POUNDS STERLING"
                        },
                        {
                                "account_type" : "Savings",
                                "account_balance" : 1828282.3997453344,
                                "currency" : "POUNDS STERLING"
                        },
                        {
                                "account_type" : "Checking",
                                "account_balance" : 5564024.644035234,
                                "currency" : "PESO"
                        }
                ]
        },
        {
                "_id" : ObjectId("603ec8b3df61cc6d1d7d666b"),
                "first_name" : "KEVIN",
                "last_name" : "SMITH",
                "accounts" : [
                        {
                                "account_type" : "401K",
                                "account_balance" : 9938199.841784136,
                                "currency" : "PESO"
                        },
                        {
                                "account_type" : "401K",
                                "account_balance" : 6374727.69526649,
                                "currency" : "USD"
                        },
                        {
                                "account_type" : "Checking",
                                "account_balance" : 9075044.284644017,
                                "currency" : "POUNDS STERLING"
                        },
                        {
                                "account_type" : "Investment",
                                "account_balance" : 2157188.2030681306,
                                "currency" : "POUNDS STERLING"
                        },
                        {
                                "account_type" : "Savings",
                                "account_balance" : 2088514.2248565985,
                                "currency" : "POUNDS STERLING"
                        },
                        {
                                "account_type" : "Investment",
                                "account_balance" : 6170070.220244758,
                                "currency" : "EURO"
                        }
                ]
        },
        {
                "_id" : ObjectId("603ec8b3df61cc6d1d7d666c"),
                "first_name" : "KEVIN",
                "last_name" : "SMITH",
                "accounts" : [
                        {
                                "account_type" : "Investment",
                                "account_balance" : 4981246.262456013,
                                "currency" : "PESO"
                        },
                        {
                                "account_type" : "Checking",
                                "account_balance" : 7848307.483172338,
                                "currency" : "USD"
                        },
                        {
                                "account_type" : "Checking",
                                "account_balance" : 7874020.644960353,
                                "currency" : "EURO"
                        },
                        {
                                "account_type" : "Savings",
                                "account_balance" : 4352580.569819708,
                                "currency" : "YEN"
                        },
                        {
                                "account_type" : "Checking",
                                "account_balance" : 2234254.9311916153,
                                "currency" : "POUNDS STERLING"
                        },
                        {
                                "account_type" : "Savings",
                                "account_balance" : 2255783.20472231,
                                "currency" : "YEN"
                        },
                        {
                                "account_type" : "Savings",
                                "account_balance" : 5112111.231862736,
                                "currency" : "USD"
                        },
                        {
                                "account_type" : "401K",
                                "account_balance" : 7713431.696665003,
                                "currency" : "YEN"
                        }
                ]
        },
        {
                "_id" : ObjectId("603ec8b3df61cc6d1d7d666d"),
                "first_name" : "KEVIN",
                "last_name" : "SMITH",
                "accounts" : [
                        {
                                "account_type" : "401K",
                                "account_balance" : 796487.5101836363,
                                "currency" : "PESO"
                        },
                        {
                                "account_type" : "401K",
                                "account_balance" : 7362643.803415878,
                                "currency" : "EURO"
                        },
                        {
                                "account_type" : "401K",
                                "account_balance" : 5450017.9037533,
                                "currency" : "EURO"
                        },
                        {
                                "account_type" : "Checking",
                                "account_balance" : 2386397.1245126184,
                                "currency" : "YUAN"
                        },
                        {
                                "account_type" : "Investment",
                                "account_balance" : 8201096.536977101,
                                "currency" : "USD"
                        },
                        {
                                "account_type" : "Savings",
                                "account_balance" : 6588340.723032347,
                                "currency" : "USD"
                        },
                        {
                                "account_type" : "Savings",
                                "account_balance" : 450320.6737778904,
                                "currency" : "YUAN"
                        },
                        {
                                "account_type" : "Investment",
                                "account_balance" : 6558147.592771979,
                                "currency" : "YUAN"
                        }
                ]
        },
        {
                "_id" : ObjectId("603ec8b3df61cc6d1d7d666e"),
                "first_name" : "KEVIN",
                "last_name" : "SMITH",
                "accounts" : [
                        {
                                "account_type" : "Investment",
                                "account_balance" : 4821991.335826526,
                                "currency" : "YUAN"
                        },
                        {
                                "account_type" : "Investment",
                                "account_balance" : 9425443.872297714,
                                "currency" : "USD"
                        }
                ]
        },
        {
                "_id" : ObjectId("603ec8b3df61cc6d1d7d666f"),
                "first_name" : "KEVIN",
                "last_name" : "SMITH",
                "accounts" : [
                        {
                                "account_type" : "401K",
                                "account_balance" : 1255474.332901143,
                                "currency" : "USD"
                        }
                ]
        },
        {
                "_id" : ObjectId("603ec8b3df61cc6d1d7d6670"),
                "first_name" : "KEVIN",
                "last_name" : "SMITH",
                "accounts" : [
                        {
                                "account_type" : "401K",
                                "account_balance" : 5754928.029672472,
                                "currency" : "YEN"
                        },
                        {
                                "account_type" : "Checking",
                                "account_balance" : 5964859.802767627,
                                "currency" : "YUAN"
                        },
                        {
                                "account_type" : "Savings",
                                "account_balance" : 8321064.213786688,
                                "currency" : "PESO"
                        },
                        {
                                "account_type" : "Checking",
                                "account_balance" : 920856.9895697047,
                                "currency" : "POUNDS STERLING"
                        },
                        {
                                "account_type" : "Investment",
                                "account_balance" : 3739566.242757339,
                                "currency" : "POUNDS STERLING"
                        }
                ]
        },
        {
                "_id" : ObjectId("603ec8b3df61cc6d1d7d6671"),
                "first_name" : "KEVIN",
                "last_name" : "SMITH",
                "accounts" : [
                        {
                                "account_type" : "Checking",
                                "account_balance" : 2945775.055512581,
                                "currency" : "POUNDS STERLING"
                        },
                        {
                                "account_type" : "Savings",
                                "account_balance" : 9387533.36623421,
                                "currency" : "YEN"
                        },
                        {
                                "account_type" : "Savings",
                                "account_balance" : 9554579.834532645,
                                "currency" : "USD"
                        },
                        {
                                "account_type" : "Savings",
                                "account_balance" : 8499897.653078984,
                                "currency" : "POUNDS STERLING"
                        },
                        {
                                "account_type" : "Savings",
                                "account_balance" : 5767262.432020949,
                                "currency" : "POUNDS STERLING"
                        },
                        {
                                "account_type" : "Savings",
                                "account_balance" : 2260917.625143932,
                                "currency" : "EURO"
                        },
                        {
                                "account_type" : "Investment",
                                "account_balance" : 4779649.182957621,
                                "currency" : "PESO"
                        },
                        {
                                "account_type" : "Savings",
                                "account_balance" : 5050979.459337104,
                                "currency" : "PESO"
                        }
                ]
        },
        {
                "_id" : ObjectId("603ec8b3df61cc6d1d7d6672"),
                "first_name" : "KEVIN",
                "last_name" : "SMITH",
                "accounts" : [
                        {
                                "account_type" : "401K",
                                "account_balance" : 6019867.745806983,
                                "currency" : "POUNDS STERLING"
                        },
                        {
                                "account_type" : "401K",
                                "account_balance" : 8508857.566740628,
                                "currency" : "EURO"
                        },
                        {
                                "account_type" : "401K",
                                "account_balance" : 9688309.014053676,
                                "currency" : "PESO"
                        },
                        {
                                "account_type" : "Savings",
                                "account_balance" : 1606573.0550284632,
                                "currency" : "POUNDS STERLING"
                        },
                        {
                                "account_type" : "Savings",
                                "account_balance" : 9076718.99571514,
                                "currency" : "USD"
                        }
                ]
        },
        {
                "_id" : ObjectId("603ec8b3df61cc6d1d7d6673"),
                "first_name" : "KEVIN",
                "last_name" : "SMITH",
                "accounts" : [
                        {
                                "account_type" : "Investment",
                                "account_balance" : 8703552.021610666,
                                "currency" : "POUNDS STERLING"
                        },
                        {
                                "account_type" : "Checking",
                                "account_balance" : 4097305.1917321617,
                                "currency" : "POUNDS STERLING"
                        },
                        {
                                "account_type" : "Checking",
                                "account_balance" : 6762262.712146619,
                                "currency" : "USD"
                        },
                        {
                                "account_type" : "401K",
                                "account_balance" : 7165353.098535903,
                                "currency" : "YUAN"
                        },
                        {
                                "account_type" : "Savings",
                                "account_balance" : 2210777.620896266,
                                "currency" : "POUNDS STERLING"
                        }
                ]
        },
        {
                "_id" : ObjectId("603ec8b3df61cc6d1d7d6674"),
                "first_name" : "KEVIN",
                "last_name" : "SMITH",
                "accounts" : [
                        {
                                "account_type" : "Checking",
                                "account_balance" : 2913395.3500320436,
                                "currency" : "EURO"
                        },
                        {
                                "account_type" : "Checking",
                                "account_balance" : 3982489.1508402685,
                                "currency" : "PESO"
                        },
                        {
                                "account_type" : "401K",
                                "account_balance" : 4179010.0664665606,
                                "currency" : "YEN"
                        },
                        {
                                "account_type" : "Investment",
                                "account_balance" : 3170325.648587981,
                                "currency" : "PESO"
                        },
                        {
                                "account_type" : "Investment",
                                "account_balance" : 1068025.4691481842,
                                "currency" : "USD"
                        },
                        {
                                "account_type" : "Checking",
                                "account_balance" : 1789451.0439216513,
                                "currency" : "POUNDS STERLING"
                        },
                        {
                                "account_type" : "Savings",
                                "account_balance" : 8554996.316241262,
                                "currency" : "EURO"
                        },
                        {
                                "account_type" : "401K",
                                "account_balance" : 987581.3372985001,
                                "currency" : "EURO"
                        },
                        {
                                "account_type" : "Checking",
                                "account_balance" : 6311203.983928602,
                                "currency" : "YEN"
                        }
                ]
        },
        {
                "_id" : ObjectId("603ec8b3df61cc6d1d7d6675"),
                "first_name" : "KEVIN",
                "last_name" : "SMITH",
                "accounts" : [
                        {
                                "account_type" : "Investment",
                                "account_balance" : 5010024.748791601,
                                "currency" : "YUAN"
                        },
                        {
                                "account_type" : "Savings",
                                "account_balance" : 8051313.949280103,
                                "currency" : "YEN"
                        },
                        {
                                "account_type" : "401K",
                                "account_balance" : 9823125.687194807,
                                "currency" : "YEN"
                        },
                        {
                                "account_type" : "Savings",
                                "account_balance" : 4441198.055287769,
                                "currency" : "USD"
                        },
                        {
                                "account_type" : "Savings",
                                "account_balance" : 8213709.376807868,
                                "currency" : "EURO"
                        },
                        {
                                "account_type" : "Savings",
                                "account_balance" : 7266375.06371256,
                                "currency" : "POUNDS STERLING"
                        },
                        {
                                "account_type" : "Investment",
                                "account_balance" : 5160089.357234136,
                                "currency" : "YEN"
                        },
                        {
                                "account_type" : "401K",
                                "account_balance" : 1044764.2163553138,
                                "currency" : "POUNDS STERLING"
                        },
                        {
                                "account_type" : "401K",
                                "account_balance" : 9224521.223944124,
                                "currency" : "YEN"
                        }
                ]
        },
        {
                "_id" : ObjectId("603ec8b3df61cc6d1d7d6676"),
                "first_name" : "KEVIN",
                "last_name" : "SMITH",
                "accounts" : [
                        {
                                "account_type" : "Investment",
                                "account_balance" : 3191153.9936926356,
                                "currency" : "USD"
                        },
                        {
                                "account_type" : "Investment",
                                "account_balance" : 8218969.947187914,
                                "currency" : "YUAN"
                        },
                        {
                                "account_type" : "401K",
                                "account_balance" : 3981118.083494397,
                                "currency" : "EURO"
                        }
                ]
        },
        {
                "_id" : ObjectId("603ec8b3df61cc6d1d7d6677"),
                "first_name" : "KEVIN",
                "last_name" : "SMITH",
                "accounts" : [
                        {
                                "account_type" : "Checking",
                                "account_balance" : 6690685.191744078,
                                "currency" : "YEN"
                        },
                        {
                                "account_type" : "Savings",
                                "account_balance" : 6981312.060158001,
                                "currency" : "POUNDS STERLING"
                        },
                        {
                                "account_type" : "401K",
                                "account_balance" : 6968498.995306942,
                                "currency" : "POUNDS STERLING"
                        },
                        {
                                "account_type" : "401K",
                                "account_balance" : 5137423.27072967,
                                "currency" : "YEN"
                        },
                        {
                                "account_type" : "Savings",
                                "account_balance" : 2419493.315004611,
                                "currency" : "PESO"
                        },
                        {
                                "account_type" : "Checking",
                                "account_balance" : 3047294.256090408,
                                "currency" : "YEN"
                        },
                        {
                                "account_type" : "Investment",
                                "account_balance" : 1170819.7712750842,
                                "currency" : "PESO"
                        },
                        {
                                "account_type" : "401K",
                                "account_balance" : 816106.7006841316,
                                "currency" : "YEN"
                        },
                        {
                                "account_type" : "Savings",
                                "account_balance" : 5800855.769438475,
                                "currency" : "YEN"
                        }
                ]
        },
        {
                "_id" : ObjectId("603ec8b3df61cc6d1d7d6678"),
                "first_name" : "KEVIN",
                "last_name" : "SMITH",
                "accounts" : [
                        {
                                "account_type" : "Savings",
                                "account_balance" : 5106783.119648027,
                                "currency" : "POUNDS STERLING"
                        },
                        {
                                "account_type" : "Savings",
                                "account_balance" : 6169912.507767438,
                                "currency" : "YUAN"
                        },
                        {
                                "account_type" : "Checking",
                                "account_balance" : 6156167.8806193555,
                                "currency" : "POUNDS STERLING"
                        },
                        {
                                "account_type" : "401K",
                                "account_balance" : 900506.7481741444,
                                "currency" : "PESO"
                        },
                        {
                                "account_type" : "Checking",
                                "account_balance" : 1384401.8628364122,
                                "currency" : "YEN"
                        },
                        {
                                "account_type" : "Savings",
                                "account_balance" : 4968515.906026227,
                                "currency" : "YUAN"
                        },
                        {
                                "account_type" : "Investment",
                                "account_balance" : 3474038.7550349273,
                                "currency" : "POUNDS STERLING"
                        },
                        {
                                "account_type" : "401K",
                                "account_balance" : 8363342.920311542,
                                "currency" : "POUNDS STERLING"
                        },
                        {
                                "account_type" : "401K",
                                "account_balance" : 5947817.737569911,
                                "currency" : "YEN"
                        }
                ]
        },
        {
                "_id" : ObjectId("603ec8b3df61cc6d1d7d6679"),
                "first_name" : "KEVIN",
                "last_name" : "SMITH",
                "accounts" : [
                        {
                                "account_type" : "Checking",
                                "account_balance" : 1433428.0426491243,
                                "currency" : "YEN"
                        },
                        {
                                "account_type" : "Savings",
                                "account_balance" : 8616077.902126674,
                                "currency" : "USD"
                        },
                        {
                                "account_type" : "Investment",
                                "account_balance" : 3868805.209258722,
                                "currency" : "YUAN"
                        },
                        {
                                "account_type" : "Investment",
                                "account_balance" : 5960193.565142364,
                                "currency" : "EURO"
                        },
                        {
                                "account_type" : "Savings",
                                "account_balance" : 4241868.317623448,
                                "currency" : "EURO"
                        },
                        {
                                "account_type" : "Checking",
                                "account_balance" : 8990907.733895384,
                                "currency" : "YEN"
                        },
                        {
                                "account_type" : "Investment",
                                "account_balance" : 656602.5614718252,
                                "currency" : "USD"
                        },
                        {
                                "account_type" : "Investment",
                                "account_balance" : 5698587.236105273,
                                "currency" : "YEN"
                        },
                        {
                                "account_type" : "Savings",
                                "account_balance" : 9769410.12406486,
                                "currency" : "EURO"
                        }
                ]
        },
        {
                "_id" : ObjectId("603ec8b3df61cc6d1d7d667a"),
                "first_name" : "KEVIN",
                "last_name" : "SMITH",
                "accounts" : [
                        {
                                "account_type" : "Checking",
                                "account_balance" : 8160498.511300475,
                                "currency" : "EURO"
                        },
                        {
                                "account_type" : "401K",
                                "account_balance" : 8388616.008943994,
                                "currency" : "POUNDS STERLING"
                        },
                        {
                                "account_type" : "Savings",
                                "account_balance" : 8554720.84967769,
                                "currency" : "POUNDS STERLING"
                        },
                        {
                                "account_type" : "Savings",
                                "account_balance" : 829902.0453262492,
                                "currency" : "USD"
                        },
                        {
                                "account_type" : "Savings",
                                "account_balance" : 1760341.4910703457,
                                "currency" : "YEN"
                        },
                        {
                                "account_type" : "401K",
                                "account_balance" : 545689.5743562116,
                                "currency" : "YEN"
                        },
                        {
                                "account_type" : "Checking",
                                "account_balance" : 7843841.046815641,
                                "currency" : "POUNDS STERLING"
                        }
                ]
        },
        {
                "_id" : ObjectId("603ec8b3df61cc6d1d7d667b"),
                "first_name" : "KEVIN",
                "last_name" : "SMITH",
                "accounts" : [
                        {
                                "account_type" : "401K",
                                "account_balance" : 7355824.341228507,
                                "currency" : "YEN"
                        }
                ]
        },
        {
                "_id" : ObjectId("603ec8b3df61cc6d1d7d667c"),
                "first_name" : "KEVIN",
                "last_name" : "SMITH",
                "accounts" : [
                        {
                                "account_type" : "401K",
                                "account_balance" : 592785.4253446155,
                                "currency" : "USD"
                        },
                        {
                                "account_type" : "401K",
                                "account_balance" : 4055497.496895705,
                                "currency" : "YUAN"
                        }
                ]
        },
        {
                "_id" : ObjectId("603ec8b3df61cc6d1d7d667d"),
                "first_name" : "KEVIN",
                "last_name" : "SMITH",
                "accounts" : [
                        {
                                "account_type" : "401K",
                                "account_balance" : 6998458.8060026355,
                                "currency" : "YUAN"
                        },
                        {
                                "account_type" : "401K",
                                "account_balance" : 6571757.243352819,
                                "currency" : "EURO"
                        },
                        {
                                "account_type" : "Checking",
                                "account_balance" : 9215683.15054612,
                                "currency" : "USD"
                        },
                        {
                                "account_type" : "401K",
                                "account_balance" : 2638196.8350389446,
                                "currency" : "PESO"
                        },
                        {
                                "account_type" : "Savings",
                                "account_balance" : 2306034.928086549,
                                "currency" : "USD"
                        },
                        {
                                "account_type" : "401K",
                                "account_balance" : 75791.77092939592,
                                "currency" : "USD"
                        }
                ]
        },
        {
                "_id" : ObjectId("603ec8b3df61cc6d1d7d667e"),
                "first_name" : "KEVIN",
                "last_name" : "SMITH",
                "accounts" : [
                        {
                                "account_type" : "401K",
                                "account_balance" : 9417728.955185927,
                                "currency" : "EURO"
                        },
                        {
                                "account_type" : "401K",
                                "account_balance" : 6543907.073655406,
                                "currency" : "YEN"
                        },
                        {
                                "account_type" : "Investment",
                                "account_balance" : 1816187.9409926806,
                                "currency" : "YEN"
                        },
                        {
                                "account_type" : "401K",
                                "account_balance" : 7307500.618382373,
                                "currency" : "PESO"
                        }
                ]
        },
        {
                "_id" : ObjectId("603ec8b3df61cc6d1d7d667f"),
                "first_name" : "KEVIN",
                "last_name" : "SMITH",
                "accounts" : [
                        {
                                "account_type" : "Investment",
                                "account_balance" : 3203404.241741685,
                                "currency" : "YEN"
                        },
                        {
                                "account_type" : "Checking",
                                "account_balance" : 7529376.143626228,
                                "currency" : "YUAN"
                        },
                        {
                                "account_type" : "Savings",
                                "account_balance" : 3616930.8858317924,
                                "currency" : "EURO"
                        },
                        {
                                "account_type" : "401K",
                                "account_balance" : 2416143.604152398,
                                "currency" : "PESO"
                        }
                ]
        },
        {
                "_id" : ObjectId("603ec8b3df61cc6d1d7d6680"),
                "first_name" : "KEVIN",
                "last_name" : "SMITH",
                "accounts" : [
                        {
                                "account_type" : "Checking",
                                "account_balance" : 5717578.980680155,
                                "currency" : "EURO"
                        },
                        {
                                "account_type" : "Savings",
                                "account_balance" : 6982661.395093768,
                                "currency" : "PESO"
                        },
                        {
                                "account_type" : "401K",
                                "account_balance" : 2241322.0157286683,
                                "currency" : "YEN"
                        },
                        {
                                "account_type" : "Investment",
                                "account_balance" : 8602467.359804556,
                                "currency" : "YEN"
                        },
                        {
                                "account_type" : "Investment",
                                "account_balance" : 6615492.347317605,
                                "currency" : "YUAN"
                        },
                        {
                                "account_type" : "401K",
                                "account_balance" : 4847132.7331317905,
                                "currency" : "POUNDS STERLING"
                        },
                        {
                                "account_type" : "Investment",
                                "account_balance" : 1879258.0587008803,
                                "currency" : "EURO"
                        },
                        {
                                "account_type" : "Investment",
                                "account_balance" : 5937676.955896176,
                                "currency" : "EURO"
                        },
                        {
                                "account_type" : "Checking",
                                "account_balance" : 424045.9734279716,
                                "currency" : "YUAN"
                        }
                ]
        },
        {
                "_id" : ObjectId("603ec8b3df61cc6d1d7d6681"),
                "first_name" : "KEVIN",
                "last_name" : "SMITH",
                "accounts" : [
                        {
                                "account_type" : "401K",
                                "account_balance" : 8691011.49664228,
                                "currency" : "USD"
                        }
                ]
        },
        {
                "_id" : ObjectId("603ec8b3df61cc6d1d7d6682"),
                "first_name" : "KEVIN",
                "last_name" : "SMITH",
                "accounts" : [
                        {
                                "account_type" : "Savings",
                                "account_balance" : 5597781.230642234,
                                "currency" : "YEN"
                        },
                        {
                                "account_type" : "Savings",
                                "account_balance" : 8132059.131121926,
                                "currency" : "PESO"
                        },
                        {
                                "account_type" : "Investment",
                                "account_balance" : 4119261.279886257,
                                "currency" : "PESO"
                        },
                        {
                                "account_type" : "Savings",
                                "account_balance" : 7065858.14599803,
                                "currency" : "EURO"
                        },
                        {
                                "account_type" : "Checking",
                                "account_balance" : 8015977.744283954,
                                "currency" : "USD"
                        },
                        {
                                "account_type" : "Savings",
                                "account_balance" : 7520386.551045405,
                                "currency" : "YEN"
                        }
                ]
        },
        {
                "_id" : ObjectId("603ec8b3df61cc6d1d7d6683"),
                "first_name" : "KEVIN",
                "last_name" : "SMITH",
                "accounts" : [
                        {
                                "account_type" : "Investment",
                                "account_balance" : 5393645.172809904,
                                "currency" : "PESO"
                        },
                        {
                                "account_type" : "Checking",
                                "account_balance" : 2282996.3312159395,
                                "currency" : "USD"
                        },
                        {
                                "account_type" : "Checking",
                                "account_balance" : 57185.412253963295,
                                "currency" : "USD"
                        },
                        {
                                "account_type" : "Savings",
                                "account_balance" : 5841834.459209571,
                                "currency" : "YEN"
                        },
                        {
                                "account_type" : "Investment",
                                "account_balance" : 5389791.8097446235,
                                "currency" : "YEN"
                        },
                        {
                                "account_type" : "Savings",
                                "account_balance" : 7546000.070641126,
                                "currency" : "EURO"
                        },
                        {
                                "account_type" : "Savings",
                                "account_balance" : 3845820.5056918096,
                                "currency" : "YEN"
                        },
                        {
                                "account_type" : "401K",
                                "account_balance" : 5212366.003847128,
                                "currency" : "USD"
                        },
                        {
                                "account_type" : "Checking",
                                "account_balance" : 5149551.704126448,
                                "currency" : "PESO"
                        }
                ]
        },
        {
                "_id" : ObjectId("603ec8b3df61cc6d1d7d6684"),
                "first_name" : "KEVIN",
                "last_name" : "SMITH",
                "accounts" : [
                        {
                                "account_type" : "Checking",
                                "account_balance" : 5803697.9980139155,
                                "currency" : "POUNDS STERLING"
                        },
                        {
                                "account_type" : "Savings",
                                "account_balance" : 2903809.315251017,
                                "currency" : "USD"
                        },
                        {
                                "account_type" : "Investment",
                                "account_balance" : 5104510.900012461,
                                "currency" : "YEN"
                        }
                ]
        },
        {
                "_id" : ObjectId("603ec8b3df61cc6d1d7d6685"),
                "first_name" : "KEVIN",
                "last_name" : "SMITH",
                "accounts" : [
                        {
                                "account_type" : "Savings",
                                "account_balance" : 1455321.836970739,
                                "currency" : "EURO"
                        }
                ]
        },
        {
                "_id" : ObjectId("603ec8b3df61cc6d1d7d6686"),
                "first_name" : "KEVIN",
                "last_name" : "SMITH",
                "accounts" : [
                        {
                                "account_type" : "Investment",
                                "account_balance" : 701598.8763108726,
                                "currency" : "POUNDS STERLING"
                        },
                        {
                                "account_type" : "Checking",
                                "account_balance" : 796077.2812569926,
                                "currency" : "YEN"
                        },
                        {
                                "account_type" : "401K",
                                "account_balance" : 9929286.959907807,
                                "currency" : "PESO"
                        }
                ]
        },
        {
                "_id" : ObjectId("603ec8b3df61cc6d1d7d6687"),
                "first_name" : "KEVIN",
                "last_name" : "SMITH",
                "accounts" : [
                        {
                                "account_type" : "Checking",
                                "account_balance" : 8718134.743531529,
                                "currency" : "PESO"
                        },
                        {
                                "account_type" : "Savings",
                                "account_balance" : 4750665.314403498,
                                "currency" : "POUNDS STERLING"
                        },
                        {
                                "account_type" : "Checking",
                                "account_balance" : 5353076.090307696,
                                "currency" : "USD"
                        },
                        {
                                "account_type" : "Savings",
                                "account_balance" : 870743.1787668297,
                                "currency" : "PESO"
                        },
                        {
                                "account_type" : "Investment",
                                "account_balance" : 8979256.60094206,
                                "currency" : "YUAN"
                        },
                        {
                                "account_type" : "401K",
                                "account_balance" : 5637978.156680841,
                                "currency" : "YUAN"
                        },
                        {
                                "account_type" : "Savings",
                                "account_balance" : 6639584.349077184,
                                "currency" : "YUAN"
                        },
                        {
                                "account_type" : "Checking",
                                "account_balance" : 6246074.199986478,
                                "currency" : "USD"
                        },
                        {
                                "account_type" : "401K",
                                "account_balance" : 4843615.665957961,
                                "currency" : "PESO"
                        }
                ]
        },
        {
                "_id" : ObjectId("603ec8b3df61cc6d1d7d6688"),
                "first_name" : "KEVIN",
                "last_name" : "SMITH",
                "accounts" : [
                        {
                                "account_type" : "Savings",
                                "account_balance" : 814479.4078971546,
                                "currency" : "YEN"
                        },
                        {
                                "account_type" : "Savings",
                                "account_balance" : 457759.456102222,
                                "currency" : "YEN"
                        }
                ]
        },
        {
                "_id" : ObjectId("603ec8b3df61cc6d1d7d6689"),
                "first_name" : "KEVIN",
                "last_name" : "SMITH",
                "accounts" : [
                        {
                                "account_type" : "Investment",
                                "account_balance" : 3746059.1902676197,
                                "currency" : "POUNDS STERLING"
                        },
                        {
                                "account_type" : "401K",
                                "account_balance" : 754415.2080037405,
                                "currency" : "YEN"
                        },
                        {
                                "account_type" : "401K",
                                "account_balance" : 1184064.8091044244,
                                "currency" : "YUAN"
                        },
                        {
                                "account_type" : "Investment",
                                "account_balance" : 321560.6468475284,
                                "currency" : "YUAN"
                        },
                        {
                                "account_type" : "Investment",
                                "account_balance" : 1318759.6815631196,
                                "currency" : "EURO"
                        },
                        {
                                "account_type" : "401K",
                                "account_balance" : 8192879.038673103,
                                "currency" : "USD"
                        },
                        {
                                "account_type" : "401K",
                                "account_balance" : 18680.030940330354,
                                "currency" : "USD"
                        }
                ]
        },
        {
                "_id" : ObjectId("603ec8b3df61cc6d1d7d668a"),
                "first_name" : "KEVIN",
                "last_name" : "SMITH",
                "accounts" : [
                        {
                                "account_type" : "Savings",
                                "account_balance" : 9305130.274378829,
                                "currency" : "EURO"
                        },
                        {
                                "account_type" : "Savings",
                                "account_balance" : 8237458.165278263,
                                "currency" : "POUNDS STERLING"
                        },
                        {
                                "account_type" : "401K",
                                "account_balance" : 8975692.129453924,
                                "currency" : "POUNDS STERLING"
                        },
                        {
                                "account_type" : "Checking",
                                "account_balance" : 829182.456682625,
                                "currency" : "YUAN"
                        },
                        {
                                "account_type" : "Savings",
                                "account_balance" : 8337753.587160666,
                                "currency" : "YUAN"
                        },
                        {
                                "account_type" : "401K",
                                "account_balance" : 2771089.53097509,
                                "currency" : "USD"
                        },
                        {
                                "account_type" : "401K",
                                "account_balance" : 8493785.914486824,
                                "currency" : "PESO"
                        },
                        {
                                "account_type" : "Savings",
                                "account_balance" : 643055.1791120963,
                                "currency" : "POUNDS STERLING"
                        }
                ]
        },
        {
                "_id" : ObjectId("603ec8b3df61cc6d1d7d668b"),
                "first_name" : "KEVIN",
                "last_name" : "SMITH",
                "accounts" : [
                        {
                                "account_type" : "401K",
                                "account_balance" : 3826231.036020005,
                                "currency" : "YEN"
                        },
                        {
                                "account_type" : "401K",
                                "account_balance" : 8896281.649143375,
                                "currency" : "EURO"
                        },
                        {
                                "account_type" : "Investment",
                                "account_balance" : 1537637.4031393086,
                                "currency" : "PESO"
                        },
                        {
                                "account_type" : "401K",
                                "account_balance" : 9273181.780520443,
                                "currency" : "YEN"
                        },
                        {
                                "account_type" : "Checking",
                                "account_balance" : 9402436.199990101,
                                "currency" : "USD"
                        },
                        {
                                "account_type" : "Investment",
                                "account_balance" : 4060454.081289488,
                                "currency" : "EURO"
                        },
                        {
                                "account_type" : "Savings",
                                "account_balance" : 1429551.4058350318,
                                "currency" : "PESO"
                        }
                ]
        },
        {
                "_id" : ObjectId("603ec8b3df61cc6d1d7d668c"),
                "first_name" : "KEVIN",
                "last_name" : "SMITH",
                "accounts" : [
                        {
                                "account_type" : "401K",
                                "account_balance" : 9405881.052418716,
                                "currency" : "POUNDS STERLING"
                        },
                        {
                                "account_type" : "Checking",
                                "account_balance" : 8640157.65699562,
                                "currency" : "EURO"
                        },
                        {
                                "account_type" : "401K",
                                "account_balance" : 1957383.5980403381,
                                "currency" : "EURO"
                        },
                        {
                                "account_type" : "Investment",
                                "account_balance" : 4654358.139021369,
                                "currency" : "YUAN"
                        },
                        {
                                "account_type" : "Investment",
                                "account_balance" : 9629331.986474104,
                                "currency" : "POUNDS STERLING"
                        },
                        {
                                "account_type" : "Checking",
                                "account_balance" : 5197190.450928983,
                                "currency" : "YEN"
                        }
                ]
        },
        {
                "_id" : ObjectId("603ec8b3df61cc6d1d7d668d"),
                "first_name" : "KEVIN",
                "last_name" : "SMITH",
                "accounts" : [
                        {
                                "account_type" : "Savings",
                                "account_balance" : 7908379.592321927,
                                "currency" : "USD"
                        },
                        {
                                "account_type" : "Savings",
                                "account_balance" : 7218993.431764101,
                                "currency" : "PESO"
                        },
                        {
                                "account_type" : "Savings",
                                "account_balance" : 5246101.111829398,
                                "currency" : "YEN"
                        },
                        {
                                "account_type" : "Investment",
                                "account_balance" : 3119252.1542057553,
                                "currency" : "POUNDS STERLING"
                        },
                        {
                                "account_type" : "Checking",
                                "account_balance" : 3085832.5130876377,
                                "currency" : "EURO"
                        },
                        {
                                "account_type" : "Checking",
                                "account_balance" : 8640990.850683842,
                                "currency" : "YEN"
                        }
                ]
        },
        {
                "_id" : ObjectId("603ec8b3df61cc6d1d7d668e"),
                "first_name" : "KEVIN",
                "last_name" : "SMITH",
                "accounts" : [
                        {
                                "account_type" : "Checking",
                                "account_balance" : 9015319.053537576,
                                "currency" : "EURO"
                        },
                        {
                                "account_type" : "401K",
                                "account_balance" : 2568909.848728569,
                                "currency" : "YEN"
                        },
                        {
                                "account_type" : "Investment",
                                "account_balance" : 1767504.003565464,
                                "currency" : "YEN"
                        },
                        {
                                "account_type" : "Checking",
                                "account_balance" : 4729369.634005941,
                                "currency" : "YUAN"
                        },
                        {
                                "account_type" : "401K",
                                "account_balance" : 5978714.747391947,
                                "currency" : "PESO"
                        }
                ]
        },
        {
                "_id" : ObjectId("603ec8b3df61cc6d1d7d668f"),
                "first_name" : "KEVIN",
                "last_name" : "SMITH",
                "accounts" : [
                        {
                                "account_type" : "401K",
                                "account_balance" : 7008538.816556148,
                                "currency" : "PESO"
                        },
                        {
                                "account_type" : "Investment",
                                "account_balance" : 8374585.46346579,
                                "currency" : "YEN"
                        },
                        {
                                "account_type" : "Savings",
                                "account_balance" : 5544621.902192661,
                                "currency" : "USD"
                        },
                        {
                                "account_type" : "Savings",
                                "account_balance" : 6688461.815316052,
                                "currency" : "EURO"
                        },
                        {
                                "account_type" : "Investment",
                                "account_balance" : 1550725.9857766782,
                                "currency" : "YEN"
                        },
                        {
                                "account_type" : "Savings",
                                "account_balance" : 1110822.8454611201,
                                "currency" : "POUNDS STERLING"
                        },
                        {
                                "account_type" : "Investment",
                                "account_balance" : 7343729.277116241,
                                "currency" : "YEN"
                        },
                        {
                                "account_type" : "Investment",
                                "account_balance" : 3738664.6108365655,
                                "currency" : "EURO"
                        },
                        {
                                "account_type" : "Savings",
                                "account_balance" : 4246397.145601486,
                                "currency" : "EURO"
                        }
                ]
        },
        {
                "_id" : ObjectId("603ec8b3df61cc6d1d7d6690"),
                "first_name" : "KEVIN",
                "last_name" : "SMITH",
                "accounts" : [
                        {
                                "account_type" : "401K",
                                "account_balance" : 7241112.02637799,
                                "currency" : "YEN"
                        },
                        {
                                "account_type" : "Investment",
                                "account_balance" : 750630.3926014036,
                                "currency" : "EURO"
                        },
                        {
                                "account_type" : "Investment",
                                "account_balance" : 8336610.942951521,
                                "currency" : "PESO"
                        },
                        {
                                "account_type" : "Investment",
                                "account_balance" : 9552143.44835496,
                                "currency" : "YEN"
                        },
                        {
                                "account_type" : "Investment",
                                "account_balance" : 9195555.974854711,
                                "currency" : "USD"
                        },
                        {
                                "account_type" : "Checking",
                                "account_balance" : 709649.7191134226,
                                "currency" : "PESO"
                        },
                        {
                                "account_type" : "Investment",
                                "account_balance" : 6225702.07484091,
                                "currency" : "EURO"
                        },
                        {
                                "account_type" : "Checking",
                                "account_balance" : 7382430.443370238,
                                "currency" : "EURO"
                        }
                ]
        },
        {
                "_id" : ObjectId("603ec8b3df61cc6d1d7d6691"),
                "first_name" : "KEVIN",
                "last_name" : "SMITH",
                "accounts" : [
                        {
                                "account_type" : "Savings",
                                "account_balance" : 9689557.419243818,
                                "currency" : "YUAN"
                        },
                        {
                                "account_type" : "Savings",
                                "account_balance" : 2826694.1048074523,
                                "currency" : "YUAN"
                        }
                ]
        },
        {
                "_id" : ObjectId("603ec8b3df61cc6d1d7d6692"),
                "first_name" : "KEVIN",
                "last_name" : "SMITH",
                "accounts" : [
                        {
                                "account_type" : "Investment",
                                "account_balance" : 3880964.9467324093,
                                "currency" : "YEN"
                        }
                ]
        },
        {
                "_id" : ObjectId("603ec8b3df61cc6d1d7d6693"),
                "first_name" : "KEVIN",
                "last_name" : "SMITH",
                "accounts" : [
                        {
                                "account_type" : "Investment",
                                "account_balance" : 1563523.811863635,
                                "currency" : "EURO"
                        },
                        {
                                "account_type" : "Checking",
                                "account_balance" : 2557147.47628975,
                                "currency" : "EURO"
                        },
                        {
                                "account_type" : "Savings",
                                "account_balance" : 2973630.2031286582,
                                "currency" : "POUNDS STERLING"
                        },
                        {
                                "account_type" : "Savings",
                                "account_balance" : 9723364.315891268,
                                "currency" : "EURO"
                        },
                        {
                                "account_type" : "Savings",
                                "account_balance" : 4035239.6799432067,
                                "currency" : "POUNDS STERLING"
                        },
                        {
                                "account_type" : "401K",
                                "account_balance" : 2026312.0484784048,
                                "currency" : "USD"
                        }
                ]
        },
        {
                "_id" : ObjectId("603ec8b3df61cc6d1d7d6694"),
                "first_name" : "KEVIN",
                "last_name" : "SMITH",
                "accounts" : [
                        {
                                "account_type" : "Savings",
                                "account_balance" : 6811081.8752698405,
                                "currency" : "USD"
                        },
                        {
                                "account_type" : "401K",
                                "account_balance" : 5306183.43060169,
                                "currency" : "USD"
                        },
                        {
                                "account_type" : "401K",
                                "account_balance" : 307345.9253636927,
                                "currency" : "POUNDS STERLING"
                        },
                        {
                                "account_type" : "401K",
                                "account_balance" : 6787727.033880806,
                                "currency" : "YUAN"
                        },
                        {
                                "account_type" : "Investment",
                                "account_balance" : 2817954.0205043377,
                                "currency" : "POUNDS STERLING"
                        }
                ]
        },
        {
                "_id" : ObjectId("603ec8b3df61cc6d1d7d6695"),
                "first_name" : "KEVIN",
                "last_name" : "SMITH",
                "accounts" : [
                        {
                                "account_type" : "Savings",
                                "account_balance" : 5147278.785999021,
                                "currency" : "PESO"
                        },
                        {
                                "account_type" : "Checking",
                                "account_balance" : 5488293.159938371,
                                "currency" : "POUNDS STERLING"
                        },
                        {
                                "account_type" : "Checking",
                                "account_balance" : 7188065.800058873,
                                "currency" : "YEN"
                        },
                        {
                                "account_type" : "Investment",
                                "account_balance" : 9382680.456659064,
                                "currency" : "USD"
                        },
                        {
                                "account_type" : "Investment",
                                "account_balance" : 560591.441865029,
                                "currency" : "USD"
                        },
                        {
                                "account_type" : "Checking",
                                "account_balance" : 9832767.49887925,
                                "currency" : "YEN"
                        }
                ]
        },
        {
                "_id" : ObjectId("603ec8b3df61cc6d1d7d6696"),
                "first_name" : "KEVIN",
                "last_name" : "SMITH",
                "accounts" : [
                        {
                                "account_type" : "Savings",
                                "account_balance" : 4225179.940764525,
                                "currency" : "EURO"
                        },
                        {
                                "account_type" : "Savings",
                                "account_balance" : 6503446.6462188065,
                                "currency" : "YEN"
                        }
                ]
        },
        {
                "_id" : ObjectId("603ec8b3df61cc6d1d7d6697"),
                "first_name" : "KEVIN",
                "last_name" : "SMITH",
                "accounts" : [
                        {
                                "account_type" : "Savings",
                                "account_balance" : 8446771.828955682,
                                "currency" : "EURO"
                        }
                ]
        },
        {
                "_id" : ObjectId("603ec8b3df61cc6d1d7d6698"),
                "first_name" : "KEVIN",
                "last_name" : "SMITH",
                "accounts" : [
                        {
                                "account_type" : "Investment",
                                "account_balance" : 9920646.066105584,
                                "currency" : "YUAN"
                        },
                        {
                                "account_type" : "Investment",
                                "account_balance" : 5173869.102224689,
                                "currency" : "YEN"
                        }
                ]
        },
        {
                "_id" : ObjectId("603ec8b3df61cc6d1d7d6699"),
                "first_name" : "KEVIN",
                "last_name" : "SMITH",
                "accounts" : [
                        {
                                "account_type" : "401K",
                                "account_balance" : 6228235.018205168,
                                "currency" : "YUAN"
                        },
                        {
                                "account_type" : "Investment",
                                "account_balance" : 2908487.9813747946,
                                "currency" : "POUNDS STERLING"
                        },
                        {
                                "account_type" : "Investment",
                                "account_balance" : 4901979.839106901,
                                "currency" : "PESO"
                        },
                        {
                                "account_type" : "Checking",
                                "account_balance" : 4142316.971181014,
                                "currency" : "POUNDS STERLING"
                        },
                        {
                                "account_type" : "Investment",
                                "account_balance" : 5629530.381908378,
                                "currency" : "POUNDS STERLING"
                        },
                        {
                                "account_type" : "Investment",
                                "account_balance" : 1041298.2275629817,
                                "currency" : "PESO"
                        },
                        {
                                "account_type" : "401K",
                                "account_balance" : 2826409.7604123247,
                                "currency" : "YUAN"
                        },
                        {
                                "account_type" : "401K",
                                "account_balance" : 8147981.735055368,
                                "currency" : "EURO"
                        }
                ]
        },
        {
                "_id" : ObjectId("603ec8b3df61cc6d1d7d669a"),
                "first_name" : "KEVIN",
                "last_name" : "SMITH",
                "accounts" : [
                        {
                                "account_type" : "401K",
                                "account_balance" : 1294682.0827057175,
                                "currency" : "EURO"
                        },
                        {
                                "account_type" : "Investment",
                                "account_balance" : 6348353.529675549,
                                "currency" : "YUAN"
                        },
                        {
                                "account_type" : "Checking",
                                "account_balance" : 7823290.717769854,
                                "currency" : "PESO"
                        }
                ]
        },
        {
                "_id" : ObjectId("603ec8b3df61cc6d1d7d669b"),
                "first_name" : "KEVIN",
                "last_name" : "SMITH",
                "accounts" : [
                        {
                                "account_type" : "Checking",
                                "account_balance" : 3938606.346114838,
                                "currency" : "USD"
                        },
                        {
                                "account_type" : "Checking",
                                "account_balance" : 8386752.6422061045,
                                "currency" : "PESO"
                        },
                        {
                                "account_type" : "401K",
                                "account_balance" : 5706757.814382654,
                                "currency" : "YUAN"
                        },
                        {
                                "account_type" : "401K",
                                "account_balance" : 8759331.09966469,
                                "currency" : "USD"
                        },
                        {
                                "account_type" : "Checking",
                                "account_balance" : 5993457.458873597,
                                "currency" : "USD"
                        },
                        {
                                "account_type" : "Checking",
                                "account_balance" : 8504670.20582212,
                                "currency" : "YUAN"
                        },
                        {
                                "account_type" : "Investment",
                                "account_balance" : 5311651.101490249,
                                "currency" : "YEN"
                        }
                ]
        },
        {
                "_id" : ObjectId("603ec8b3df61cc6d1d7d669c"),
                "first_name" : "KEVIN",
                "last_name" : "SMITH",
                "accounts" : [
                        {
                                "account_type" : "Savings",
                                "account_balance" : 671709.0219033749,
                                "currency" : "PESO"
                        },
                        {
                                "account_type" : "401K",
                                "account_balance" : 7766558.538258117,
                                "currency" : "YEN"
                        },
                        {
                                "account_type" : "Savings",
                                "account_balance" : 4226238.754308805,
                                "currency" : "PESO"
                        },
                        {
                                "account_type" : "Savings",
                                "account_balance" : 1159593.8312723748,
                                "currency" : "YUAN"
                        },
                        {
                                "account_type" : "401K",
                                "account_balance" : 8031744.044365328,
                                "currency" : "PESO"
                        },
                        {
                                "account_type" : "Savings",
                                "account_balance" : 5976663.681921139,
                                "currency" : "YUAN"
                        },
                        {
                                "account_type" : "401K",
                                "account_balance" : 6225370.694003855,
                                "currency" : "YUAN"
                        },
                        {
                                "account_type" : "Savings",
                                "account_balance" : 6595956.077114249,
                                "currency" : "EURO"
                        },
                        {
                                "account_type" : "Savings",
                                "account_balance" : 6412734.334764839,
                                "currency" : "PESO"
                        }
                ]
        },
        {
                "_id" : ObjectId("603ec8b3df61cc6d1d7d669d"),
                "first_name" : "KEVIN",
                "last_name" : "SMITH",
                "accounts" : [
                        {
                                "account_type" : "Savings",
                                "account_balance" : 4258860.103048694,
                                "currency" : "EURO"
                        },
                        {
                                "account_type" : "Investment",
                                "account_balance" : 8561724.855743071,
                                "currency" : "USD"
                        }
                ]
        },
        {
                "_id" : ObjectId("603ec8b3df61cc6d1d7d669e"),
                "first_name" : "KEVIN",
                "last_name" : "SMITH",
                "accounts" : [
                        {
                                "account_type" : "Savings",
                                "account_balance" : 9636237.423696352,
                                "currency" : "POUNDS STERLING"
                        },
                        {
                                "account_type" : "401K",
                                "account_balance" : 8431424.058212567,
                                "currency" : "POUNDS STERLING"
                        },
                        {
                                "account_type" : "Investment",
                                "account_balance" : 5257262.550765347,
                                "currency" : "YEN"
                        },
                        {
                                "account_type" : "Checking",
                                "account_balance" : 603446.8977762165,
                                "currency" : "PESO"
                        },
                        {
                                "account_type" : "Investment",
                                "account_balance" : 9035847.249704592,
                                "currency" : "USD"
                        },
                        {
                                "account_type" : "Checking",
                                "account_balance" : 1267505.417487238,
                                "currency" : "YEN"
                        },
                        {
                                "account_type" : "401K",
                                "account_balance" : 8297653.392931597,
                                "currency" : "POUNDS STERLING"
                        },
                        {
                                "account_type" : "Savings",
                                "account_balance" : 7065907.09397935,
                                "currency" : "PESO"
                        },
                        {
                                "account_type" : "Investment",
                                "account_balance" : 8421358.050092565,
                                "currency" : "POUNDS STERLING"
                        }
                ]
        },
        {
                "_id" : ObjectId("603ec8b3df61cc6d1d7d669f"),
                "first_name" : "KEVIN",
                "last_name" : "SMITH",
                "accounts" : [
                        {
                                "account_type" : "Checking",
                                "account_balance" : 4140390.0160723953,
                                "currency" : "YEN"
                        },
                        {
                                "account_type" : "Investment",
                                "account_balance" : 6252566.137011867,
                                "currency" : "PESO"
                        },
                        {
                                "account_type" : "Savings",
                                "account_balance" : 6787334.686345806,
                                "currency" : "PESO"
                        }
                ]
        },
        {
                "_id" : ObjectId("603ec8b3df61cc6d1d7d66a0"),
                "first_name" : "KEVIN",
                "last_name" : "SMITH",
                "accounts" : [
                        {
                                "account_type" : "401K",
                                "account_balance" : 5958257.366658117,
                                "currency" : "EURO"
                        },
                        {
                                "account_type" : "Investment",
                                "account_balance" : 8879958.502037097,
                                "currency" : "YEN"
                        },
                        {
                                "account_type" : "Savings",
                                "account_balance" : 40573.729801390786,
                                "currency" : "YEN"
                        },
                        {
                                "account_type" : "Investment",
                                "account_balance" : 9711570.783730526,
                                "currency" : "PESO"
                        },
                        {
                                "account_type" : "Checking",
                                "account_balance" : 7746188.2105649365,
                                "currency" : "PESO"
                        },
                        {
                                "account_type" : "Checking",
                                "account_balance" : 6144632.643763933,
                                "currency" : "EURO"
                        },
                        {
                                "account_type" : "Checking",
                                "account_balance" : 406405.64762290707,
                                "currency" : "PESO"
                        },
                        {
                                "account_type" : "Checking",
                                "account_balance" : 7867642.310651257,
                                "currency" : "PESO"
                        }
                ]
        }
]
93 test> smiths = db.bank_data.find({last_name: 'SMITH'})
{ "_id" : ObjectId("603ec8b3df61cc6d1d7d663d"), "first_name" : "WILLIAM", "last_name" : "SMITH", "accounts" : [ { "account_type" : "401K", "account_balance" : 2497138.738978415, "currency" : "PESO" }, { "account_type" : "Checking", "account_balance" : 405606.12124239095, "currency" : "PESO" }, { "account_type" : "Investment", "account_balance" : 9149015.783455048, "currency" : "PESO" }, { "account_type" : "401K", "account_balance" : 8797914.360492531, "currency" : "YUAN" } ] }
{ "_id" : ObjectId("603ec8b3df61cc6d1d7d663e"), "first_name" : "DAVID", "last_name" : "SMITH", "accounts" : [ { "account_type" : "Savings", "account_balance" : 8857597.106995674, "currency" : "POUNDS STERLING" }, { "account_type" : "Checking", "account_balance" : 471237.47356353, "currency" : "USD" }, { "account_type" : "Investment", "account_balance" : 2834734.162895667, "currency" : "USD" }, { "account_type" : "401K", "account_balance" : 6177092.375456998, "currency" : "USD" } ] }
{ "_id" : ObjectId("603ec8b3df61cc6d1d7d663f"), "first_name" : "CHARLES", "last_name" : "SMITH", "accounts" : [ { "account_type" : "401K", "account_balance" : 7959552.738209671, "currency" : "PESO" }, { "account_type" : "Savings", "account_balance" : 7586797.95113736, "currency" : "USD" }, { "account_type" : "401K", "account_balance" : 3000642.5318386676, "currency" : "YUAN" }, { "account_type" : "Savings", "account_balance" : 8510528.056592602, "currency" : "POUNDS STERLING" }, { "account_type" : "Savings", "account_balance" : 9792223.997477302, "currency" : "EURO" }, { "account_type" : "Savings", "account_balance" : 2541888.2929410744, "currency" : "POUNDS STERLING" } ] }
{ "_id" : ObjectId("603ec8b3df61cc6d1d7d6640"), "first_name" : "MICHAEL", "last_name" : "SMITH", "accounts" : [ { "account_type" : "Checking", "account_balance" : 2819063.8844904397, "currency" : "YEN" }, { "account_type" : "Checking", "account_balance" : 4131942.2529414617, "currency" : "USD" }, { "account_type" : "Investment", "account_balance" : 3782509.0311059216, "currency" : "EURO" }, { "account_type" : "Investment", "account_balance" : 6531886.9064971, "currency" : "PESO" }, { "account_type" : "Investment", "account_balance" : 2105927.920320713, "currency" : "EURO" }, { "account_type" : "Savings", "account_balance" : 4612959.380901612, "currency" : "YUAN" } ] }
{ "_id" : ObjectId("603ec8b3df61cc6d1d7d6641"), "first_name" : "JOHN", "last_name" : "SMITH", "accounts" : [ { "account_type" : "401K", "account_balance" : 9059210.226195503, "currency" : "YUAN" }, { "account_type" : "401K", "account_balance" : 5926514.06875377, "currency" : "PESO" }, { "account_type" : "Savings", "account_balance" : 8172876.597329946, "currency" : "EURO" }, { "account_type" : "Investment", "account_balance" : 4320374.732933239, "currency" : "POUNDS STERLING" }, { "account_type" : "Investment", "account_balance" : 9159979.449077135, "currency" : "EURO" }, { "account_type" : "Investment", "account_balance" : 8923437.883474918, "currency" : "USD" }, { "account_type" : "401K", "account_balance" : 3810781.9932702538, "currency" : "EURO" }, { "account_type" : "Investment", "account_balance" : 1803757.09787294, "currency" : "YEN" }, { "account_type" : "Investment", "account_balance" : 4947925.350834157, "currency" : "EURO" } ] }
{ "_id" : ObjectId("603ec8b3df61cc6d1d7d6642"), "first_name" : "RICHARD", "last_name" : "SMITH", "accounts" : [ { "account_type" : "Checking", "account_balance" : 714872.2542833243, "currency" : "EURO" }, { "account_type" : "Investment", "account_balance" : 4812651.936193353, "currency" : "YUAN" }, { "account_type" : "Investment", "account_balance" : 2862753.076585194, "currency" : "PESO" }, { "account_type" : "401K", "account_balance" : 7518653.660258865, "currency" : "EURO" }, { "account_type" : "Checking", "account_balance" : 2349544.575176711, "currency" : "YEN" }, { "account_type" : "Checking", "account_balance" : 8443090.325156216, "currency" : "YEN" }, { "account_type" : "Investment", "account_balance" : 745273.1369779429, "currency" : "PESO" }, { "account_type" : "Checking", "account_balance" : 8711574.840919748, "currency" : "POUNDS STERLING" } ] }
{ "_id" : ObjectId("603ec8b3df61cc6d1d7d6643"), "first_name" : "PAUL", "last_name" : "SMITH", "accounts" : [ { "account_type" : "Checking", "account_balance" : 936484.1221326711, "currency" : "YUAN" } ] }
{ "_id" : ObjectId("603ec8b3df61cc6d1d7d6644"), "first_name" : "JOSEPH", "last_name" : "SMITH", "accounts" : [ { "account_type" : "Savings", "account_balance" : 4622864.137518865, "currency" : "YEN" }, { "account_type" : "Savings", "account_balance" : 6580439.762613354, "currency" : "EURO" }, { "account_type" : "Investment", "account_balance" : 9045715.151562946, "currency" : "POUNDS STERLING" }, { "account_type" : "Checking", "account_balance" : 8273872.604220738, "currency" : "YUAN" }, { "account_type" : "401K", "account_balance" : 8996205.352283742, "currency" : "USD" }, { "account_type" : "401K", "account_balance" : 2691894.235052195, "currency" : "YUAN" } ] }
{ "_id" : ObjectId("603ec8b3df61cc6d1d7d6645"), "first_name" : "THOMAS", "last_name" : "SMITH", "accounts" : [ { "account_type" : "Investment", "account_balance" : 936130.4617335526, "currency" : "EURO" }, { "account_type" : "401K", "account_balance" : 4173144.9420674974, "currency" : "EURO" }, { "account_type" : "401K", "account_balance" : 8282074.554095908, "currency" : "POUNDS STERLING" }, { "account_type" : "Savings", "account_balance" : 7890796.5475060865, "currency" : "POUNDS STERLING" }, { "account_type" : "Savings", "account_balance" : 4747966.686441477, "currency" : "PESO" } ] }
{ "_id" : ObjectId("603ec8b3df61cc6d1d7d6646"), "first_name" : "DONALD", "last_name" : "SMITH", "accounts" : [ { "account_type" : "Savings", "account_balance" : 9075817.291616874, "currency" : "YUAN" }, { "account_type" : "401K", "account_balance" : 3447555.7155175945, "currency" : "POUNDS STERLING" } ] }
{ "_id" : ObjectId("603ec8b3df61cc6d1d7d6647"), "first_name" : "KENNETH", "last_name" : "SMITH", "accounts" : [ { "account_type" : "Investment", "account_balance" : 8984765.638846941, "currency" : "YEN" } ] }
{ "_id" : ObjectId("603ec8b3df61cc6d1d7d6648"), "first_name" : "GEORGE", "last_name" : "SMITH", "accounts" : [ { "account_type" : "Checking", "account_balance" : 7510049.716676093, "currency" : "PESO" }, { "account_type" : "Investment", "account_balance" : 8978088.436168617, "currency" : "USD" }, { "account_type" : "401K", "account_balance" : 3536582.866462197, "currency" : "YEN" }, { "account_type" : "Checking", "account_balance" : 4390095.46173461, "currency" : "USD" } ] }
{ "_id" : ObjectId("603ec8b3df61cc6d1d7d6649"), "first_name" : "DANIEL", "last_name" : "SMITH", "accounts" : [ { "account_type" : "401K", "account_balance" : 8382349.386766551, "currency" : "PESO" }, { "account_type" : "Savings", "account_balance" : 6605864.850059703, "currency" : "YUAN" }, { "account_type" : "Savings", "account_balance" : 3849188.922156063, "currency" : "YEN" }, { "account_type" : "401K", "account_balance" : 4040933.2733676303, "currency" : "YUAN" }, { "account_type" : "Savings", "account_balance" : 6169503.517499695, "currency" : "YUAN" }, { "account_type" : "401K", "account_balance" : 7641660.104955465, "currency" : "EURO" }, { "account_type" : "Checking", "account_balance" : 6103871.976585753, "currency" : "YEN" }, { "account_type" : "401K", "account_balance" : 5707269.0824853135, "currency" : "YEN" } ] }
{ "_id" : ObjectId("603ec8b3df61cc6d1d7d664a"), "first_name" : "JAMES", "last_name" : "SMITH", "accounts" : [ { "account_type" : "Savings", "account_balance" : 8995952.153640702, "currency" : "PESO" }, { "account_type" : "Checking", "account_balance" : 3901436.5580737568, "currency" : "USD" } ] }
{ "_id" : ObjectId("603ec8b3df61cc6d1d7d664b"), "first_name" : "CHRISTOPHER", "last_name" : "SMITH", "accounts" : [ { "account_type" : "Savings", "account_balance" : 1870338.5807330757, "currency" : "POUNDS STERLING" }, { "account_type" : "Checking", "account_balance" : 5098043.412530517, "currency" : "POUNDS STERLING" }, { "account_type" : "Checking", "account_balance" : 3042158.5783834355, "currency" : "YEN" }, { "account_type" : "Investment", "account_balance" : 2721431.0181220435, "currency" : "PESO" }, { "account_type" : "Savings", "account_balance" : 2135388.570106006, "currency" : "USD" }, { "account_type" : "Savings", "account_balance" : 2416831.8654360515, "currency" : "PESO" }, { "account_type" : "Savings", "account_balance" : 405349.36727577704, "currency" : "POUNDS STERLING" }, { "account_type" : "Investment", "account_balance" : 6140519.315997784, "currency" : "YEN" } ] }
{ "_id" : ObjectId("603ec8b3df61cc6d1d7d664c"), "first_name" : "MARK", "last_name" : "SMITH", "accounts" : [ { "account_type" : "Savings", "account_balance" : 521640.39247602574, "currency" : "USD" }, { "account_type" : "Investment", "account_balance" : 9896058.025694223, "currency" : "POUNDS STERLING" }, { "account_type" : "Savings", "account_balance" : 6326316.032295041, "currency" : "POUNDS STERLING" }, { "account_type" : "Investment", "account_balance" : 752161.7102783576, "currency" : "PESO" }, { "account_type" : "Checking", "account_balance" : 496816.2525023853, "currency" : "USD" }, { "account_type" : "Checking", "account_balance" : 7791969.069134079, "currency" : "EURO" }, { "account_type" : "Checking", "account_balance" : 8401384.260885552, "currency" : "POUNDS STERLING" } ] }
{ "_id" : ObjectId("603ec8b3df61cc6d1d7d664d"), "first_name" : "ROBERT", "last_name" : "SMITH", "accounts" : [ { "account_type" : "Investment", "account_balance" : 3465277.443564153, "currency" : "PESO" }, { "account_type" : "401K", "account_balance" : 6001520.415853325, "currency" : "USD" }, { "account_type" : "Investment", "account_balance" : 1739276.2966888128, "currency" : "USD" }, { "account_type" : "Checking", "account_balance" : 7704684.832334223, "currency" : "YUAN" } ] }
{ "_id" : ObjectId("603ec8b3df61cc6d1d7d664e"), "first_name" : "BRIAN", "last_name" : "SMITH", "accounts" : [ { "account_type" : "401K", "account_balance" : 149839.10500178766, "currency" : "PESO" } ] }
{ "_id" : ObjectId("603ec8b3df61cc6d1d7d664f"), "first_name" : "STEVEN", "last_name" : "SMITH", "accounts" : [ { "account_type" : "Investment", "account_balance" : 7606194.17605087, "currency" : "EURO" }, { "account_type" : "Investment", "account_balance" : 2099711.775821766, "currency" : "EURO" }, { "account_type" : "Investment", "account_balance" : 2961011.973269031, "currency" : "YUAN" }, { "account_type" : "Savings", "account_balance" : 5830306.873168334, "currency" : "USD" }, { "account_type" : "401K", "account_balance" : 1542091.8696738125, "currency" : "EURO" } ] }
{ "_id" : ObjectId("603ec8b3df61cc6d1d7d6650"), "first_name" : "KEVIN", "last_name" : "SMITH", "accounts" : [ { "account_type" : "Savings", "account_balance" : 3309735.6787135843, "currency" : "YEN" }, { "account_type" : "Investment", "account_balance" : 5631912.288049201, "currency" : "EURO" }, { "account_type" : "Investment", "account_balance" : 7381293.096057707, "currency" : "YUAN" }, { "account_type" : "401K", "account_balance" : 6173279.399191128, "currency" : "POUNDS STERLING" } ] }
Type "it" for more
94 test>
95 test>
96 test>
97 test>
98 test>
99 test> use one
switched to db one
100 one> ne.presidents.find().pretty()
uncaught exception: ReferenceError: ne is not defined :
@(shell):1:1
101 one> db.presidents.find().pretty()
{
        "_id" : ObjectId("603bc8d8a951970cb8c5b2a2"),
        "name" : "Barack Hussein Obama",
        "year" : "2014"
}
{
        "_id" : ObjectId("603bc8d8a951970cb8c5b2a3"),
        "name" : "Donald Trump",
        "year" : "2017"
}
{ "_id" : ObjectId("603bc8d8a951970cb8c5b2a4"), "vp" : "Kamala Harris" }
{
        "_id" : ObjectId("60403329d598dcb7996f6979"),
        "name" : "Bill Clinton",
        "year" : 2008
}
{
        "_id" : ObjectId("60403329d598dcb7996f697a"),
        "name" : "George Bush",
        "year" : 2000
}
{
        "_id" : ObjectId("604035a5d598dcb7996f697b"),
        "name" : "Heorge Bush",
        "year" : 2000
}
102 one> db.presidents.updateOne({_id: ObjectId("603bc8d8a951970cb8c5b2a4")}, {$set: {name: 'Joe Biden'}})
{ "acknowledged" : true, "matchedCount" : 1, "modifiedCount" : 1 }
103 one> db.presidents.find().pretty()
{
        "_id" : ObjectId("603bc8d8a951970cb8c5b2a2"),
        "name" : "Barack Hussein Obama",
        "year" : "2014"
}
{
        "_id" : ObjectId("603bc8d8a951970cb8c5b2a3"),
        "name" : "Donald Trump",
        "year" : "2017"
}
{
        "_id" : ObjectId("603bc8d8a951970cb8c5b2a4"),
        "vp" : "Kamala Harris",
        "name" : "Joe Biden"
}
{
        "_id" : ObjectId("60403329d598dcb7996f6979"),
        "name" : "Bill Clinton",
        "year" : 2008
}
{
        "_id" : ObjectId("60403329d598dcb7996f697a"),
        "name" : "George Bush",
        "year" : 2000
}
{
        "_id" : ObjectId("604035a5d598dcb7996f697b"),
        "name" : "Heorge Bush",
        "year" : 2000
}
104 one> db.presidents.updateOne({_id: ObjectId("603bc8d8a951970cb8c5b2a4")}, {$set: {year: '2021'}})
{ "acknowledged" : true, "matchedCount" : 1, "modifiedCount" : 1 }
105 one>
106 one>
107 one> db.people.insertMany([{name: 'Bob', age: 50}, {name: 'Joe', age: 35}])
{
        "acknowledged" : true,
        "insertedIds" : [
                ObjectId("604039d1d598dcb7996f6990"),
                ObjectId("604039d1d598dcb7996f6991")
        ]
}
108 one> db.people.find().pretty()
{ "_id" : ObjectId("604039d1d598dcb7996f6990"), "name" : "Bob", "age" : 50 }
{ "_id" : ObjectId("604039d1d598dcb7996f6991"), "name" : "Joe", "age" : 35 }
109 one> db.people.updateMany({}, {$inc: {age: 1}})
{ "acknowledged" : true, "matchedCount" : 2, "modifiedCount" : 2 }
110 one> db.people.find().pretty()
{ "_id" : ObjectId("604039d1d598dcb7996f6990"), "name" : "Bob", "age" : 51 }
{ "_id" : ObjectId("604039d1d598dcb7996f6991"), "name" : "Joe", "age" : 36 }
111 one> db.people.updateMany({}, {$inc: {age: -1}})
{ "acknowledged" : true, "matchedCount" : 2, "modifiedCount" : 2 }
112 one> db.people.find().pretty()
{ "_id" : ObjectId("604039d1d598dcb7996f6990"), "name" : "Bob", "age" : 50 }
{ "_id" : ObjectId("604039d1d598dcb7996f6991"), "name" : "Joe", "age" : 35 }
113 one> db.people.updateMany({}, {$set: {position: "Software Engineer", salary: 900000}})
{ "acknowledged" : true, "matchedCount" : 2, "modifiedCount" : 2 }
114 one> db.people.find().pretty()
{
        "_id" : ObjectId("604039d1d598dcb7996f6990"),
        "name" : "Bob",
        "age" : 50,
        "position" : "Software Engineer",
        "salary" : 900000
}
{
        "_id" : ObjectId("604039d1d598dcb7996f6991"),
        "name" : "Joe",
        "age" : 35,
        "position" : "Software Engineer",
        "salary" : 900000
}
115 one> db.people.insertMany([{name: 'Bob', age: 50, position: 'Manager', salary: 100000}])
{
        "acknowledged" : true,
        "insertedIds" : [
                ObjectId("60403a87d598dcb7996f6992")
        ]
}
116 one> db.people.find().pretty()
{
        "_id" : ObjectId("604039d1d598dcb7996f6990"),
        "name" : "Bob",
        "age" : 50,
        "position" : "Software Engineer",
        "salary" : 900000
}
{
        "_id" : ObjectId("604039d1d598dcb7996f6991"),
        "name" : "Joe",
        "age" : 35,
        "position" : "Software Engineer",
        "salary" : 900000
}
{
        "_id" : ObjectId("60403a87d598dcb7996f6992"),
        "name" : "Bob",
        "age" : 50,
        "position" : "Manager",
        "salary" : 100000
}
117 one> db.people.updateMany({position: "Software Engineer"}, {$mul: {salary
... : 1.05}})
{ "acknowledged" : true, "matchedCount" : 2, "modifiedCount" : 2 }
118 one> db.people.find().pretty()
{
        "_id" : ObjectId("604039d1d598dcb7996f6990"),
        "name" : "Bob",
        "age" : 50,
        "position" : "Software Engineer",
        "salary" : 945000
}
{
        "_id" : ObjectId("604039d1d598dcb7996f6991"),
        "name" : "Joe",
        "age" : 35,
        "position" : "Software Engineer",
        "salary" : 945000
}
{
        "_id" : ObjectId("60403a87d598dcb7996f6992"),
        "name" : "Bob",
        "age" : 50,
        "position" : "Manager",
        "salary" : 100000
}
119 one> db.people.updateMany({position: "Software Engineer"}, {$mul: {salary : .5}})
{ "acknowledged" : true, "matchedCount" : 2, "modifiedCount" : 2 }
120 one> db.people.find().pretty()
{
        "_id" : ObjectId("604039d1d598dcb7996f6990"),
        "name" : "Bob",
        "age" : 50,
        "position" : "Software Engineer",
        "salary" : 472500
}
{
        "_id" : ObjectId("604039d1d598dcb7996f6991"),
        "name" : "Joe",
        "age" : 35,
        "position" : "Software Engineer",
        "salary" : 472500
}
{
        "_id" : ObjectId("60403a87d598dcb7996f6992"),
        "name" : "Bob",
        "age" : 50,
        "position" : "Manager",
        "salary" : 100000
}
121 one> db.people.find({}, {$gt: {salary: 50000}})
Error: error: {
        "ok" : 0,
        "errmsg" : "FieldPath field names may not start with '$'.",
        "code" : 16410,
        "codeName" : "Location16410"
}
122 one> db.people.find({salary: {$gt: 50000}})
{ "_id" : ObjectId("604039d1d598dcb7996f6990"), "name" : "Bob", "age" : 50, "position" : "Software Engineer", "salary" : 472500 }
{ "_id" : ObjectId("604039d1d598dcb7996f6991"), "name" : "Joe", "age" : 35, "position" : "Software Engineer", "salary" : 472500 }
{ "_id" : ObjectId("60403a87d598dcb7996f6992"), "name" : "Bob", "age" : 50, "position" : "Manager", "salary" : 100000 }
123 one> db.people.find({salary: {$gt: 500000}})
124 one> db.people.find({salary: {$gt: 472500}})
125 one> db.people.find({salary: {$gte: 472500}})
{ "_id" : ObjectId("604039d1d598dcb7996f6990"), "name" : "Bob", "age" : 50, "position" : "Software Engineer", "salary" : 472500 }
{ "_id" : ObjectId("604039d1d598dcb7996f6991"), "name" : "Joe", "age" : 35, "position" : "Software Engineer", "salary" : 472500 }
126 one> db.people.find({salary: {$gt: 472000}})
{ "_id" : ObjectId("604039d1d598dcb7996f6990"), "name" : "Bob", "age" : 50, "position" : "Software Engineer", "salary" : 472500 }
{ "_id" : ObjectId("604039d1d598dcb7996f6991"), "name" : "Joe", "age" : 35, "position" : "Software Engineer", "salary" : 472500 }
127 one> db.people.find({salary: {$lt: 472000}})
{ "_id" : ObjectId("60403a87d598dcb7996f6992"), "name" : "Bob", "age" : 50, "position" : "Manager", "salary" : 100000 }
128 one> db.people.find({salary: {$lte: 472500}})
{ "_id" : ObjectId("604039d1d598dcb7996f6990"), "name" : "Bob", "age" : 50, "position" : "Software Engineer", "salary" : 472500 }
{ "_id" : ObjectId("604039d1d598dcb7996f6991"), "name" : "Joe", "age" : 35, "position" : "Software Engineer", "salary" : 472500 }
{ "_id" : ObjectId("60403a87d598dcb7996f6992"), "name" : "Bob", "age" : 50, "position" : "Manager", "salary" : 100000 }
129 one> db.people.find({salary: {$lt: 472500}})
{ "_id" : ObjectId("60403a87d598dcb7996f6992"), "name" : "Bob", "age" : 50, "position" : "Manager", "salary" : 100000 }
130 one> db.people.find({salary: {$ne: 472500}})
{ "_id" : ObjectId("60403a87d598dcb7996f6992"), "name" : "Bob", "age" : 50, "position" : "Manager", "salary" : 100000 }
131 one> db.people.find({salary: {$eq: 472500}})
{ "_id" : ObjectId("604039d1d598dcb7996f6990"), "name" : "Bob", "age" : 50, "position" : "Software Engineer", "salary" : 472500 }
{ "_id" : ObjectId("604039d1d598dcb7996f6991"), "name" : "Joe", "age" : 35, "position" : "Software Engineer", "salary" : 472500 }
132 one> db.people.find({salary: 472500})
{ "_id" : ObjectId("604039d1d598dcb7996f6990"), "name" : "Bob", "age" : 50, "position" : "Software Engineer", "salary" : 472500 }
{ "_id" : ObjectId("604039d1d598dcb7996f6991"), "name" : "Joe", "age" : 35, "position" : "Software Engineer", "salary" : 472500 }
133 one> db.people.find({$and: {salary: {$ne: 472500}}, {position: {$eq: 'Software Engineer'}}})
uncaught exception: SyntaxError: expected property name, got '{' :
@(shell):1:47
134 one> db.people.find({$and: [{salary: {$ne: 472500}}, {position: {$eq: 'Software Engineer'}}]})
135 one> db.people.insertOne({name: 'Jim', position: 'Software Engineer', salary
... : 30000})
{
        "acknowledged" : true,
        "insertedId" : ObjectId("60403c8dd598dcb7996f6993")
}
136 one> db.people.find({$and: [{salary: {$ne: 472500}}, {position: {$eq: 'Software Engineer'}}]})
{ "_id" : ObjectId("60403c8dd598dcb7996f6993"), "name" : "Jim", "position" : "Software Engineer", "salary" : 30000 }
137 one> db.people.find({$or: [{salary: {$ne: 472500}}, {position: {$eq: 'Software Engineer'}}]})
{ "_id" : ObjectId("604039d1d598dcb7996f6990"), "name" : "Bob", "age" : 50, "position" : "Software Engineer", "salary" : 472500 }
{ "_id" : ObjectId("604039d1d598dcb7996f6991"), "name" : "Joe", "age" : 35, "position" : "Software Engineer", "salary" : 472500 }
{ "_id" : ObjectId("60403a87d598dcb7996f6992"), "name" : "Bob", "age" : 50, "position" : "Manager", "salary" : 100000 }
{ "_id" : ObjectId("60403c8dd598dcb7996f6993"), "name" : "Jim", "position" : "Software Engineer", "salary" : 30000 }
138 one> db.people.find({$or: [{salary: {$ne: 472500}}, {position: {$neq: 'Software Engineer'}}]})
Error: error: {
        "ok" : 0,
        "errmsg" : "unknown operator: $neq",
        "code" : 2,
        "codeName" : "BadValue"
}
139 one> db.people.find({$or: [{salary: {$ne: 472500}}, {position: {$ne: 'Software Engineer'}}]})
{ "_id" : ObjectId("60403a87d598dcb7996f6992"), "name" : "Bob", "age" : 50, "position" : "Manager", "salary" : 100000 }
{ "_id" : ObjectId("60403c8dd598dcb7996f6993"), "name" : "Jim", "position" : "Software Engineer", "salary" : 30000 }
140 one> db.people.updateMany({$set: {references: ['Kamala', 'Donald']}})
uncaught exception: TypeError: can't convert undefined to object :
DBCollection.prototype.updateMany@src/mongo/shell/crud_api.js:648:20
@(shell):1:1
141 one> db.people.updateMany({},{$set: {references: ['Kamala', 'Donald']}})
{ "acknowledged" : true, "matchedCount" : 4, "modifiedCount" : 4 }
142 one> db.people.find().pretty()
{
        "_id" : ObjectId("604039d1d598dcb7996f6990"),
        "name" : "Bob",
        "age" : 50,
        "position" : "Software Engineer",
        "salary" : 472500,
        "references" : [
                "Kamala",
                "Donald"
        ]
}
{
        "_id" : ObjectId("604039d1d598dcb7996f6991"),
        "name" : "Joe",
        "age" : 35,
        "position" : "Software Engineer",
        "salary" : 472500,
        "references" : [
                "Kamala",
                "Donald"
        ]
}
{
        "_id" : ObjectId("60403a87d598dcb7996f6992"),
        "name" : "Bob",
        "age" : 50,
        "position" : "Manager",
        "salary" : 100000,
        "references" : [
                "Kamala",
                "Donald"
        ]
}
{
        "_id" : ObjectId("60403c8dd598dcb7996f6993"),
        "name" : "Jim",
        "position" : "Software Engineer",
        "salary" : 30000,
        "references" : [
                "Kamala",
                "Donald"
        ]
}
143 one> db.people.updateMany({}, {$push: {references: 'Mario'}})
{ "acknowledged" : true, "matchedCount" : 4, "modifiedCount" : 4 }
144 one> db.people.find().pretty()
{
        "_id" : ObjectId("604039d1d598dcb7996f6990"),
        "name" : "Bob",
        "age" : 50,
        "position" : "Software Engineer",
        "salary" : 472500,
        "references" : [
                "Kamala",
                "Donald",
                "Mario"
        ]
}
{
        "_id" : ObjectId("604039d1d598dcb7996f6991"),
        "name" : "Joe",
        "age" : 35,
        "position" : "Software Engineer",
        "salary" : 472500,
        "references" : [
                "Kamala",
                "Donald",
                "Mario"
        ]
}
{
        "_id" : ObjectId("60403a87d598dcb7996f6992"),
        "name" : "Bob",
        "age" : 50,
        "position" : "Manager",
        "salary" : 100000,
        "references" : [
                "Kamala",
                "Donald",
                "Mario"
        ]
}
{
        "_id" : ObjectId("60403c8dd598dcb7996f6993"),
        "name" : "Jim",
        "position" : "Software Engineer",
        "salary" : 30000,
        "references" : [
                "Kamala",
                "Donald",
                "Mario"
        ]
}
145 one> db.people.updateMany({}, {$push: {references: ['Jack', 'Jill']}})
{ "acknowledged" : true, "matchedCount" : 4, "modifiedCount" : 4 }
146 one> db.people.find().pretty()
{
        "_id" : ObjectId("604039d1d598dcb7996f6990"),
        "name" : "Bob",
        "age" : 50,
        "position" : "Software Engineer",
        "salary" : 472500,
        "references" : [
                "Kamala",
                "Donald",
                "Mario",
                [
                        "Jack",
                        "Jill"
                ]
        ]
}
{
        "_id" : ObjectId("604039d1d598dcb7996f6991"),
        "name" : "Joe",
        "age" : 35,
        "position" : "Software Engineer",
        "salary" : 472500,
        "references" : [
                "Kamala",
                "Donald",
                "Mario",
                [
                        "Jack",
                        "Jill"
                ]
        ]
}
{
        "_id" : ObjectId("60403a87d598dcb7996f6992"),
        "name" : "Bob",
        "age" : 50,
        "position" : "Manager",
        "salary" : 100000,
        "references" : [
                "Kamala",
                "Donald",
                "Mario",
                [
                        "Jack",
                        "Jill"
                ]
        ]
}
{
        "_id" : ObjectId("60403c8dd598dcb7996f6993"),
        "name" : "Jim",
        "position" : "Software Engineer",
        "salary" : 30000,
        "references" : [
                "Kamala",
                "Donald",
                "Mario",
                [
                        "Jack",
                        "Jill"
                ]
        ]
}
147 one> db.people.updateMany({}, {$push: {references: {$each: ['Jack', 'Jill']}}})
{ "acknowledged" : true, "matchedCount" : 4, "modifiedCount" : 4 }
148 one> db.people.find().pretty()
{
        "_id" : ObjectId("604039d1d598dcb7996f6990"),
        "name" : "Bob",
        "age" : 50,
        "position" : "Software Engineer",
        "salary" : 472500,
        "references" : [
                "Kamala",
                "Donald",
                "Mario",
                [
                        "Jack",
                        "Jill"
                ],
                "Jack",
                "Jill"
        ]
}
{
        "_id" : ObjectId("604039d1d598dcb7996f6991"),
        "name" : "Joe",
        "age" : 35,
        "position" : "Software Engineer",
        "salary" : 472500,
        "references" : [
                "Kamala",
                "Donald",
                "Mario",
                [
                        "Jack",
                        "Jill"
                ],
                "Jack",
                "Jill"
        ]
}
{
        "_id" : ObjectId("60403a87d598dcb7996f6992"),
        "name" : "Bob",
        "age" : 50,
        "position" : "Manager",
        "salary" : 100000,
        "references" : [
                "Kamala",
                "Donald",
                "Mario",
                [
                        "Jack",
                        "Jill"
                ],
                "Jack",
                "Jill"
        ]
}
{
        "_id" : ObjectId("60403c8dd598dcb7996f6993"),
        "name" : "Jim",
        "position" : "Software Engineer",
        "salary" : 30000,
        "references" : [
                "Kamala",
                "Donald",
                "Mario",
                [
                        "Jack",
                        "Jill"
                ],
                "Jack",
                "Jill"
        ]
}
149 one> db.people.updateMany({}, {$pop: {references: 1}})
{ "acknowledged" : true, "matchedCount" : 4, "modifiedCount" : 4 }
150 one> db.people.find().pretty()
{
        "_id" : ObjectId("604039d1d598dcb7996f6990"),
        "name" : "Bob",
        "age" : 50,
        "position" : "Software Engineer",
        "salary" : 472500,
        "references" : [
                "Kamala",
                "Donald",
                "Mario",
                [
                        "Jack",
                        "Jill"
                ],
                "Jack"
        ]
}
{
        "_id" : ObjectId("604039d1d598dcb7996f6991"),
        "name" : "Joe",
        "age" : 35,
        "position" : "Software Engineer",
        "salary" : 472500,
        "references" : [
                "Kamala",
                "Donald",
                "Mario",
                [
                        "Jack",
                        "Jill"
                ],
                "Jack"
        ]
}
{
        "_id" : ObjectId("60403a87d598dcb7996f6992"),
        "name" : "Bob",
        "age" : 50,
        "position" : "Manager",
        "salary" : 100000,
        "references" : [
                "Kamala",
                "Donald",
                "Mario",
                [
                        "Jack",
                        "Jill"
                ],
                "Jack"
        ]
}
{
        "_id" : ObjectId("60403c8dd598dcb7996f6993"),
        "name" : "Jim",
        "position" : "Software Engineer",
        "salary" : 30000,
        "references" : [
                "Kamala",
                "Donald",
                "Mario",
                [
                        "Jack",
                        "Jill"
                ],
                "Jack"
        ]
}
151 one> db.people.updateMany({}, {$pop: {references: -1}})
{ "acknowledged" : true, "matchedCount" : 4, "modifiedCount" : 4 }
152 one> db.people.find().pretty()
{
        "_id" : ObjectId("604039d1d598dcb7996f6990"),
        "name" : "Bob",
        "age" : 50,
        "position" : "Software Engineer",
        "salary" : 472500,
        "references" : [
                "Donald",
                "Mario",
                [
                        "Jack",
                        "Jill"
                ],
                "Jack"
        ]
}
{
        "_id" : ObjectId("604039d1d598dcb7996f6991"),
        "name" : "Joe",
        "age" : 35,
        "position" : "Software Engineer",
        "salary" : 472500,
        "references" : [
                "Donald",
                "Mario",
                [
                        "Jack",
                        "Jill"
                ],
                "Jack"
        ]
}
{
        "_id" : ObjectId("60403a87d598dcb7996f6992"),
        "name" : "Bob",
        "age" : 50,
        "position" : "Manager",
        "salary" : 100000,
        "references" : [
                "Donald",
                "Mario",
                [
                        "Jack",
                        "Jill"
                ],
                "Jack"
        ]
}
{
        "_id" : ObjectId("60403c8dd598dcb7996f6993"),
        "name" : "Jim",
        "position" : "Software Engineer",
        "salary" : 30000,
        "references" : [
                "Donald",
                "Mario",
                [
                        "Jack",
                        "Jill"
                ],
                "Jack"
        ]
}
153 one> db.people.updateMany({}, {$pull: {references: 'Mario'}})
{ "acknowledged" : true, "matchedCount" : 4, "modifiedCount" : 4 }
154 one> db.people.find().pretty()
{
        "_id" : ObjectId("604039d1d598dcb7996f6990"),
        "name" : "Bob",
        "age" : 50,
        "position" : "Software Engineer",
        "salary" : 472500,
        "references" : [
                "Donald",
                [
                        "Jack",
                        "Jill"
                ],
                "Jack"
        ]
}
{
        "_id" : ObjectId("604039d1d598dcb7996f6991"),
        "name" : "Joe",
        "age" : 35,
        "position" : "Software Engineer",
        "salary" : 472500,
        "references" : [
                "Donald",
                [
                        "Jack",
                        "Jill"
                ],
                "Jack"
        ]
}
{
        "_id" : ObjectId("60403a87d598dcb7996f6992"),
        "name" : "Bob",
        "age" : 50,
        "position" : "Manager",
        "salary" : 100000,
        "references" : [
                "Donald",
                [
                        "Jack",
                        "Jill"
                ],
                "Jack"
        ]
}
{
        "_id" : ObjectId("60403c8dd598dcb7996f6993"),
        "name" : "Jim",
        "position" : "Software Engineer",
        "salary" : 30000,
        "references" : [
                "Donald",
                [
                        "Jack",
                        "Jill"
                ],
                "Jack"
        ]
}
155 one> show collections
foo
people
presidents
156 one> db.people.find().pretty()
{
        "_id" : ObjectId("604039d1d598dcb7996f6990"),
        "name" : "Bob",
        "age" : 50,
        "position" : "Software Engineer",
        "salary" : 472500,
        "references" : [
                "Donald",
                [
                        "Jack",
                        "Jill"
                ],
                "Jack"
        ]
}
{
        "_id" : ObjectId("604039d1d598dcb7996f6991"),
        "name" : "Joe",
        "age" : 35,
        "position" : "Software Engineer",
        "salary" : 472500,
        "references" : [
                "Donald",
                [
                        "Jack",
                        "Jill"
                ],
                "Jack"
        ]
}
{
        "_id" : ObjectId("60403a87d598dcb7996f6992"),
        "name" : "Bob",
        "age" : 50,
        "position" : "Manager",
        "salary" : 100000,
        "references" : [
                "Donald",
                [
                        "Jack",
                        "Jill"
                ],
                "Jack"
        ]
}
{
        "_id" : ObjectId("60403c8dd598dcb7996f6993"),
        "name" : "Jim",
        "position" : "Software Engineer",
        "salary" : 30000,
        "references" : [
                "Donald",
                [
                        "Jack",
                        "Jill"
                ],
                "Jack"
        ]
}
157 one> db.people.find({}, {name: 1, _id:0})
{ "name" : "Bob" }
{ "name" : "Joe" }
{ "name" : "Bob" }
{ "name" : "Jim" }
158 one>